Archive member included because of file (symbol)

contiki-sky.a(contiki-sky-pla)
                              obj_sky/contiki-sky-main.o (init_platform)
contiki-sky.a(button-sensor.o)
                              contiki-sky.a(contiki-sky-pla) (button_sensor)
contiki-sky.a(ds2411.o)       obj_sky/contiki-sky-main.o (ds2411_init)
contiki-sky.a(xmem.o)         obj_sky/contiki-sky-main.o (xmem_init)
contiki-sky.a(node-id.o)      obj_sky/contiki-sky-main.o (node_id_restore)
contiki-sky.a(sensors.o)      contiki-sky.a(button-sensor.o) (sensors_changed)
contiki-sky.a(cc2420.o)       obj_sky/contiki-sky-main.o (cc2420_set_pan_addr)
contiki-sky.a(cc2420-arch.o)  contiki-sky.a(cc2420.o) (cc2420_arch_init)
contiki-sky.a(uart1.o)        obj_sky/contiki-sky-main.o (uart1_active)
contiki-sky.a(uart1-putchar.o)
                              garage_node.co (putchar)
contiki-sky.a(msp430.o)       contiki-sky.a(uart1.o) (msp430_add_lpm_req)
contiki-sky.a(clock.o)        obj_sky/contiki-sky-main.o (clock_init)
contiki-sky.a(leds.o)         obj_sky/contiki-sky-main.o (leds_init)
contiki-sky.a(leds-arch.o)    contiki-sky.a(leds.o) (leds_arch_init)
contiki-sky.a(watchdog.o)     obj_sky/contiki-sky-main.o (watchdog_start)
contiki-sky.a(rtimer-arch.o)  obj_sky/contiki-sky-main.o (rtimer_arch_now)
contiki-sky.a(autostart.o)    obj_sky/contiki-sky-main.o (autostart_start)
contiki-sky.a(ctimer.o)       obj_sky/contiki-sky-main.o (ctimer_init)
contiki-sky.a(energest.o)     obj_sky/contiki-sky-main.o (energest_init)
contiki-sky.a(etimer.o)       contiki-sky.a(clock.o) (etimer_request_poll)
contiki-sky.a(process.o)      contiki-sky.a(ctimer.o) (process_current)
contiki-sky.a(rtimer.o)       obj_sky/contiki-sky-main.o (rtimer_init)
contiki-sky.a(timer.o)        obj_sky/contiki-sky-main.o (timer_set)
contiki-sky.a(serial-line.o)  obj_sky/contiki-sky-main.o (serial_line_input_byte)
contiki-sky.a(ringbuf.o)      contiki-sky.a(serial-line.o) (ringbuf_init)
contiki-sky.a(list.o)         contiki-sky.a(ctimer.o) (list_init)
contiki-sky.a(random.o)       obj_sky/contiki-sky-main.o (random_init)
contiki-sky.a(rime.o)         obj_sky/contiki-sky-main.o (rime_driver)
contiki-sky.a(broadcast-annou)
                              contiki-sky.a(rime.o) (broadcast_announcement_init)
contiki-sky.a(announcement.o)
                              contiki-sky.a(rime.o) (announcement_init)
contiki-sky.a(runicast.o)     garage_node.co (runicast_open)
contiki-sky.a(stunicast.o)    contiki-sky.a(runicast.o) (stunicast_open)
contiki-sky.a(chameleon.o)    contiki-sky.a(rime.o) (chameleon_init)
contiki-sky.a(channel.o)      contiki-sky.a(chameleon.o) (channel_init)
contiki-sky.a(broadcast.o)    garage_node.co (broadcast_open)
contiki-sky.a(unicast.o)      contiki-sky.a(stunicast.o) (unicast_open)
contiki-sky.a(abc.o)          contiki-sky.a(broadcast.o) (abc_open)
contiki-sky.a(csma.o)         obj_sky/contiki-sky-main.o (csma_driver)
contiki-sky.a(mac.o)          contiki-sky.a(csma.o) (mac_call_sent_callback)
contiki-sky.a(queuebuf.o)     contiki-sky.a(rime.o) (queuebuf_init)
contiki-sky.a(packetbuf.o)    contiki-sky.a(cc2420.o) (packetbuf_set_datalen)
contiki-sky.a(linkaddr.o)     obj_sky/contiki-sky-main.o (linkaddr_copy)
contiki-sky.a(contikimac.o)   obj_sky/contiki-sky-main.o (contikimac_driver)
contiki-sky.a(contikimac-fram)
                              contiki-sky.a(contikimac.o) (contikimac_framer)
contiki-sky.a(nullsec.o)      obj_sky/contiki-sky-main.o (nullsec_driver)
contiki-sky.a(spi.o)          contiki-sky.a(xmem.o) (spi_init)
contiki-sky.a(compower.o)     contiki-sky.a(contikimac.o) (compower_idle_activity)
contiki-sky.a(memb.o)         contiki-sky.a(csma.o) (memb_init)
contiki-sky.a(chameleon-bitop)
                              contiki-sky.a(chameleon.o) (chameleon_bitopt)
contiki-sky.a(mac-sequence.o)
                              contiki-sky.a(contikimac.o) (mac_sequence_is_duplicate)
contiki-sky.a(framer-802154.o)
                              contiki-sky.a(contikimac-fram) (framer_802154)
contiki-sky.a(frame802154.o)  contiki-sky.a(framer-802154.o) (frame802154_get_pan_id)
/usr/local/bin/../lib/gcc/msp430/4.7.2/mmpy-16/libgcc.a(_mulsi3.o)
                              contiki-sky.a(csma.o) (__mulsi3)
/usr/local/bin/../lib/gcc/msp430/4.7.2/mmpy-16/libgcc.a(_udivmod32.o)
                              obj_sky/contiki-sky-main.o (__udivsi3)
/usr/local/bin/../lib/gcc/msp430/4.7.2/../../../../msp430/lib/mmpy-16/libc.a(atoi.o)
                              garage_node.co (atoi)
/usr/local/bin/../lib/gcc/msp430/4.7.2/../../../../msp430/lib/mmpy-16/libc.a(printf.o)
                              garage_node.co (printf)
/usr/local/bin/../lib/gcc/msp430/4.7.2/../../../../msp430/lib/mmpy-16/libc.a(sprintf.o)
                              garage_node.co (sprintf)
/usr/local/bin/../lib/gcc/msp430/4.7.2/../../../../msp430/lib/mmpy-16/libc.a(vuprintf.o)
[...]
Memory Configuration

Name             Origin             Length             Attributes
sfr              0x00000000         0x00000010
peripheral_8bit  0x00000010         0x000000f0
peripheral_16bit 0x00000100         0x00000100
ram_mirror       0x00000200         0x00000800         xw
infomem          0x00001000         0x00000100
infob            0x00001000         0x00000080
infoa            0x00001080         0x00000080
ram              0x00001100         0x00002800         xw
rom              0x00004000         0x0000bfe0         xr
vectors          0x0000ffe0         0x00000020
bsl              0x00000000         0x00000000
infoc            0x00000000         0x00000000
infod            0x00000000         0x00000000
ram2             0x00000000         0x00000000         xw
usbram           0x00000000         0x00000000         xw
far_rom          0x00000000         0x00000000
*default*        0x00000000         0xffffffff

Linker script and memory map

LOAD /usr/local/bin/../lib/gcc/msp430/4.7.2/mmpy-16/crt0ivtbl16.o
LOAD garage_node.co
LOAD obj_sky/contiki-sky-main.o
LOAD contiki-sky.a
LOAD /usr/local/bin/../lib/gcc/msp430/4.7.2/mmpy-16/libgcc.a
LOAD /usr/local/bin/../lib/gcc/msp430/4.7.2/../../../../msp430/lib/mmpy-16/libc.a
LOAD /usr/local/bin/../lib/gcc/msp430/4.7.2/mmpy-16/libgcc.a
LOAD /usr/local/bin/../lib/gcc/msp430/4.7.2/mmpy-16/libcrt0.a
                0x00000080                PROVIDE (__info_segment_size, 0x80)
                0x00001000                PROVIDE (__infob, 0x1000)
                0x00001080                PROVIDE (__infoa, 0x1080)
                0x00000000                __IE1 = 0x0
                0x00000002                __IFG1 = 0x2
                0x00000004                __ME1 = 0x4
                0x00000001                __IE2 = 0x1
                0x00000003                __IFG2 = 0x3
                0x00000005                __ME2 = 0x5
                0x00000120                __WDTCTL = 0x120
                0x00000130                __MPY = 0x130
                0x00000132                __MPYS = 0x132
                0x00000134                __MAC = 0x134
                0x00000136                __MACS = 0x136
                0x00000138                __OP2 = 0x138
                0x0000013a                __RESLO = 0x13a
                0x0000013c                __RESHI = 0x13c
                0x0000013e                __SUMEXT = 0x13e
                0x00000020                __P1IN = 0x20
                0x00000021                __P1OUT = 0x21
                0x00000022                __P1DIR = 0x22
                0x00000023                __P1IFG = 0x23
                0x00000024                __P1IES = 0x24
                0x00000025                __P1IE = 0x25
                0x00000026                __P1SEL = 0x26
                0x00000028                __P2IN = 0x28
                0x00000029                __P2OUT = 0x29
                0x0000002a                __P2DIR = 0x2a
                0x0000002b                __P2IFG = 0x2b
                0x0000002c                __P2IES = 0x2c
                0x0000002d                __P2IE = 0x2d
                0x0000002e                __P2SEL = 0x2e
                0x00000018                __P3IN = 0x18
                0x00000019                __P3OUT = 0x19
                0x0000001a                __P3DIR = 0x1a
                0x0000001b                __P3SEL = 0x1b
                0x0000001c                __P4IN = 0x1c
                0x0000001d                __P4OUT = 0x1d
                0x0000001e                __P4DIR = 0x1e
                0x0000001f                __P4SEL = 0x1f
                0x00000030                __P5IN = 0x30
                0x00000031                __P5OUT = 0x31
                0x00000032                __P5DIR = 0x32
                0x00000033                __P5SEL = 0x33
                0x00000034                __P6IN = 0x34
                0x00000035                __P6OUT = 0x35
                0x00000036                __P6DIR = 0x36
                0x00000037                __P6SEL = 0x37
                0x00000070                __U0CTL = 0x70
                0x00000071                __U0TCTL = 0x71
                0x00000072                __U0RCTL = 0x72
                0x00000073                __U0MCTL = 0x73
                0x00000074                __U0BR0 = 0x74
                0x00000075                __U0BR1 = 0x75
                0x00000076                __U0RXBUF = 0x76
                0x00000077                __U0TXBUF = 0x77
                0x00000078                __U1CTL = 0x78
                0x00000079                __U1TCTL = 0x79
                0x0000007a                __U1RCTL = 0x7a
                0x0000007b                __U1MCTL = 0x7b
                0x0000007c                __U1BR0 = 0x7c
                0x0000007d                __U1BR1 = 0x7d
                0x0000007e                __U1RXBUF = 0x7e
                0x0000007f                __U1TXBUF = 0x7f
                0x00000050                __I2CIE = 0x50
                0x00000051                __I2CIFG = 0x51
                0x00000052                __I2CNDAT = 0x52
                0x00000071                __I2CTCTL = 0x71
                0x00000072                __I2CDCTL = 0x72
                0x00000073                __I2CPSC = 0x73
                0x00000074                __I2CSCLH = 0x74
                0x00000075                __I2CSCLL = 0x75
                0x00000076                __I2CDRB = 0x76
                0x00000076                __I2CDRW = 0x76
                0x00000118                __I2COA = 0x118
                0x0000011a                __I2CSA = 0x11a
                0x0000011c                __I2CIV = 0x11c
                0x0000012e                __TAIV = 0x12e
                0x00000160                __TACTL = 0x160
                0x00000162                __TACCTL0 = 0x162
                0x00000164                __TACCTL1 = 0x164
                0x00000166                __TACCTL2 = 0x166
                0x00000170                __TAR = 0x170
                0x00000172                __TACCR0 = 0x172
                0x00000174                __TACCR1 = 0x174
                0x00000176                __TACCR2 = 0x176
                0x0000011e                __TBIV = 0x11e
                0x00000180                __TBCTL = 0x180
                0x00000182                __TBCCTL0 = 0x182
                0x00000184                __TBCCTL1 = 0x184
                0x00000186                __TBCCTL2 = 0x186
                0x00000188                __TBCCTL3 = 0x188
                0x0000018a                __TBCCTL4 = 0x18a
                0x0000018c                __TBCCTL5 = 0x18c
                0x0000018e                __TBCCTL6 = 0x18e
                0x00000190                __TBR = 0x190
                0x00000192                __TBCCR0 = 0x192
                0x00000194                __TBCCR1 = 0x194
                0x00000196                __TBCCR2 = 0x196
                0x00000198                __TBCCR3 = 0x198
                0x0000019a                __TBCCR4 = 0x19a
                0x0000019c                __TBCCR5 = 0x19c
                0x0000019e                __TBCCR6 = 0x19e
                0x00000056                __DCOCTL = 0x56
                0x00000057                __BCSCTL1 = 0x57
                0x00000058                __BCSCTL2 = 0x58
                0x00000055                __SVSCTL = 0x55
                0x00000128                __FCTL1 = 0x128
                0x0000012a                __FCTL2 = 0x12a
                0x0000012c                __FCTL3 = 0x12c
                0x00000059                __CACTL1 = 0x59
                0x0000005a                __CACTL2 = 0x5a
                0x0000005b                __CAPD = 0x5b
                0x000001a0                __ADC12CTL0 = 0x1a0
                0x000001a2                __ADC12CTL1 = 0x1a2
                0x000001a4                __ADC12IFG = 0x1a4
                0x000001a6                __ADC12IE = 0x1a6
                0x000001a8                __ADC12IV = 0x1a8
                0x00000140                __ADC12MEM0 = 0x140
                0x00000142                __ADC12MEM1 = 0x142
                0x00000144                __ADC12MEM2 = 0x144
                0x00000146                __ADC12MEM3 = 0x146
                0x00000148                __ADC12MEM4 = 0x148
                0x0000014a                __ADC12MEM5 = 0x14a
                0x0000014c                __ADC12MEM6 = 0x14c
                0x0000014e                __ADC12MEM7 = 0x14e
                0x00000150                __ADC12MEM8 = 0x150
                0x00000152                __ADC12MEM9 = 0x152
                0x00000154                __ADC12MEM10 = 0x154
                0x00000156                __ADC12MEM11 = 0x156
                0x00000158                __ADC12MEM12 = 0x158
                0x0000015a                __ADC12MEM13 = 0x15a
                0x0000015c                __ADC12MEM14 = 0x15c
                0x0000015e                __ADC12MEM15 = 0x15e
                0x00000080                __ADC12MCTL0 = 0x80
                0x00000081                __ADC12MCTL1 = 0x81
                0x00000082                __ADC12MCTL2 = 0x82
                0x00000083                __ADC12MCTL3 = 0x83
                0x00000084                __ADC12MCTL4 = 0x84
                0x00000085                __ADC12MCTL5 = 0x85
                0x00000086                __ADC12MCTL6 = 0x86
                0x00000087                __ADC12MCTL7 = 0x87
                0x00000088                __ADC12MCTL8 = 0x88
                0x00000089                __ADC12MCTL9 = 0x89
                0x0000008a                __ADC12MCTL10 = 0x8a
                0x0000008b                __ADC12MCTL11 = 0x8b
                0x0000008c                __ADC12MCTL12 = 0x8c
                0x0000008d                __ADC12MCTL13 = 0x8d
                0x0000008e                __ADC12MCTL14 = 0x8e
                0x0000008f                __ADC12MCTL15 = 0x8f
                0x000001c0                __DAC12_0CTL = 0x1c0
                0x000001c2                __DAC12_1CTL = 0x1c2
                0x000001c8                __DAC12_0DAT = 0x1c8
                0x000001ca                __DAC12_1DAT = 0x1ca
                0x00000122                __DMACTL0 = 0x122
                0x00000124                __DMACTL1 = 0x124
                0x000001e0                __DMA0CTL = 0x1e0
                0x000001e8                __DMA1CTL = 0x1e8
                0x000001f0                __DMA2CTL = 0x1f0
                0x000001e2                __DMA0SA = 0x1e2
                0x000001e4                __DMA0DA = 0x1e4
                0x000001e6                __DMA0SZ = 0x1e6
                0x000001ea                __DMA1SA = 0x1ea
                0x000001ec                __DMA1DA = 0x1ec
                0x000001ee                __DMA1SZ = 0x1ee
                0x000001f2                __DMA2SA = 0x1f2
                0x000001f4                __DMA2DA = 0x1f4
                0x000001f6                __DMA2SZ = 0x1f6

.hash
 *(.hash)

.dynsym
 *(.dynsym)

.dynstr
 *(.dynstr)

.gnu.version
 *(.gnu.version)

.gnu.version_d
 *(.gnu.version_d)

.gnu.version_r
 *(.gnu.version_r)

.rel.init
 *(.rel.init)

.rela.init
 *(.rela.init)

.rel.fini
 *(.rel.fini)

.rela.fini
 *(.rela.fini)

.rel.text
 *(.rel.text .rel.text.* .rel.gnu.linkonce.t.*)

.rela.text
 *(.rela.text .rela.text.* .rela.gnu.linkonce.t.*)

.rel.rodata
 *(.rel.rodata .rel.rodata.* .rel.gnu.linkonce.r.*)

.rela.rodata
 *(.rela.rodata .rela.rodata.* .rela.gnu.linkonce.r.*)

.rel.data
 *(.rel.data .rel.data.* .rel.gnu.linkonce.d.*)

.rela.data
 *(.rela.data .rela.data.* .rela.gnu.linkonce.d.*)

.rel.bss
 *(.rel.bss .rel.bss.* .rel.gnu.linkonce.b.*)

.rela.bss
 *(.rela.bss .rela.bss.* .rela.gnu.linkonce.b.*)

.rel.ctors
 *(.rel.ctors)

.rela.ctors
 *(.rela.ctors)

.rel.dtors
 *(.rel.dtors)

.rela.dtors
 *(.rela.dtors)

.rel.got
 *(.rel.got)

.rela.got
 *(.rela.got)

.rel.plt
 *(.rel.plt)

.rela.plt
 *(.rela.plt)

.text           0x00004000     0x58bc
                0x00004000                . = ALIGN (0x2)
 *(.init .init.*)
 *(.init0)
 .init0         0x00004000        0x0 /usr/local/bin/../lib/gcc/msp430/4.7.2/mmpy-16/libcrt0.a(_reset_vector__.o)
                0x00004000                _reset_vector__
 *(.init1)
 .init1         0x00004000        0xc /usr/local/bin/../lib/gcc/msp430/4.7.2/mmpy-16/libcrt0.a(__watchdog_support.o)
                0x00004000                __watchdog_support
 *(.init2)
 .init2         0x0000400c        0x4 /usr/local/bin/../lib/gcc/msp430/4.7.2/mmpy-16/libcrt0.a(__init_stack.o)
                0x0000400c                __init_stack
 *(.init3)
 .init3         0x00004010        0x0 /usr/local/bin/../lib/gcc/msp430/4.7.2/mmpy-16/libcrt0.a(__low_level_init.o)
                0x00004010                __low_level_init
 *(.init4)
 .init4         0x00004010       0x18 /usr/local/bin/../lib/gcc/msp430/4.7.2/mmpy-16/libcrt0.a(_copy_data.o)
                0x00004010                __do_copy_data
 .init4         0x00004028       0x16 /usr/local/bin/../lib/gcc/msp430/4.7.2/mmpy-16/libcrt0.a(_clear_bss.o)
                0x00004028                __do_clear_bss
 *(.init5)
 *(.init6)
 *(.init7)
 *(.init8)
 *(.init9)
 .init9         0x0000403e      0x2d8 obj_sky/contiki-sky-main.o
                0x0000403e                main
 *(.fini9)
 .fini9         0x00004316        0x0 /usr/local/bin/../lib/gcc/msp430/4.7.2/mmpy-16/libcrt0.a(__stop_progExec__.o)
                0x00004316                __stop_progExec__
 *(.fini8)
 *(.fini7)
 *(.fini6)
 *(.fini5)
 *(.fini4)
 *(.fini3)
 *(.fini2)
 *(.fini1)
 *(.fini0)
 .fini0         0x00004316        0x6 /usr/local/bin/../lib/gcc/msp430/4.7.2/mmpy-16/libcrt0.a(_endless_loop__.o)
                0x00004316                _endless_loop__
 *(.fini .fini.*)
                0x0000431c                . = ALIGN (0x2)
                0x0000431c                __ctors_start = .
 *(.ctors)
                0x0000431c                __ctors_end = .
                0x0000431c                __dtors_start = .
 *(.dtors)
                0x0000431c                __dtors_end = .
                0x0000431c                . = ALIGN (0x2)
 *(.text .text.* .gnu.linkonce.t.*)
 .text          0x0000431c        0x4 /usr/local/bin/../lib/gcc/msp430/4.7.2/mmpy-16/crt0ivtbl16.o
                0x0000431c                __isr_14
                0x0000431c                __isr_11
                0x0000431c                __isr_2
                0x0000431c                __isr_7
                0x0000431c                __isr_0
                0x0000431c                __isr_8
                0x0000431c                __isr_3
                0x0000431c                __isr_12
                0x0000431c                __isr_13
                0x0000431c                __isr_9
 .text.broadcast_sent
                0x00004320        0x2 garage_node.co
 .text.sent_runicast
                0x00004322        0x2 garage_node.co
 .text.timedout_runicast
                0x00004324        0x2 garage_node.co
 .text.process_thread_garage_node_timer_process
                0x00004326       0x82 garage_node.co
 .text.process_thread_garage_node_alarm_blink_process
                0x000043a8       0x64 garage_node.co
 .text.recv_runicast
                0x0000440c       0x26 garage_node.co
 .text.broadcast_recv
                0x00004432       0x20 garage_node.co
 .text.open_garage
                0x00004452        0xe garage_node.co
                0x00004452                open_garage
 .text.close_garage
                0x00004460        0xe garage_node.co
                0x00004460                close_garage
 .text.home_status_init
                0x0000446e       0x1e garage_node.co
                0x0000446e                home_status_init
 .text.restore_status
                0x0000448c       0x42 garage_node.co
                0x0000448c                restore_status
 .text.r_send   0x000044ce       0x52 garage_node.co
                0x000044ce                r_send
 .text.process_thread_garage_node_main_process
                0x00004520      0x2d4 garage_node.co
 .text.init_platform
                0x000047f4        0xc contiki-sky.a(contiki-sky-pla)
                0x000047f4                init_platform
 .text.status   0x00004800       0x18 contiki-sky.a(button-sensor.o)
 .text.value    0x00004818       0x20 contiki-sky.a(button-sensor.o)
 .text.configure
                0x00004838       0x4c contiki-sky.a(button-sensor.o)
 .text.irq_p2   0x00004884       0x88 contiki-sky.a(button-sensor.o)
                0x00004884                irq_p2
                0x00004884                __isr_1
 .text.owreadb  0x0000490c       0x50 contiki-sky.a(ds2411.o)
 .text.ds2411_init
                0x0000495c      0x120 contiki-sky.a(ds2411.o)
                0x0000495c                ds2411_init
 .text.wait_ready
                0x00004a7c       0x4a contiki-sky.a(xmem.o)
 .text.xmem_init
                0x00004ac6       0x3c contiki-sky.a(xmem.o)
                0x00004ac6                xmem_init
 .text.xmem_pread
                0x00004b02       0xda contiki-sky.a(xmem.o)
                0x00004b02                xmem_pread
 .text.node_id_restore
                0x00004bdc       0x38 contiki-sky.a(node-id.o)
                0x00004bdc                node_id_restore
 .text.process_thread_sensors_process
                0x00004c14       0xc2 contiki-sky.a(sensors.o)
 .text.sensors_changed
                0x00004cd6       0x2a contiki-sky.a(sensors.o)
                0x00004cd6                sensors_changed
 .text.get_object
                0x00004d00        0x4 contiki-sky.a(cc2420.o)
 .text.set_object
                0x00004d04        0x4 contiki-sky.a(cc2420.o)
 .text.strobe   0x00004d08       0x1c contiki-sky.a(cc2420.o)
 .text.getreg   0x00004d24       0x4c contiki-sky.a(cc2420.o)
 .text.setreg   0x00004d70       0x4c contiki-sky.a(cc2420.o)
 .text.write_ram
                0x00004dbc       0x7c contiki-sky.a(cc2420.o)
 .text.write_fifo_buf
                0x00004e38       0x3c contiki-sky.a(cc2420.o)
 .text.get_status
                0x00004e74       0x20 contiki-sky.a(cc2420.o)
 .text.set_txpower
                0x00004e94       0x24 contiki-sky.a(cc2420.o)
 .text.cc2420_receiving_packet
                0x00004eb8        0xc contiki-sky.a(cc2420.o)
 .text.pending_packet
                0x00004ec4        0x8 contiki-sky.a(cc2420.o)
 .text.on       0x00004ecc       0x26 contiki-sky.a(cc2420.o)
 .text.wait_for_transmission
                0x00004ef2       0x22 contiki-sky.a(cc2420.o)
 .text.wait_for_status
                0x00004f14       0x28 contiki-sky.a(cc2420.o)
 .text.getrxdata
                0x00004f3c       0x50 contiki-sky.a(cc2420.o)
 .text.flushrx  0x00004f8c       0x1a contiki-sky.a(cc2420.o)
 .text.off      0x00004fa6       0x5e contiki-sky.a(cc2420.o)
 .text.RELEASE_LOCK
                0x00005004       0x28 contiki-sky.a(cc2420.o)
 .text.set_key  0x0000502c       0x18 contiki-sky.a(cc2420.o)
 .text.set_frame_filtering
                0x00005044       0x30 contiki-sky.a(cc2420.o)
 .text.set_auto_ack
                0x00005074       0x30 contiki-sky.a(cc2420.o)
 .text.set_poll_mode
                0x000050a4       0x2c contiki-sky.a(cc2420.o)
 .text.cc2420_prepare
                0x000050d0       0x3c contiki-sky.a(cc2420.o)
 .text.cc2420_on
                0x0000510c       0x22 contiki-sky.a(cc2420.o)
                0x0000510c                cc2420_on
 .text.cc2420_off
                0x0000512e       0x30 contiki-sky.a(cc2420.o)
                0x0000512e                cc2420_off
 .text.cc2420_cca
                0x0000515e       0x68 contiki-sky.a(cc2420.o)
 .text.cc2420_read
                0x000051c6       0xbc contiki-sky.a(cc2420.o)
 .text.process_thread_cc2420_process
                0x00005282       0x5c contiki-sky.a(cc2420.o)
 .text.encrypt  0x000052de       0x88 contiki-sky.a(cc2420.o)
 .text.cc2420_set_channel
                0x00005366       0x3c contiki-sky.a(cc2420.o)
                0x00005366                cc2420_set_channel
 .text.cc2420_set_pan_addr
                0x000053a2       0x4c contiki-sky.a(cc2420.o)
                0x000053a2                cc2420_set_pan_addr
 .text.cc2420_interrupt
                0x000053ee       0x16 contiki-sky.a(cc2420.o)
                0x000053ee                cc2420_interrupt
 .text.cc2420_set_txpower
                0x00005404        0xe contiki-sky.a(cc2420.o)
                0x00005404                cc2420_set_txpower
 .text.cc2420_get_txpower
                0x00005412       0x1e contiki-sky.a(cc2420.o)
                0x00005412                cc2420_get_txpower
 .text.cc2420_transmit
                0x00005430      0x136 contiki-sky.a(cc2420.o)
 .text.cc2420_send
                0x00005566       0x12 contiki-sky.a(cc2420.o)
 .text.cc2420_rssi
                0x00005578       0x4c contiki-sky.a(cc2420.o)
                0x00005578                cc2420_rssi
 .text.get_value
                0x000055c4      0x104 contiki-sky.a(cc2420.o)
 .text.cc2420_set_cca_threshold
                0x000056c8       0x16 contiki-sky.a(cc2420.o)
                0x000056c8                cc2420_set_cca_threshold
 .text.set_value
                0x000056de       0xb8 contiki-sky.a(cc2420.o)
 .text.cc2420_init
                0x00005796       0xea contiki-sky.a(cc2420.o)
                0x00005796                cc2420_init
 .text.cc2420_port1_interrupt
                0x00005880       0x62 contiki-sky.a(cc2420-arch.o)
                0x00005880                __isr_4
                0x00005880                cc2420_port1_interrupt
 .text.cc2420_arch_init
                0x000058e2       0x1a contiki-sky.a(cc2420-arch.o)
                0x000058e2                cc2420_arch_init
 .text.handle_rxdma_timer
                0x000058fc       0x3a contiki-sky.a(uart1.o)
 .text.uart1_active
                0x00005936       0x18 contiki-sky.a(uart1.o)
                0x00005936                uart1_active
 .text.uart1_set_input
                0x0000594e       0x20 contiki-sky.a(uart1.o)
                0x0000594e                uart1_set_input
 .text.uart1_writeb
                0x0000596e       0x18 contiki-sky.a(uart1.o)
                0x0000596e                uart1_writeb
 .text.uart1_init
                0x00005986       0xf4 contiki-sky.a(uart1.o)
                0x00005986                uart1_init
 .text.putchar  0x00005a7a       0x10 contiki-sky.a(uart1-putchar.o)
                0x00005a7a                putchar
 .text.msp430_init_dco
                0x00005a8a       0x82 contiki-sky.a(msp430.o)
                0x00005a8a                msp430_init_dco
 .text.msp430_add_lpm_req
                0x00005b0c        0xc contiki-sky.a(msp430.o)
                0x00005b0c                msp430_add_lpm_req
 .text.msp430_cpu_init
                0x00005b18       0x2a contiki-sky.a(msp430.o)
                0x00005b18                msp430_cpu_init
 .text.splhigh_
                0x00005b42        0x8 contiki-sky.a(msp430.o)
                0x00005b42                splhigh_
 .text.msp430_sync_dco
                0x00005b4a       0x6c contiki-sky.a(msp430.o)
                0x00005b4a                msp430_sync_dco
 .text.timera1  0x00005bb6      0x11e contiki-sky.a(clock.o)
                0x00005bb6                __isr_5
                0x00005bb6                timera1
 .text.clock_time
                0x00005cd4       0x1a contiki-sky.a(clock.o)
                0x00005cd4                clock_time
 .text.clock_init
                0x00005cee       0x28 contiki-sky.a(clock.o)
                0x00005cee                clock_init
 .text.clock_delay
                0x00005d16        0xc contiki-sky.a(clock.o)
                0x00005d16                clock_delay
 .text.show_leds
                0x00005d22       0xf0 contiki-sky.a(leds.o)
 .text.leds_init
                0x00005e12        0xa contiki-sky.a(leds.o)
                0x00005e12                leds_init
 .text.leds_get
                0x00005e1c        0x6 contiki-sky.a(leds.o)
                0x00005e1c                leds_get
 .text.leds_on  0x00005e22        0xa contiki-sky.a(leds.o)
                0x00005e22                leds_on
 .text.leds_off
                0x00005e2c        0xe contiki-sky.a(leds.o)
                0x00005e2c                leds_off
 .text.leds_arch_init
                0x00005e3a        0xe contiki-sky.a(leds-arch.o)
                0x00005e3a                leds_arch_init
 .text.leds_arch_get
                0x00005e48       0x3e contiki-sky.a(leds-arch.o)
                0x00005e48                leds_arch_get
 .text.leds_arch_set
                0x00005e86       0x38 contiki-sky.a(leds-arch.o)
                0x00005e86                leds_arch_set
 .text.watchdog_interrupt
                0x00005ebe        0x6 contiki-sky.a(watchdog.o)
                0x00005ebe                __isr_10
                0x00005ebe                watchdog_interrupt
 .text.watchdog_start
                0x00005ec4       0x14 contiki-sky.a(watchdog.o)
                0x00005ec4                watchdog_start
 .text.watchdog_periodic
                0x00005ed8       0x12 contiki-sky.a(watchdog.o)
                0x00005ed8                watchdog_periodic
 .text.watchdog_stop
                0x00005eea       0x16 contiki-sky.a(watchdog.o)
                0x00005eea                watchdog_stop
 .text.watchdog_init
                0x00005f00       0x12 contiki-sky.a(watchdog.o)
                0x00005f00                watchdog_init
 .text.rtimer_arch_init
                0x00005f12        0xe contiki-sky.a(rtimer-arch.o)
                0x00005f12                rtimer_arch_init
 .text.rtimer_arch_now
                0x00005f20        0xe contiki-sky.a(rtimer-arch.o)
                0x00005f20                rtimer_arch_now
 .text.timera0  0x00005f2e       0x70 contiki-sky.a(rtimer-arch.o)
                0x00005f2e                __isr_6
                0x00005f2e                timera0
 .text.rtimer_arch_schedule
                0x00005f9e        0x6 contiki-sky.a(rtimer-arch.o)
                0x00005f9e                rtimer_arch_schedule
 .text.autostart_start
                0x00005fa4       0x16 contiki-sky.a(autostart.o)
                0x00005fa4                autostart_start
 .text.process_thread_ctimer_process
                0x00005fba       0xa8 contiki-sky.a(ctimer.o)
 .text.ctimer_init
                0x00006062       0x18 contiki-sky.a(ctimer.o)
                0x00006062                ctimer_init
 .text.ctimer_set_with_process
                0x0000607a       0x4e contiki-sky.a(ctimer.o)
                0x0000607a                ctimer_set_with_process
 .text.ctimer_set
                0x000060c8       0x10 contiki-sky.a(ctimer.o)
                0x000060c8                ctimer_set
 .text.ctimer_reset
                0x000060d8       0x30 contiki-sky.a(ctimer.o)
                0x000060d8                ctimer_reset
 .text.ctimer_restart
                0x00006108       0x30 contiki-sky.a(ctimer.o)
                0x00006108                ctimer_restart
 .text.ctimer_stop
                0x00006138       0x28 contiki-sky.a(ctimer.o)
                0x00006138                ctimer_stop
 .text.energest_init
                0x00006160       0x26 contiki-sky.a(energest.o)
                0x00006160                energest_init
 .text.energest_type_time
                0x00006186       0x48 contiki-sky.a(energest.o)
                0x00006186                energest_type_time
 .text.energest_type_set
                0x000061ce        0xe contiki-sky.a(energest.o)
                0x000061ce                energest_type_set
 .text.energest_flush
                0x000061dc       0x48 contiki-sky.a(energest.o)
                0x000061dc                energest_flush
 .text.update_time
                0x00006224       0x78 contiki-sky.a(etimer.o)
 .text.etimer_request_poll
                0x0000629c        0xa contiki-sky.a(etimer.o)
                0x0000629c                etimer_request_poll
 .text.process_thread_etimer_process
                0x000062a6       0xcc contiki-sky.a(etimer.o)
 .text.add_timer
                0x00006372       0x40 contiki-sky.a(etimer.o)
 .text.etimer_set
                0x000063b2       0x12 contiki-sky.a(etimer.o)
                0x000063b2                etimer_set
 .text.etimer_reset
                0x000063c4       0x12 contiki-sky.a(etimer.o)
                0x000063c4                etimer_reset
 .text.etimer_restart
                0x000063d6       0x12 contiki-sky.a(etimer.o)
                0x000063d6                etimer_restart
 .text.etimer_expired
                0x000063e8        0xe contiki-sky.a(etimer.o)
                0x000063e8                etimer_expired
 .text.etimer_pending
                0x000063f6        0xc contiki-sky.a(etimer.o)
                0x000063f6                etimer_pending
 .text.etimer_next_expiration_time
                0x00006402       0x16 contiki-sky.a(etimer.o)
                0x00006402                etimer_next_expiration_time
 .text.etimer_stop
                0x00006418       0x3e contiki-sky.a(etimer.o)
                0x00006418                etimer_stop
 .text.call_process
                0x00006456       0x46 contiki-sky.a(process.o)
 .text.exit_process
                0x0000649c       0x96 contiki-sky.a(process.o)
 .text.do_poll  0x00006532       0x30 contiki-sky.a(process.o)
 .text.process_alloc_event
                0x00006562        0xe contiki-sky.a(process.o)
                0x00006562                process_alloc_event
 .text.process_exit
                0x00006570        0xa contiki-sky.a(process.o)
                0x00006570                process_exit
 .text.process_init
                0x0000657a       0x1c contiki-sky.a(process.o)
                0x0000657a                process_init
 .text.process_run
                0x00006596       0x92 contiki-sky.a(process.o)
                0x00006596                process_run
 .text.process_nevents
                0x00006628        0xe contiki-sky.a(process.o)
                0x00006628                process_nevents
 .text.process_post
                0x00006636       0x4e contiki-sky.a(process.o)
                0x00006636                process_post
 .text.process_post_synch
                0x00006684       0x12 contiki-sky.a(process.o)
                0x00006684                process_post_synch
 .text.process_start
                0x00006696       0x36 contiki-sky.a(process.o)
                0x00006696                process_start
 .text.process_poll
                0x000066cc       0x18 contiki-sky.a(process.o)
                0x000066cc                process_poll
 .text.rtimer_init
                0x000066e4        0x6 contiki-sky.a(rtimer.o)
                0x000066e4                rtimer_init
 .text.rtimer_set
                0x000066ea       0x24 contiki-sky.a(rtimer.o)
                0x000066ea                rtimer_set
 .text.rtimer_run_next
                0x0000670e       0x26 contiki-sky.a(rtimer.o)
                0x0000670e                rtimer_run_next
 .text.timer_set
                0x00006734       0x1c contiki-sky.a(timer.o)
                0x00006734                timer_set
 .text.timer_reset
                0x00006750        0xe contiki-sky.a(timer.o)
                0x00006750                timer_reset
 .text.timer_restart
                0x0000675e       0x14 contiki-sky.a(timer.o)
                0x0000675e                timer_restart
 .text.timer_expired
                0x00006772       0x2a contiki-sky.a(timer.o)
                0x00006772                timer_expired
 .text.process_thread_serial_line_process
                0x0000679c       0x9e contiki-sky.a(serial-line.o)
 .text.serial_line_input_byte
                0x0000683a       0x4a contiki-sky.a(serial-line.o)
                0x0000683a                serial_line_input_byte
 .text.serial_line_init
                0x00006884       0x1c contiki-sky.a(serial-line.o)
                0x00006884                serial_line_init
 .text.ringbuf_init
                0x000068a0       0x14 contiki-sky.a(ringbuf.o)
                0x000068a0                ringbuf_init
 .text.ringbuf_put
                0x000068b4       0x38 contiki-sky.a(ringbuf.o)
                0x000068b4                ringbuf_put
 .text.ringbuf_get
                0x000068ec       0x32 contiki-sky.a(ringbuf.o)
                0x000068ec                ringbuf_get
 .text.list_init
                0x0000691e        0x6 contiki-sky.a(list.o)
                0x0000691e                list_init
 .text.list_head
                0x00006924        0x4 contiki-sky.a(list.o)
                0x00006924                list_head
 .text.list_tail
                0x00006928       0x12 contiki-sky.a(list.o)
                0x00006928                list_tail
 .text.list_remove
                0x0000693a       0x34 contiki-sky.a(list.o)
                0x0000693a                list_remove
 .text.list_push
                0x0000696e       0x1a contiki-sky.a(list.o)
                0x0000696e                list_push
 .text.list_add
                0x00006988       0x2a contiki-sky.a(list.o)
                0x00006988                list_add
 .text.list_length
                0x000069b2       0x10 contiki-sky.a(list.o)
                0x000069b2                list_length
 .text.list_item_next
                0x000069c2        0xc contiki-sky.a(list.o)
                0x000069c2                list_item_next
 .text.random_init
                0x000069ce        0x6 contiki-sky.a(random.o)
                0x000069ce                random_init
 .text.random_rand
                0x000069d4        0x6 contiki-sky.a(random.o)
                0x000069d4                random_rand
 .text.input    0x000069da       0x3a contiki-sky.a(rime.o)
 .text.init     0x00006a14       0x2e contiki-sky.a(rime.o)
 .text.packet_sent
                0x00006a42       0x44 contiki-sky.a(rime.o)
 .text.rime_output
                0x00006a86       0x24 contiki-sky.a(rime.o)
                0x00006a86                rime_output
 .text.adv_packet_sent
                0x00006aaa        0x2 contiki-sky.a(broadcast-annou)
 .text.adv_packet_received
                0x00006aac       0x64 contiki-sky.a(broadcast-annou)
 .text.set_timers
                0x00006b10       0x4a contiki-sky.a(broadcast-annou)
 .text.send_timer
                0x00006b5a       0x32 contiki-sky.a(broadcast-annou)
 .text.send_adv
                0x00006b8c       0x66 contiki-sky.a(broadcast-annou)
 .text.new_announcement
                0x00006bf2       0x18 contiki-sky.a(broadcast-annou)
 .text.broadcast_announcement_init
                0x00006c0a       0x48 contiki-sky.a(broadcast-annou)
                0x00006c0a                broadcast_announcement_init
 .text.announcement_init
                0x00006c52        0xa contiki-sky.a(announcement.o)
                0x00006c52                announcement_init
 .text.announcement_register_observer_callback
                0x00006c5c        0x6 contiki-sky.a(announcement.o)
                0x00006c5c                announcement_register_observer_callback
 .text.announcement_list
                0x00006c62        0xa contiki-sky.a(announcement.o)
                0x00006c62                announcement_list
 .text.announcement_heard
                0x00006c6c       0x42 contiki-sky.a(announcement.o)
                0x00006c6c                announcement_heard
 .text.sent_by_stunicast
                0x00006cae       0x5e contiki-sky.a(runicast.o)
 .text.recv_from_stunicast
                0x00006d0c       0x9e contiki-sky.a(runicast.o)
 .text.runicast_open
                0x00006daa       0x36 contiki-sky.a(runicast.o)
                0x00006daa                runicast_open
 .text.runicast_close
                0x00006de0        0x6 contiki-sky.a(runicast.o)
                0x00006de0                runicast_close
 .text.runicast_is_transmitting
                0x00006de6        0x6 contiki-sky.a(runicast.o)
                0x00006de6                runicast_is_transmitting
 .text.runicast_send
                0x00006dec       0x48 contiki-sky.a(runicast.o)
                0x00006dec                runicast_send
 .text.recv_from_uc
                0x00006e34        0xe contiki-sky.a(stunicast.o)
 .text.sent_by_uc
                0x00006e42       0x10 contiki-sky.a(stunicast.o)
 .text.send     0x00006e52       0x2a contiki-sky.a(stunicast.o)
 .text.stunicast_open
                0x00006e7c       0x1a contiki-sky.a(stunicast.o)
                0x00006e7c                stunicast_open
 .text.stunicast_receiver
                0x00006e96        0x6 contiki-sky.a(stunicast.o)
                0x00006e96                stunicast_receiver
 .text.stunicast_send_stubborn
                0x00006e9c       0x68 contiki-sky.a(stunicast.o)
                0x00006e9c                stunicast_send_stubborn
 .text.stunicast_send
                0x00006f04        0x6 contiki-sky.a(stunicast.o)
                0x00006f04                stunicast_send
 .text.stunicast_cancel
                0x00006f0a       0x20 contiki-sky.a(stunicast.o)
                0x00006f0a                stunicast_cancel
 .text.stunicast_close
                0x00006f2a       0x12 contiki-sky.a(stunicast.o)
                0x00006f2a                stunicast_close
 .text.chameleon_init
                0x00006f3c        0x6 contiki-sky.a(chameleon.o)
                0x00006f3c                chameleon_init
 .text.chameleon_parse
                0x00006f42       0x10 contiki-sky.a(chameleon.o)
                0x00006f42                chameleon_parse
 .text.chameleon_create
                0x00006f52       0x1c contiki-sky.a(chameleon.o)
                0x00006f52                chameleon_create
 .text.chameleon_hdrsize
                0x00006f6e        0x6 contiki-sky.a(chameleon.o)
                0x00006f6e                chameleon_hdrsize
 .text.channel_init
                0x00006f74        0xa contiki-sky.a(channel.o)
                0x00006f74                channel_init
 .text.channel_open
                0x00006f7e       0x10 contiki-sky.a(channel.o)
                0x00006f7e                channel_open
 .text.channel_close
                0x00006f8e        0xc contiki-sky.a(channel.o)
                0x00006f8e                channel_close
 .text.channel_lookup
                0x00006f9a       0x20 contiki-sky.a(channel.o)
                0x00006f9a                channel_lookup
 .text.channel_set_attributes
                0x00006fba       0x24 contiki-sky.a(channel.o)
                0x00006fba                channel_set_attributes
 .text.sent_by_abc
                0x00006fde       0x10 contiki-sky.a(broadcast.o)
 .text.recv_from_abc
                0x00006fee       0x26 contiki-sky.a(broadcast.o)
 .text.broadcast_open
                0x00007014       0x2a contiki-sky.a(broadcast.o)
                0x00007014                broadcast_open
 .text.broadcast_close
                0x0000703e        0x6 contiki-sky.a(broadcast.o)
                0x0000703e                broadcast_close
 .text.broadcast_send
                0x00007044       0x1a contiki-sky.a(broadcast.o)
                0x00007044                broadcast_send
 .text.sent_by_broadcast
                0x0000705e       0x10 contiki-sky.a(unicast.o)
 .text.recv_from_broadcast
                0x0000706e       0x2e contiki-sky.a(unicast.o)
 .text.unicast_open
                0x0000709c       0x2a contiki-sky.a(unicast.o)
                0x0000709c                unicast_open
 .text.unicast_close
                0x000070c6        0x6 contiki-sky.a(unicast.o)
                0x000070c6                unicast_close
 .text.unicast_send
                0x000070cc       0x16 contiki-sky.a(unicast.o)
                0x000070cc                unicast_send
 .text.abc_open
                0x000070e2       0x26 contiki-sky.a(abc.o)
                0x000070e2                abc_open
 .text.abc_close
                0x00007108        0x6 contiki-sky.a(abc.o)
                0x00007108                abc_close
 .text.abc_send
                0x0000710e        0x6 contiki-sky.a(abc.o)
                0x0000710e                abc_send
 .text.abc_input
                0x00007114        0xe contiki-sky.a(abc.o)
                0x00007114                abc_input
 .text.abc_sent
                0x00007122       0x10 contiki-sky.a(abc.o)
                0x00007122                abc_sent
 .text.input_packet
                0x00007132        0x6 contiki-sky.a(csma.o)
 .text.on       0x00007138        0x6 contiki-sky.a(csma.o)
 .text.off      0x0000713e        0x6 contiki-sky.a(csma.o)
 .text.channel_check_interval
                0x00007144       0x10 contiki-sky.a(csma.o)
 .text.transmit_packet_list
                0x00007154       0x24 contiki-sky.a(csma.o)
 .text.schedule_transmission
                0x00007178       0x94 contiki-sky.a(csma.o)
 .text.init     0x0000720c       0x1a contiki-sky.a(csma.o)
 .text.tx_done  0x00007226       0x92 contiki-sky.a(csma.o)
 .text.send_packet
                0x000072b8      0x170 contiki-sky.a(csma.o)
 .text.packet_sent
                0x00007428       0xd6 contiki-sky.a(csma.o)
 .text.mac_call_sent_callback
                0x000074fe       0x14 contiki-sky.a(mac.o)
                0x000074fe                mac_call_sent_callback
 .text.queuebuf_init
                0x00007512       0x12 contiki-sky.a(queuebuf.o)
                0x00007512                queuebuf_init
 .text.queuebuf_new_from_packetbuf
                0x00007524       0x52 contiki-sky.a(queuebuf.o)
                0x00007524                queuebuf_new_from_packetbuf
 .text.queuebuf_update_attr_from_packetbuf
                0x00007576       0x12 contiki-sky.a(queuebuf.o)
                0x00007576                queuebuf_update_attr_from_packetbuf
 .text.queuebuf_update_from_packetbuf
                0x00007588       0x22 contiki-sky.a(queuebuf.o)
                0x00007588                queuebuf_update_from_packetbuf
 .text.queuebuf_free
                0x000075aa       0x2a contiki-sky.a(queuebuf.o)
                0x000075aa                queuebuf_free
 .text.queuebuf_to_packetbuf
                0x000075d4       0x32 contiki-sky.a(queuebuf.o)
                0x000075d4                queuebuf_to_packetbuf
 .text.queuebuf_attr
                0x00007606        0xe contiki-sky.a(queuebuf.o)
                0x00007606                queuebuf_attr
 .text.packetbuf_hdrreduce
                0x00007614       0x1a contiki-sky.a(packetbuf.o)
                0x00007614                packetbuf_hdrreduce
 .text.packetbuf_set_datalen
                0x0000762e        0x6 contiki-sky.a(packetbuf.o)
                0x0000762e                packetbuf_set_datalen
 .text.packetbuf_hdrptr
                0x00007634        0x6 contiki-sky.a(packetbuf.o)
                0x00007634                packetbuf_hdrptr
 .text.packetbuf_datalen
                0x0000763a        0x6 contiki-sky.a(packetbuf.o)
                0x0000763a                packetbuf_datalen
 .text.packetbuf_hdrlen
                0x00007640        0xa contiki-sky.a(packetbuf.o)
                0x00007640                packetbuf_hdrlen
 .text.packetbuf_dataptr
                0x0000764a        0xc contiki-sky.a(packetbuf.o)
                0x0000764a                packetbuf_dataptr
 .text.packetbuf_copyto
                0x00007656       0x46 contiki-sky.a(packetbuf.o)
                0x00007656                packetbuf_copyto
 .text.packetbuf_compact
                0x0000769c       0x44 contiki-sky.a(packetbuf.o)
                0x0000769c                packetbuf_compact
 .text.packetbuf_totlen
                0x000076e0        0xc contiki-sky.a(packetbuf.o)
                0x000076e0                packetbuf_totlen
 .text.packetbuf_hdralloc
                0x000076ec       0x3c contiki-sky.a(packetbuf.o)
                0x000076ec                packetbuf_hdralloc
 .text.packetbuf_attr_clear
                0x00007728       0x2c contiki-sky.a(packetbuf.o)
                0x00007728                packetbuf_attr_clear
 .text.packetbuf_clear
                0x00007754       0x12 contiki-sky.a(packetbuf.o)
                0x00007754                packetbuf_clear
 .text.packetbuf_copyfrom
                0x00007766       0x2e contiki-sky.a(packetbuf.o)
                0x00007766                packetbuf_copyfrom
 .text.packetbuf_attr_copyto
                0x00007794       0x20 contiki-sky.a(packetbuf.o)
                0x00007794                packetbuf_attr_copyto
 .text.packetbuf_attr_copyfrom
                0x000077b4       0x22 contiki-sky.a(packetbuf.o)
                0x000077b4                packetbuf_attr_copyfrom
 .text.packetbuf_holds_broadcast
                0x000077d6        0xe contiki-sky.a(packetbuf.o)
                0x000077d6                packetbuf_holds_broadcast
 .text.linkaddr_copy
                0x000077e4        0xc contiki-sky.a(linkaddr.o)
                0x000077e4                linkaddr_copy
 .text.linkaddr_cmp
                0x000077f0       0x12 contiki-sky.a(linkaddr.o)
                0x000077f0                linkaddr_cmp
 .text.linkaddr_set_node_addr
                0x00007802        0xc contiki-sky.a(linkaddr.o)
                0x00007802                linkaddr_set_node_addr
 .text.duty_cycle
                0x0000780e        0x6 contiki-sky.a(contikimac.o)
 .text.init     0x00007814       0x2a contiki-sky.a(contikimac.o)
 .text.on       0x0000783e       0x1a contiki-sky.a(contikimac.o)
 .text.off      0x00007858       0x22 contiki-sky.a(contikimac.o)
 .text.recv_burst_off
                0x0000787a        0xa contiki-sky.a(contikimac.o)
 .text.turn_off
                0x00007884       0x20 contiki-sky.a(contikimac.o)
 .text.turn_on  0x000078a4       0x30 contiki-sky.a(contikimac.o)
 .text.schedule_powercycle_fixed.part.4
                0x000078d4       0x32 contiki-sky.a(contikimac.o)
 .text.powercycle_turn_radio_off
                0x00007906       0x30 contiki-sky.a(contikimac.o)
 .text.input_packet
                0x00007936       0xb6 contiki-sky.a(contikimac.o)
 .text.send_packet.isra.8
                0x000079ec      0x20c contiki-sky.a(contikimac.o)
 .text.qsend_list
                0x00007bf8       0xc6 contiki-sky.a(contikimac.o)
 .text.qsend_packet
                0x00007cbe       0x28 contiki-sky.a(contikimac.o)
 .text.powercycle_wrapper
                0x00007ce6      0x1ca contiki-sky.a(contikimac.o)
 .text.hdr_length
                0x00007eb0        0x8 contiki-sky.a(contikimac-fram)
 .text.parse    0x00007eb8       0x3a contiki-sky.a(contikimac-fram)
 .text.create   0x00007ef2       0x74 contiki-sky.a(contikimac-fram)
 .text.init     0x00007f66        0x2 contiki-sky.a(nullsec.o)
 .text.send     0x00007f68        0xa contiki-sky.a(nullsec.o)
 .text.input    0x00007f72        0x6 contiki-sky.a(nullsec.o)
 .text.spi_init
                0x00007f78       0x30 contiki-sky.a(spi.o)
                0x00007f78                spi_init
 .text.compower_accumulate
                0x00007fa8       0x72 contiki-sky.a(compower.o)
                0x00007fa8                compower_accumulate
 .text.compower_clear
                0x0000801a       0x12 contiki-sky.a(compower.o)
                0x0000801a                compower_clear
 .text.compower_attrconv
                0x0000802c       0x10 contiki-sky.a(compower.o)
                0x0000802c                compower_attrconv
 .text.memb_init
                0x0000803c       0x36 contiki-sky.a(memb.o)
                0x0000803c                memb_init
 .text.memb_alloc
                0x00008072       0x3e contiki-sky.a(memb.o)
                0x00008072                memb_alloc
 .text.memb_free
                0x000080b0       0x3a contiki-sky.a(memb.o)
                0x000080b0                memb_free
 .text.memb_inmemb
                0x000080ea       0x2a contiki-sky.a(memb.o)
                0x000080ea                memb_inmemb
 .text.get_bits_in_byte
                0x00008114       0x3a contiki-sky.a(chameleon-bitop)
 .text.header_size
                0x0000814e       0x16 contiki-sky.a(chameleon-bitop)
 .text.get_bits
                0x00008164       0xa2 contiki-sky.a(chameleon-bitop)
                0x00008164                get_bits
 .text.unpack_header
                0x00008206       0xd8 contiki-sky.a(chameleon-bitop)
 .text.set_bits
                0x000082de      0x124 contiki-sky.a(chameleon-bitop)
                0x000082de                set_bits
 .text.pack_header
                0x00008402       0xc6 contiki-sky.a(chameleon-bitop)
 .text.mac_sequence_is_duplicate
                0x000084c8       0x6e contiki-sky.a(mac-sequence.o)
                0x000084c8                mac_sequence_is_duplicate
 .text.mac_sequence_register_seqno
                0x00008536       0x78 contiki-sky.a(mac-sequence.o)
                0x00008536                mac_sequence_register_seqno
 .text.create_frame.isra.0
                0x000085ae      0x114 contiki-sky.a(framer-802154.o)
 .text.create   0x000086c2        0x8 contiki-sky.a(framer-802154.o)
 .text.hdr_length
                0x000086ca        0x8 contiki-sky.a(framer-802154.o)
 .text.parse    0x000086d2       0xa8 contiki-sky.a(framer-802154.o)
 .text.frame802154_get_pan_id
                0x0000877a        0x6 contiki-sky.a(frame802154.o)
                0x0000877a                frame802154_get_pan_id
 .text.frame802154_has_panid
                0x00008780       0x78 contiki-sky.a(frame802154.o)
                0x00008780                frame802154_has_panid
 .text.field_len
                0x000087f8       0xac contiki-sky.a(frame802154.o)
 .text.frame802154_is_broadcast_addr
                0x000088a4       0x28 contiki-sky.a(frame802154.o)
                0x000088a4                frame802154_is_broadcast_addr
 .text.frame802154_hdrlen
                0x000088cc       0x32 contiki-sky.a(frame802154.o)
                0x000088cc                frame802154_hdrlen
 .text.frame802154_create
                0x000088fe      0x16a contiki-sky.a(frame802154.o)
                0x000088fe                frame802154_create
 .text.frame802154_parse
                0x00008a68      0x200 contiki-sky.a(frame802154.o)
                0x00008a68                frame802154_parse
 .text.libgcc   0x00008c68       0x2c /usr/local/bin/../lib/gcc/msp430/4.7.2/mmpy-16/libgcc.a(_mulsi3.o)
                0x00008c68                __mulsi3
 .text.libgcc   0x00008c94       0x40 /usr/local/bin/../lib/gcc/msp430/4.7.2/mmpy-16/libgcc.a(_udivmod32.o)
                0x00008c94                __udivsi3
                0x00008c94                __ext_udivmod32
                0x00008cca                __umodsi3
 .text.atoi     0x00008cd4       0x8a /usr/local/bin/../lib/gcc/msp430/4.7.2/../../../../msp430/lib/mmpy-16/libc.a(atoi.o)
                0x00008cd4                atoi
 .text.printf   0x00008d5e       0x10 /usr/local/bin/../lib/gcc/msp430/4.7.2/../../../../msp430/lib/mmpy-16/libc.a(printf.o)
                0x00008d5e                printf
 .text.append   0x00008d6e       0x22 /usr/local/bin/../lib/gcc/msp430/4.7.2/../../../../msp430/lib/mmpy-16/libc.a(sprintf.o)
 .text.call_vuprintf
                0x00008d90       0x3a /usr/local/bin/../lib/gcc/msp430/4.7.2/../../../../msp430/lib/mmpy-16/libc.a(sprintf.o)
 .text.sprintf  0x00008dca       0x1c /usr/local/bin/../lib/gcc/msp430/4.7.2/../../../../msp430/lib/mmpy-16/libc.a(sprintf.o)
                0x00008dca                sprintf
 .text.print_field
                0x00008de6      0x194 /usr/local/bin/../lib/gcc/msp430/4.7.2/../../../../msp430/lib/mmpy-16/libc.a(vuprintf.o)
 .text.vuprintf
                0x00008f7a      0x63e /usr/local/bin/../lib/gcc/msp430/4.7.2/../../../../msp430/lib/mmpy-16/libc.a(vuprintf.o)
                0x00008f7a                vuprintf
 .text.puts     0x000095b8       0x2c /usr/local/bin/../lib/gcc/msp430/4.7.2/../../../../msp430/lib/mmpy-16/libc.a(puts.o)
                0x000095b8                puts
 .text.rand     0x000095e4       0x26 /usr/local/bin/../lib/gcc/msp430/4.7.2/../../../../msp430/lib/mmpy-16/libc.a(rand.o)
                0x000095e4                rand
 .text.srand    0x0000960a        0xa /usr/local/bin/../lib/gcc/msp430/4.7.2/../../../../msp430/lib/mmpy-16/libc.a(rand.o)
                0x0000960a                srand
 .text.memcmp   0x00009614       0x30 /usr/local/bin/../lib/gcc/msp430/4.7.2/../../../../msp430/lib/mmpy-16/libc.a(memcmp.o)
                0x00009614                memcmp
 .text.memcpy   0x00009644       0xfa /usr/local/bin/../lib/gcc/msp430/4.7.2/../../../../msp430/lib/mmpy-16/libc.a(memcpy.o)
                0x00009644                memcpy
 .text.memset   0x0000973e       0x6a /usr/local/bin/../lib/gcc/msp430/4.7.2/../../../../msp430/lib/mmpy-16/libc.a(memset.o)
                0x0000973e                memset
 .text.libgcc   0x000097a8       0x22 /usr/local/bin/../lib/gcc/msp430/4.7.2/mmpy-16/libgcc.a(_udivmod16.o)
                0x000097a8                __udivhi3
                0x000097a8                __ext_udivmod16
                0x000097c2                __umodhi3
 .text.libgcc   0x000097ca       0xf0 /usr/local/bin/../lib/gcc/msp430/4.7.2/mmpy-16/libgcc.a(_udivmod64.o)
                0x000097ca                __xabi_udivmod64
                0x00009828                __udivdi3
                0x0000984e                __umoddi3
                0x0000987c                __udivmoddi4
 .text.crt0     0x000098ba        0x2 /usr/local/bin/../lib/gcc/msp430/4.7.2/mmpy-16/libcrt0.a(_unexpected_.o)
                0x000098ba                _unexpected_
 *(.near.text .near.text.*)

.rodata         0x000098bc      0x3fd
                0x000098bc                . = ALIGN (0x2)
 *(.rodata .rodata.* .gnu.linkonce.r.*)
 .rodata        0x000098bc      0x1c4 garage_node.co
                0x00009a20                autostart_processes
 .rodata        0x00009a80       0xe5 obj_sky/contiki-sky-main.o
 *fill*         0x00009b65        0x1 00
 .rodata        0x00009b66       0x10 contiki-sky.a(button-sensor.o)
                0x00009b6e                button_sensor
 .rodata        0x00009b76        0x8 contiki-sky.a(sensors.o)
 *fill*         0x00009b7e        0x2 00
 .rodata.get_value
                0x00009b80       0x24 contiki-sky.a(cc2420.o)
 .rodata.set_value
                0x00009ba4       0x10 contiki-sky.a(cc2420.o)
 .rodata        0x00009bb4       0x3e contiki-sky.a(cc2420.o)
                0x00009bb4                cc2420_aes_128_driver
                0x00009bb8                cc2420_driver
 .rodata        0x00009bf2        0xf contiki-sky.a(ctimer.o)
 .rodata        0x00009c01        0xc contiki-sky.a(etimer.o)
 .rodata        0x00009c0d        0xe contiki-sky.a(serial-line.o)
 *fill*         0x00009c1b        0x1 00
 .rodata        0x00009c1c        0xc contiki-sky.a(rime.o)
                0x00009c22                rime_driver
 .rodata        0x00009c28        0x4 contiki-sky.a(broadcast-annou)
 .rodata        0x00009c2c        0xe contiki-sky.a(runicast.o)
 .rodata        0x00009c3a        0x4 contiki-sky.a(stunicast.o)
 .rodata        0x00009c3e        0x8 contiki-sky.a(broadcast.o)
 .rodata        0x00009c46        0xa contiki-sky.a(unicast.o)
 .rodata        0x00009c50        0x2 contiki-sky.a(abc.o)
 .rodata        0x00009c52       0x14 contiki-sky.a(csma.o)
                0x00009c58                csma_driver
 .rodata        0x00009c66        0x2 contiki-sky.a(linkaddr.o)
                0x00009c66                linkaddr_null
 .rodata        0x00009c68       0x1c contiki-sky.a(contikimac.o)
                0x00009c74                contikimac_driver
 .rodata        0x00009c84        0x6 contiki-sky.a(contikimac-fram)
                0x00009c84                contikimac_framer
 .rodata        0x00009c8a       0x10 contiki-sky.a(nullsec.o)
                0x00009c92                nullsec_driver
 .rodata        0x00009c9a       0x10 contiki-sky.a(chameleon-bitop)
                0x00009c9a                chameleon_bitopt
 .rodata        0x00009caa        0x6 contiki-sky.a(framer-802154.o)
                0x00009caa                framer_802154
 .rodata        0x00009cb0        0x2 contiki-sky.a(frame802154.o)
 .rodata.vuprintf
                0x00009cb2        0x7 /usr/local/bin/../lib/gcc/msp430/4.7.2/../../../../msp430/lib/mmpy-16/libc.a(vuprintf.o)
 *(.near.rodata .near.rodata.*)
                0x00009cba                . = ALIGN (0x2)
                0x00009cba                _etext = .

.data           0x00001100       0x86 load address 0x00009cba
                0x00001100                . = ALIGN (0x2)
                0x00001100                __data_start = .
 *(.data .data.* .gnu.linkonce.d.*)
 .data          0x00001100       0x1e garage_node.co
                0x00001100                garage_node_timer_process
                0x0000110a                garage_node_alarm_blink_process
                0x00001114                garage_node_main_process
 .data          0x0000111e        0x4 contiki-sky.a(contiki-sky-pla)
                0x0000111e                sensors
 .data          0x00001122        0xa contiki-sky.a(sensors.o)
                0x00001122                sensors_process
 .data          0x0000112c        0xc contiki-sky.a(cc2420.o)
                0x0000112c                cc2420_process
 .data          0x00001138        0x2 contiki-sky.a(msp430.o)
 .data          0x0000113a        0xa contiki-sky.a(ctimer.o)
                0x0000113a                ctimer_process
 .data          0x00001144        0xa contiki-sky.a(etimer.o)
                0x00001144                etimer_process
 .data          0x0000114e        0xa contiki-sky.a(serial-line.o)
                0x0000114e                serial_line_process
 .data          0x00001158       0x18 contiki-sky.a(csma.o)
 .data          0x00001170       0x10 contiki-sky.a(queuebuf.o)
 .data          0x00001180        0x2 contiki-sky.a(frame802154.o)
 .data.next     0x00001182        0x4 /usr/local/bin/../lib/gcc/msp430/4.7.2/../../../../msp430/lib/mmpy-16/libc.a(rand.o)
 *(.near.data .near.data.*)
                0x00001186                . = ALIGN (0x2)
                0x00001186                _edata = .
                0x00009cba                __data_load_start = LOADADDR (.data)
                0x00000086                __data_size = SIZEOF (.data)

.bss            0x00001186     0x1222 load address 0x00009d40
                0x00001186                __bss_start = .
 *(.bss .bss.*)
 .bss           0x00001186       0x70 garage_node.co
 .bss           0x000011f6        0xc obj_sky/contiki-sky-main.o
 .bss           0x00001202        0x8 contiki-sky.a(button-sensor.o)
 .bss           0x0000120a        0x2 contiki-sky.a(node-id.o)
                0x0000120a                node_id
 .bss           0x0000120c        0x6 contiki-sky.a(sensors.o)
 .bss           0x00001212        0xa contiki-sky.a(cc2420.o)
 .bss           0x0000121c       0x9a contiki-sky.a(uart1.o)
 .bss           0x000012b6        0xa contiki-sky.a(clock.o)
 .bss           0x000012c0        0x1 contiki-sky.a(leds.o)
 *fill*         0x000012c1        0x1 00
 .bss           0x000012c2        0x2 contiki-sky.a(watchdog.o)
 .bss           0x000012c4        0x4 contiki-sky.a(ctimer.o)
 .bss           0x000012c8        0x6 contiki-sky.a(etimer.o)
 .bss           0x000012ce       0x38 contiki-sky.a(process.o)
                0x000012ce                process_current
                0x000012d0                process_list
 .bss           0x00001306        0x2 contiki-sky.a(rtimer.o)
 .bss           0x00001308      0x10a contiki-sky.a(serial-line.o)
 .bss           0x00001412        0x2 contiki-sky.a(rime.o)
 .bss           0x00001414       0x46 contiki-sky.a(broadcast-annou)
 .bss           0x0000145a        0x6 contiki-sky.a(announcement.o)
 .bss           0x00001460        0x2 contiki-sky.a(channel.o)
 .bss           0x00001462      0x124 contiki-sky.a(csma.o)
 .bss           0x00001586      0xc20 contiki-sky.a(queuebuf.o)
 .bss           0x000021a6       0x86 contiki-sky.a(packetbuf.o)
 .bss           0x0000222c       0x32 contiki-sky.a(contikimac.o)
 .bss           0x0000225e        0x8 contiki-sky.a(compower.o)
 .bss           0x00002266       0x80 contiki-sky.a(mac-sequence.o)
 .bss           0x000022e6        0x2 contiki-sky.a(framer-802154.o)
 .bss.destination_
                0x000022e8        0x2 /usr/local/bin/../lib/gcc/msp430/4.7.2/../../../../msp430/lib/mmpy-16/libc.a(sprintf.o)
 .bss.available_
                0x000022ea        0x2 /usr/local/bin/../lib/gcc/msp430/4.7.2/../../../../msp430/lib/mmpy-16/libc.a(sprintf.o)
 *(.near.bss .near.bss.*)
 *(COMMON)
 COMMON         0x000022ec        0x2 contiki-sky.a(contiki-sky-pla)
                0x000022ec                sensors_flags
 COMMON         0x000022ee        0x8 contiki-sky.a(ds2411.o)
                0x000022ee                ds2411_id
 COMMON         0x000022f6        0x1 contiki-sky.a(sensors.o)
                0x000022f6                sensors_event
 *fill*         0x000022f7        0x1 00
 COMMON         0x000022f8       0x10 contiki-sky.a(cc2420.o)
                0x000022f8                cc2420_last_rssi
                0x000022fa                cc2420_sfd_start_time
                0x000022fc                cc2420_time_of_departure
                0x000022fe                cc2420_time_of_arrival
                0x00002300                cc2420_last_correlation
                0x00002302                cc2420_authority_level_of_sender
                0x00002304                cc2420_sfd_counter
                0x00002306                cc2420_sfd_end_time
 COMMON         0x00002308        0x2 contiki-sky.a(msp430.o)
                0x00002308                msp430_dco_required
 COMMON         0x0000230a       0x56 contiki-sky.a(energest.o)
                0x0000230a                energest_total_time
                0x0000233a                energest_total_count
                0x0000233c                energest_current_mode
                0x00002348                energest_current_time
 COMMON         0x00002360        0x1 contiki-sky.a(process.o)
                0x00002360                process_maxevents
 COMMON         0x00002361        0x1 contiki-sky.a(serial-line.o)
                0x00002361                serial_line_event_message
 COMMON         0x00002362       0x3c contiki-sky.a(packetbuf.o)
                0x00002362                packetbuf_addrs
                0x0000236a                packetbuf_attrs
 COMMON         0x0000239e        0x2 contiki-sky.a(linkaddr.o)
                0x0000239e                linkaddr_node_addr
 COMMON         0x000023a0        0x8 contiki-sky.a(compower.o)
                0x000023a0                compower_idle_activity
                0x000023a8                . = ALIGN (0x2)
                0x000023a8                __bss_end = .
                0x00001222                __bss_size = SIZEOF (.bss)

.noinit         0x000023a8        0x2 load address 0x00009d40
                0x000023a8                . = ALIGN (0x2)
                0x000023a8                __noinit_start = .
 *(.noinit .noinit.*)
 .noinit.crt0   0x000023a8        0x2 /usr/local/bin/../lib/gcc/msp430/4.7.2/mmpy-16/libcrt0.a(__watchdog_support.o)
                0x000023a8                __wdt_clear_value
                0x000023aa                . = ALIGN (0x2)
                0x000023aa                __noinit_end = .
                0x000023aa                . = ALIGN (0x2)
                0x000023aa                _end = .

.infomem        0x00001000        0x0
                0x00001000                . = ALIGN (0x2)
 *(.infomem .infomem.*)

.infomemnobits  0x00001000        0x0
                0x00001000                . = ALIGN (0x2)
 *(.infomemnobits .infomemnobits.*)

.infoa          0x00001080        0x0
                0x00001080                . = ALIGN (0x2)
 *(.infoa .infoa.*)

.infob          0x00001000        0x0
                0x00001000                . = ALIGN (0x2)
 *(.infob .infob.*)

.infoc          0x00000000        0x0
                0x00000000                . = ALIGN (0x2)
 *(.infoc .infoc.*)

.infod          0x00000000        0x0
                0x00000000                . = ALIGN (0x2)
 *(.infod .infod.*)
                0x0000ffff                PROVIDE (__vte_0, 0xffff)
                0x0000ffff                PROVIDE (__vte_1, 0xffff)
                0x0000ffff                PROVIDE (__vte_2, 0xffff)
                0x0000ffff                PROVIDE (__vte_3, 0xffff)
                0x0000ffff                PROVIDE (__vte_4, 0xffff)
                0x0000ffff                PROVIDE (__vte_5, 0xffff)
                0x0000ffff                PROVIDE (__vte_6, 0xffff)
                0x0000ffff                PROVIDE (__vte_7, 0xffff)
                0x0000ffff                PROVIDE (__vte_8, 0xffff)
                0x0000ffff                PROVIDE (__vte_9, 0xffff)
                0x0000ffff                PROVIDE (__vte_10, 0xffff)
                0x0000ffff                PROVIDE (__vte_11, 0xffff)
                0x0000ffff                PROVIDE (__vte_12, 0xffff)
                0x0000ffff                PROVIDE (__vte_13, 0xffff)
                0x0000ffff                PROVIDE (__vte_14, 0xffff)
                0x0000ffff                PROVIDE (__vte_15, 0xffff)
                0x0000ffff                PROVIDE (__vte_16, 0xffff)
                0x0000ffff                PROVIDE (__vte_17, 0xffff)
                0x0000ffff                PROVIDE (__vte_18, 0xffff)
                0x0000ffff                PROVIDE (__vte_19, 0xffff)
                0x0000ffff                PROVIDE (__vte_20, 0xffff)
                0x0000ffff                PROVIDE (__vte_21, 0xffff)
                0x0000ffff                PROVIDE (__vte_22, 0xffff)
                0x0000ffff                PROVIDE (__vte_23, 0xffff)
                0x0000ffff                PROVIDE (__vte_24, 0xffff)
                0x0000ffff                PROVIDE (__vte_25, 0xffff)
                0x0000ffff                PROVIDE (__vte_26, 0xffff)
                0x0000ffff                PROVIDE (__vte_27, 0xffff)
                0x0000ffff                PROVIDE (__vte_28, 0xffff)
                0x0000ffff                PROVIDE (__vte_29, 0xffff)
                0x0000ffff                PROVIDE (__vte_30, 0xffff)
                0x0000ffff                PROVIDE (__vte_31, 0xffff)

.vectors        0x0000ffe0       0x20
                0x0000ffe0                __vectors_start = .
 *(.vectors*)
 .vectors       0x0000ffe0       0x20 /usr/local/bin/../lib/gcc/msp430/4.7.2/mmpy-16/crt0ivtbl16.o
                0x0000ffe0                __ivtbl_16
                0x00010000                _vectors_end = .

.fartext        0x00000000        0x0
                0x00000000                . = ALIGN (0x2)
 *(.fartext .fartext.*)

.far.text       0x00000000        0x0
                0x00000000                . = ALIGN (0x2)
 *(.far.text .far.text.*)

.far.rodata     0x00000000        0x0
                0x00000000                . = ALIGN (0x2)
 *(.far.rodata .far.rodata.*)
                0x00000000                . = ALIGN (0x2)
                0x00000000                _efartext = .

.far.data       0x00000000        0x0
                0x00000000                . = ALIGN (0x2)
                0x00000000                __far_data_start = .
 *(.far.data .far.data.*)
                0x00000000                . = ALIGN (0x2)
                0x00000000                _efardata = .
                0x00000000                __far_data_load_start = LOADADDR (.far.data)
                0x00000000                __far_data_size = SIZEOF (.far.data)

.far.bss        0x00000000        0x0
                0x00000000                . = ALIGN (0x2)
                0x00000000                __far_bss_start = .
 *(.far.bss .far.bss.*)
                0x00000000                . = ALIGN (0x2)
                0x00000000                __far_bss_end = .
                0x00000000                __far_bss_size = SIZEOF (.far.bss)
                0x00000000                . = ALIGN (0x2)
                0x00000000                _far_end = .

.profiler
 *(.profiler)

.stab           0x00000000    0x1b924
 *(.stab)
 .stab          0x00000000     0x1f5c garage_node.co
 .stab          0x00001f5c     0x1074 obj_sky/contiki-sky-main.o
                               0x17a0 (size before relaxing)
 .stab          0x00002fd0      0x24c contiki-sky.a(contiki-sky-pla)
                                0x5ac (size before relaxing)
 .stab          0x0000321c      0x468 contiki-sky.a(button-sensor.o)
                                0x7d4 (size before relaxing)
 .stab          0x00003684      0x624 contiki-sky.a(ds2411.o)
                                0xb34 (size before relaxing)
 .stab          0x00003ca8      0x9d8 contiki-sky.a(xmem.o)
                                0xf00 (size before relaxing)
 .stab          0x00004680      0x2b8 contiki-sky.a(node-id.o)
                                0x4e0 (size before relaxing)
 .stab          0x00004938      0x684 contiki-sky.a(sensors.o)
                                0xbb8 (size before relaxing)
 .stab          0x00004fbc     0x2898 contiki-sky.a(cc2420.o)
                               0x2fc4 (size before relaxing)
 .stab          0x00007854      0xa5c contiki-sky.a(cc2420-arch.o)
                               0x13ec (size before relaxing)
 .stab          0x000082b0      0x600 contiki-sky.a(uart1.o)
                                0x954 (size before relaxing)
 .stab          0x000088b0      0x234 contiki-sky.a(uart1-putchar.o)
                                0x588 (size before relaxing)
 .stab          0x00008ae4      0x72c contiki-sky.a(msp430.o)
                                0xa80 (size before relaxing)
 .stab          0x00009210      0x930 contiki-sky.a(clock.o)
                                0xc84 (size before relaxing)
 .stab          0x00009b40      0x5a0 contiki-sky.a(leds.o)
                                0x7ec (size before relaxing)
 .stab          0x0000a0e0      0x378 contiki-sky.a(leds-arch.o)
                                0x6cc (size before relaxing)
 .stab          0x0000a458      0x3cc contiki-sky.a(watchdog.o)
                                0x720 (size before relaxing)
 .stab          0x0000a824      0x3b4 contiki-sky.a(rtimer-arch.o)
                                0x708 (size before relaxing)
 .stab          0x0000abd8      0x294 contiki-sky.a(autostart.o)
                                0x534 (size before relaxing)
 .stab          0x0000ae6c      0x834 contiki-sky.a(ctimer.o)
                                0xba0 (size before relaxing)
 .stab          0x0000b6a0      0x474 contiki-sky.a(energest.o)
                                0x6fc (size before relaxing)
 .stab          0x0000bb14      0xa80 contiki-sky.a(etimer.o)
                                0xd50 (size before relaxing)
 .stab          0x0000c594      0xb94 contiki-sky.a(process.o)
                               0x102c (size before relaxing)
 .stab          0x0000d128      0x3cc contiki-sky.a(rtimer.o)
                                0x6b4 (size before relaxing)
 .stab          0x0000d4f4      0x348 contiki-sky.a(timer.o)
                                0x588 (size before relaxing)
 .stab          0x0000d83c      0x51c contiki-sky.a(serial-line.o)
                                0xa38 (size before relaxing)
 .stab          0x0000dd58      0x3f0 contiki-sky.a(ringbuf.o)
                                0x630 (size before relaxing)
 .stab          0x0000e148      0x7bc contiki-sky.a(list.o)
                                0x7c8 (size before relaxing)
 .stab          0x0000e904      0x21c contiki-sky.a(random.o)
                                0x618 (size before relaxing)
 .stab          0x0000eb20      0xba0 contiki-sky.a(rime.o)
                               0x13ec (size before relaxing)
 .stab          0x0000f6c0      0x978 contiki-sky.a(broadcast-annou)
                               0x15c0 (size before relaxing)
 .stab          0x00010038      0x6b4 contiki-sky.a(announcement.o)
                                0x954 (size before relaxing)
 .stab          0x000106ec      0x8e8 contiki-sky.a(runicast.o)
                               0x156c (size before relaxing)
 .stab          0x00010fd4      0x87c contiki-sky.a(stunicast.o)
                               0x1500 (size before relaxing)
 .stab          0x00011850      0x5dc contiki-sky.a(chameleon.o)
                               0x1230 (size before relaxing)
 .stab          0x00011e2c      0x600 contiki-sky.a(channel.o)
                               0x1278 (size before relaxing)
 .stab          0x0001242c      0x6cc contiki-sky.a(broadcast.o)
                               0x14f4 (size before relaxing)
 .stab          0x00012af8      0x618 contiki-sky.a(unicast.o)
                               0x1290 (size before relaxing)
 .stab          0x00013110      0x660 contiki-sky.a(abc.o)
                               0x1488 (size before relaxing)
 .stab          0x00013770      0xcd8 contiki-sky.a(csma.o)
                               0x1668 (size before relaxing)
 .stab          0x00014448      0x1f8 contiki-sky.a(mac.o)
                                0x4ec (size before relaxing)
 .stab          0x00014640      0xa38 contiki-sky.a(queuebuf.o)
                               0x1860 (size before relaxing)
 .stab          0x00015078      0xc48 contiki-sky.a(packetbuf.o)
                               0x1a88 (size before relaxing)
 .stab          0x00015cc0      0x2ac contiki-sky.a(linkaddr.o)
                                0x6a8 (size before relaxing)
 .stab          0x00015f6c     0x1770 contiki-sky.a(contikimac.o)
                               0x2334 (size before relaxing)
 .stab          0x000176dc      0x810 contiki-sky.a(contikimac-fram)
                                0xe4c (size before relaxing)
 .stab          0x00017eec      0x39c contiki-sky.a(nullsec.o)
                                0xccc (size before relaxing)
 .stab          0x00018288      0x1f8 contiki-sky.a(spi.o)
                                0x420 (size before relaxing)
 .stab          0x00018480      0x4ec contiki-sky.a(compower.o)
                                0xcf0 (size before relaxing)
 .stab          0x0001896c      0x5c4 contiki-sky.a(memb.o)
                                0xaf8 (size before relaxing)
 .stab          0x00018f30      0xd44 contiki-sky.a(chameleon-bitop)
                               0x19bc (size before relaxing)
 .stab          0x00019c74      0x63c contiki-sky.a(mac-sequence.o)
                               0x147c (size before relaxing)
 .stab          0x0001a2b0      0x6d8 contiki-sky.a(framer-802154.o)
                                0xf18 (size before relaxing)
 .stab          0x0001a988      0xf9c contiki-sky.a(frame802154.o)
                               0x1788 (size before relaxing)

.stabstr        0x00000000    0x165ca
 *(.stabstr)
 .stabstr       0x00000000    0x165ca garage_node.co

.stab.excl
 *(.stab.excl)

.stab.exclstr
 *(.stab.exclstr)

.stab.index
 *(.stab.index)

.stab.indexstr
 *(.stab.indexstr)

.comment        0x00000000       0x30
 *(.comment)
 .comment       0x00000000       0x30 garage_node.co
                                 0x31 (size before relaxing)
 .comment       0x00000000       0x31 obj_sky/contiki-sky-main.o
 .comment       0x00000000       0x31 contiki-sky.a(contiki-sky-pla)
 .comment       0x00000000       0x31 contiki-sky.a(button-sensor.o)
 .comment       0x00000000       0x31 contiki-sky.a(ds2411.o)
 .comment       0x00000000       0x31 contiki-sky.a(xmem.o)
 .comment       0x00000000       0x31 contiki-sky.a(node-id.o)
 .comment       0x00000000       0x31 contiki-sky.a(sensors.o)
 .comment       0x00000000       0x31 contiki-sky.a(cc2420.o)
 .comment       0x00000000       0x31 contiki-sky.a(cc2420-arch.o)
 .comment       0x00000000       0x31 contiki-sky.a(uart1.o)
 .comment       0x00000000       0x31 contiki-sky.a(uart1-putchar.o)
 .comment       0x00000000       0x31 contiki-sky.a(msp430.o)
 .comment       0x00000000       0x31 contiki-sky.a(clock.o)
 .comment       0x00000000       0x31 contiki-sky.a(leds.o)
 .comment       0x00000000       0x31 contiki-sky.a(leds-arch.o)
 .comment       0x00000000       0x31 contiki-sky.a(watchdog.o)
 .comment       0x00000000       0x31 contiki-sky.a(rtimer-arch.o)
 .comment       0x00000000       0x31 contiki-sky.a(autostart.o)
 .comment       0x00000000       0x31 contiki-sky.a(ctimer.o)
 .comment       0x00000000       0x31 contiki-sky.a(energest.o)
 .comment       0x00000000       0x31 contiki-sky.a(etimer.o)
 .comment       0x00000000       0x31 contiki-sky.a(process.o)
 .comment       0x00000000       0x31 contiki-sky.a(rtimer.o)
 .comment       0x00000000       0x31 contiki-sky.a(timer.o)
 .comment       0x00000000       0x31 contiki-sky.a(serial-line.o)
 .comment       0x00000000       0x31 contiki-sky.a(ringbuf.o)
 .comment       0x00000000       0x31 contiki-sky.a(list.o)
 .comment       0x00000000       0x31 contiki-sky.a(random.o)
 .comment       0x00000000       0x31 contiki-sky.a(rime.o)
 .comment       0x00000000       0x31 contiki-sky.a(broadcast-annou)
 .comment       0x00000000       0x31 contiki-sky.a(announcement.o)
 .comment       0x00000000       0x31 contiki-sky.a(runicast.o)
 .comment       0x00000000       0x31 contiki-sky.a(stunicast.o)
 .comment       0x00000000       0x31 contiki-sky.a(chameleon.o)
 .comment       0x00000000       0x31 contiki-sky.a(channel.o)
 .comment       0x00000000       0x31 contiki-sky.a(broadcast.o)
 .comment       0x00000000       0x31 contiki-sky.a(unicast.o)
 .comment       0x00000000       0x31 contiki-sky.a(abc.o)
 .comment       0x00000000       0x31 contiki-sky.a(csma.o)
 .comment       0x00000000       0x31 contiki-sky.a(mac.o)
 .comment       0x00000000       0x31 contiki-sky.a(queuebuf.o)
 .comment       0x00000000       0x31 contiki-sky.a(packetbuf.o)
 .comment       0x00000000       0x31 contiki-sky.a(linkaddr.o)
 .comment       0x00000000       0x31 contiki-sky.a(contikimac.o)
 .comment       0x00000000       0x31 contiki-sky.a(contikimac-fram)
 .comment       0x00000000       0x31 contiki-sky.a(nullsec.o)
 .comment       0x00000000       0x31 contiki-sky.a(spi.o)
 .comment       0x00000000       0x31 contiki-sky.a(compower.o)
 .comment       0x00000000       0x31 contiki-sky.a(memb.o)
 .comment       0x00000000       0x31 contiki-sky.a(chameleon-bitop)
 .comment       0x00000000       0x31 contiki-sky.a(mac-sequence.o)
 .comment       0x00000000       0x31 contiki-sky.a(framer-802154.o)
 .comment       0x00000000       0x31 contiki-sky.a(frame802154.o)
 .comment       0x00000000       0x31 /usr/local/bin/../lib/gcc/msp430/4.7.2/../../../../msp430/lib/mmpy-16/libc.a(atoi.o)
 .comment       0x00000000       0x31 /usr/local/bin/../lib/gcc/msp430/4.7.2/../../../../msp430/lib/mmpy-16/libc.a(printf.o)
 .comment       0x00000000       0x31 /usr/local/bin/../lib/gcc/msp430/4.7.2/../../../../msp430/lib/mmpy-16/libc.a(sprintf.o)
 .comment       0x00000000       0x31 /usr/local/bin/../lib/gcc/msp430/4.7.2/../../../../msp430/lib/mmpy-16/libc.a(vuprintf.o)
 .comment       0x00000000       0x31 /usr/local/bin/../lib/gcc/msp430/4.7.2/../../../../msp430/lib/mmpy-16/libc.a(puts.o)
 .comment       0x00000000       0x31 /usr/local/bin/../lib/gcc/msp430/4.7.2/../../../../msp430/lib/mmpy-16/libc.a(rand.o)
 .comment       0x00000000       0x31 /usr/local/bin/../lib/gcc/msp430/4.7.2/../../../../msp430/lib/mmpy-16/libc.a(memcmp.o)
 .comment       0x00000000       0x31 /usr/local/bin/../lib/gcc/msp430/4.7.2/../../../../msp430/lib/mmpy-16/libc.a(memcpy.o)
 .comment       0x00000000       0x31 /usr/local/bin/../lib/gcc/msp430/4.7.2/../../../../msp430/lib/mmpy-16/libc.a(memset.o)

.debug
 *(.debug)

.line
 *(.line)

.debug_srcinfo
 *(.debug_srcinfo)

.debug_sfnames
 *(.debug_sfnames)

.debug_aranges  0x00000000      0x1b4
 *(.debug_aranges)
 .debug_aranges
                0x00000000       0x14 /usr/local/bin/../lib/gcc/msp430/4.7.2/mmpy-16/crt0ivtbl16.o
 .debug_aranges
                0x00000014       0x14 /usr/local/bin/../lib/gcc/msp430/4.7.2/mmpy-16/libgcc.a(_mulsi3.o)
 .debug_aranges
                0x00000028       0x14 /usr/local/bin/../lib/gcc/msp430/4.7.2/mmpy-16/libgcc.a(_udivmod32.o)
 .debug_aranges
                0x0000003c       0x14 /usr/local/bin/../lib/gcc/msp430/4.7.2/../../../../msp430/lib/mmpy-16/libc.a(atoi.o)
 .debug_aranges
                0x00000050       0x18 /usr/local/bin/../lib/gcc/msp430/4.7.2/../../../../msp430/lib/mmpy-16/libc.a(printf.o)
 .debug_aranges
                0x00000068       0x28 /usr/local/bin/../lib/gcc/msp430/4.7.2/../../../../msp430/lib/mmpy-16/libc.a(sprintf.o)
 .debug_aranges
                0x00000090       0x18 /usr/local/bin/../lib/gcc/msp430/4.7.2/../../../../msp430/lib/mmpy-16/libc.a(vuprintf.o)
 .debug_aranges
                0x000000a8       0x14 /usr/local/bin/../lib/gcc/msp430/4.7.2/../../../../msp430/lib/mmpy-16/libc.a(puts.o)
 .debug_aranges
                0x000000bc       0x1c /usr/local/bin/../lib/gcc/msp430/4.7.2/../../../../msp430/lib/mmpy-16/libc.a(rand.o)
 .debug_aranges
                0x000000d8       0x14 /usr/local/bin/../lib/gcc/msp430/4.7.2/../../../../msp430/lib/mmpy-16/libc.a(memcmp.o)
 .debug_aranges
                0x000000ec       0x14 /usr/local/bin/../lib/gcc/msp430/4.7.2/../../../../msp430/lib/mmpy-16/libc.a(memcpy.o)
 .debug_aranges
                0x00000100       0x14 /usr/local/bin/../lib/gcc/msp430/4.7.2/../../../../msp430/lib/mmpy-16/libc.a(memset.o)
 .debug_aranges
                0x00000114       0x14 /usr/local/bin/../lib/gcc/msp430/4.7.2/mmpy-16/libgcc.a(_udivmod16.o)
 .debug_aranges
                0x00000128       0x14 /usr/local/bin/../lib/gcc/msp430/4.7.2/mmpy-16/libgcc.a(_udivmod64.o)
 .debug_aranges
                0x0000013c       0x14 /usr/local/bin/../lib/gcc/msp430/4.7.2/mmpy-16/libcrt0.a(__watchdog_support.o)
 .debug_aranges
                0x00000150       0x14 /usr/local/bin/../lib/gcc/msp430/4.7.2/mmpy-16/libcrt0.a(__init_stack.o)
 .debug_aranges
                0x00000164       0x14 /usr/local/bin/../lib/gcc/msp430/4.7.2/mmpy-16/libcrt0.a(_copy_data.o)
 .debug_aranges
                0x00000178       0x14 /usr/local/bin/../lib/gcc/msp430/4.7.2/mmpy-16/libcrt0.a(_clear_bss.o)
 .debug_aranges
                0x0000018c       0x14 /usr/local/bin/../lib/gcc/msp430/4.7.2/mmpy-16/libcrt0.a(_endless_loop__.o)
 .debug_aranges
                0x000001a0       0x14 /usr/local/bin/../lib/gcc/msp430/4.7.2/mmpy-16/libcrt0.a(_unexpected_.o)

.debug_pubnames
 *(.debug_pubnames)

.debug_info     0x00000000     0x164c
 *(.debug_info)
 .debug_info    0x00000000       0x8f /usr/local/bin/../lib/gcc/msp430/4.7.2/mmpy-16/crt0ivtbl16.o
 .debug_info    0x0000008f       0x8c /usr/local/bin/../lib/gcc/msp430/4.7.2/mmpy-16/libgcc.a(_mulsi3.o)
 .debug_info    0x0000011b       0x8c /usr/local/bin/../lib/gcc/msp430/4.7.2/mmpy-16/libgcc.a(_udivmod32.o)
 .debug_info    0x000001a7       0xb9 /usr/local/bin/../lib/gcc/msp430/4.7.2/../../../../msp430/lib/mmpy-16/libc.a(atoi.o)
 .debug_info    0x00000260      0x16e /usr/local/bin/../lib/gcc/msp430/4.7.2/../../../../msp430/lib/mmpy-16/libc.a(printf.o)
 .debug_info    0x000003ce      0x321 /usr/local/bin/../lib/gcc/msp430/4.7.2/../../../../msp430/lib/mmpy-16/libc.a(sprintf.o)
 .debug_info    0x000006ef      0x5d4 /usr/local/bin/../lib/gcc/msp430/4.7.2/../../../../msp430/lib/mmpy-16/libc.a(vuprintf.o)
 .debug_info    0x00000cc3       0xc7 /usr/local/bin/../lib/gcc/msp430/4.7.2/../../../../msp430/lib/mmpy-16/libc.a(puts.o)
 .debug_info    0x00000d8a      0x146 /usr/local/bin/../lib/gcc/msp430/4.7.2/../../../../msp430/lib/mmpy-16/libc.a(rand.o)
 .debug_info    0x00000ed0       0xe5 /usr/local/bin/../lib/gcc/msp430/4.7.2/../../../../msp430/lib/mmpy-16/libc.a(memcmp.o)
 .debug_info    0x00000fb5      0x12c /usr/local/bin/../lib/gcc/msp430/4.7.2/../../../../msp430/lib/mmpy-16/libc.a(memcpy.o)
 .debug_info    0x000010e1      0x117 /usr/local/bin/../lib/gcc/msp430/4.7.2/../../../../msp430/lib/mmpy-16/libc.a(memset.o)
 .debug_info    0x000011f8       0x8c /usr/local/bin/../lib/gcc/msp430/4.7.2/mmpy-16/libgcc.a(_udivmod16.o)
 .debug_info    0x00001284       0x8c /usr/local/bin/../lib/gcc/msp430/4.7.2/mmpy-16/libgcc.a(_udivmod64.o)
 .debug_info    0x00001310       0x8a /usr/local/bin/../lib/gcc/msp430/4.7.2/mmpy-16/libcrt0.a(__watchdog_support.o)
 .debug_info    0x0000139a       0x8a /usr/local/bin/../lib/gcc/msp430/4.7.2/mmpy-16/libcrt0.a(__init_stack.o)
 .debug_info    0x00001424       0x8a /usr/local/bin/../lib/gcc/msp430/4.7.2/mmpy-16/libcrt0.a(_copy_data.o)
 .debug_info    0x000014ae       0x8a /usr/local/bin/../lib/gcc/msp430/4.7.2/mmpy-16/libcrt0.a(_clear_bss.o)
 .debug_info    0x00001538       0x8a /usr/local/bin/../lib/gcc/msp430/4.7.2/mmpy-16/libcrt0.a(_endless_loop__.o)
 .debug_info    0x000015c2       0x8a /usr/local/bin/../lib/gcc/msp430/4.7.2/mmpy-16/libcrt0.a(_unexpected_.o)
 *(.gnu.linkonce.wi.*)

.debug_abbrev   0x00000000      0x96b
 *(.debug_abbrev)
 .debug_abbrev  0x00000000       0x14 /usr/local/bin/../lib/gcc/msp430/4.7.2/mmpy-16/crt0ivtbl16.o
 .debug_abbrev  0x00000014       0x14 /usr/local/bin/../lib/gcc/msp430/4.7.2/mmpy-16/libgcc.a(_mulsi3.o)
 .debug_abbrev  0x00000028       0x14 /usr/local/bin/../lib/gcc/msp430/4.7.2/mmpy-16/libgcc.a(_udivmod32.o)
 .debug_abbrev  0x0000003c       0x83 /usr/local/bin/../lib/gcc/msp430/4.7.2/../../../../msp430/lib/mmpy-16/libc.a(atoi.o)
 .debug_abbrev  0x000000bf       0xfa /usr/local/bin/../lib/gcc/msp430/4.7.2/../../../../msp430/lib/mmpy-16/libc.a(printf.o)
 .debug_abbrev  0x000001b9      0x14c /usr/local/bin/../lib/gcc/msp430/4.7.2/../../../../msp430/lib/mmpy-16/libc.a(sprintf.o)
 .debug_abbrev  0x00000305      0x23e /usr/local/bin/../lib/gcc/msp430/4.7.2/../../../../msp430/lib/mmpy-16/libc.a(vuprintf.o)
 .debug_abbrev  0x00000543       0xa3 /usr/local/bin/../lib/gcc/msp430/4.7.2/../../../../msp430/lib/mmpy-16/libc.a(puts.o)
 .debug_abbrev  0x000005e6       0xfb /usr/local/bin/../lib/gcc/msp430/4.7.2/../../../../msp430/lib/mmpy-16/libc.a(rand.o)
 .debug_abbrev  0x000006e1       0x9e /usr/local/bin/../lib/gcc/msp430/4.7.2/../../../../msp430/lib/mmpy-16/libc.a(memcmp.o)
 .debug_abbrev  0x0000077f       0xab /usr/local/bin/../lib/gcc/msp430/4.7.2/../../../../msp430/lib/mmpy-16/libc.a(memcpy.o)
 .debug_abbrev  0x0000082a       0xa1 /usr/local/bin/../lib/gcc/msp430/4.7.2/../../../../msp430/lib/mmpy-16/libc.a(memset.o)
 .debug_abbrev  0x000008cb       0x14 /usr/local/bin/../lib/gcc/msp430/4.7.2/mmpy-16/libgcc.a(_udivmod16.o)
 .debug_abbrev  0x000008df       0x14 /usr/local/bin/../lib/gcc/msp430/4.7.2/mmpy-16/libgcc.a(_udivmod64.o)
 .debug_abbrev  0x000008f3       0x14 /usr/local/bin/../lib/gcc/msp430/4.7.2/mmpy-16/libcrt0.a(__watchdog_support.o)
 .debug_abbrev  0x00000907       0x14 /usr/local/bin/../lib/gcc/msp430/4.7.2/mmpy-16/libcrt0.a(__init_stack.o)
 .debug_abbrev  0x0000091b       0x14 /usr/local/bin/../lib/gcc/msp430/4.7.2/mmpy-16/libcrt0.a(_copy_data.o)
 .debug_abbrev  0x0000092f       0x14 /usr/local/bin/../lib/gcc/msp430/4.7.2/mmpy-16/libcrt0.a(_clear_bss.o)
 .debug_abbrev  0x00000943       0x14 /usr/local/bin/../lib/gcc/msp430/4.7.2/mmpy-16/libcrt0.a(_endless_loop__.o)
 .debug_abbrev  0x00000957       0x14 /usr/local/bin/../lib/gcc/msp430/4.7.2/mmpy-16/libcrt0.a(_unexpected_.o)

.debug_line     0x00000000      0xd70
 *(.debug_line)
 .debug_line    0x00000000       0x64 /usr/local/bin/../lib/gcc/msp430/4.7.2/mmpy-16/crt0ivtbl16.o
 .debug_line    0x00000064       0x77 /usr/local/bin/../lib/gcc/msp430/4.7.2/mmpy-16/libgcc.a(_mulsi3.o)
 .debug_line    0x000000db       0x7f /usr/local/bin/../lib/gcc/msp430/4.7.2/mmpy-16/libgcc.a(_udivmod32.o)
 .debug_line    0x0000015a       0x6e /usr/local/bin/../lib/gcc/msp430/4.7.2/../../../../msp430/lib/mmpy-16/libc.a(atoi.o)
 .debug_line    0x000001c8       0xa9 /usr/local/bin/../lib/gcc/msp430/4.7.2/../../../../msp430/lib/mmpy-16/libc.a(printf.o)
 .debug_line    0x00000271      0x107 /usr/local/bin/../lib/gcc/msp430/4.7.2/../../../../msp430/lib/mmpy-16/libc.a(sprintf.o)
 .debug_line    0x00000378      0x30a /usr/local/bin/../lib/gcc/msp430/4.7.2/../../../../msp430/lib/mmpy-16/libc.a(vuprintf.o)
 .debug_line    0x00000682       0x65 /usr/local/bin/../lib/gcc/msp430/4.7.2/../../../../msp430/lib/mmpy-16/libc.a(puts.o)
 .debug_line    0x000006e7       0x68 /usr/local/bin/../lib/gcc/msp430/4.7.2/../../../../msp430/lib/mmpy-16/libc.a(rand.o)
 .debug_line    0x0000074f       0x8f /usr/local/bin/../lib/gcc/msp430/4.7.2/../../../../msp430/lib/mmpy-16/libc.a(memcmp.o)
 .debug_line    0x000007de      0x118 /usr/local/bin/../lib/gcc/msp430/4.7.2/../../../../msp430/lib/mmpy-16/libc.a(memcpy.o)
 .debug_line    0x000008f6       0xf2 /usr/local/bin/../lib/gcc/msp430/4.7.2/../../../../msp430/lib/mmpy-16/libc.a(memset.o)
 .debug_line    0x000009e8       0x70 /usr/local/bin/../lib/gcc/msp430/4.7.2/mmpy-16/libgcc.a(_udivmod16.o)
 .debug_line    0x00000a58       0xc9 /usr/local/bin/../lib/gcc/msp430/4.7.2/mmpy-16/libgcc.a(_udivmod64.o)
 .debug_line    0x00000b21       0x62 /usr/local/bin/../lib/gcc/msp430/4.7.2/mmpy-16/libcrt0.a(__watchdog_support.o)
 .debug_line    0x00000b83       0x60 /usr/local/bin/../lib/gcc/msp430/4.7.2/mmpy-16/libcrt0.a(__init_stack.o)
 .debug_line    0x00000be3       0x66 /usr/local/bin/../lib/gcc/msp430/4.7.2/mmpy-16/libcrt0.a(_copy_data.o)
 .debug_line    0x00000c49       0x66 /usr/local/bin/../lib/gcc/msp430/4.7.2/mmpy-16/libcrt0.a(_clear_bss.o)
 .debug_line    0x00000caf       0x61 /usr/local/bin/../lib/gcc/msp430/4.7.2/mmpy-16/libcrt0.a(_endless_loop__.o)
 .debug_line    0x00000d10       0x60 /usr/local/bin/../lib/gcc/msp430/4.7.2/mmpy-16/libcrt0.a(_unexpected_.o)

.debug_frame    0x00000000      0x242
 *(.debug_frame)
 .debug_frame   0x00000000       0x24 /usr/local/bin/../lib/gcc/msp430/4.7.2/../../../../msp430/lib/mmpy-16/libc.a(atoi.o)
 .debug_frame   0x00000024       0x2a /usr/local/bin/../lib/gcc/msp430/4.7.2/../../../../msp430/lib/mmpy-16/libc.a(printf.o)
 .debug_frame   0x0000004e       0x68 /usr/local/bin/../lib/gcc/msp430/4.7.2/../../../../msp430/lib/mmpy-16/libc.a(sprintf.o)
 .debug_frame   0x000000b6       0xa0 /usr/local/bin/../lib/gcc/msp430/4.7.2/../../../../msp430/lib/mmpy-16/libc.a(vuprintf.o)
 .debug_frame   0x00000156       0x24 /usr/local/bin/../lib/gcc/msp430/4.7.2/../../../../msp430/lib/mmpy-16/libc.a(puts.o)
 .debug_frame   0x0000017a       0x3c /usr/local/bin/../lib/gcc/msp430/4.7.2/../../../../msp430/lib/mmpy-16/libc.a(rand.o)
 .debug_frame   0x000001b6       0x28 /usr/local/bin/../lib/gcc/msp430/4.7.2/../../../../msp430/lib/mmpy-16/libc.a(memcmp.o)
 .debug_frame   0x000001de       0x32 /usr/local/bin/../lib/gcc/msp430/4.7.2/../../../../msp430/lib/mmpy-16/libc.a(memcpy.o)
 .debug_frame   0x00000210       0x32 /usr/local/bin/../lib/gcc/msp430/4.7.2/../../../../msp430/lib/mmpy-16/libc.a(memset.o)

.debug_str      0x00000000      0x449
 *(.debug_str)
 .debug_str     0x00000000       0xb3 /usr/local/bin/../lib/gcc/msp430/4.7.2/../../../../msp430/lib/mmpy-16/libc.a(atoi.o)
                                 0xec (size before relaxing)
 .debug_str     0x000000b3       0x40 /usr/local/bin/../lib/gcc/msp430/4.7.2/../../../../msp430/lib/mmpy-16/libc.a(printf.o)
                                0x12a (size before relaxing)
 .debug_str     0x000000f3       0x75 /usr/local/bin/../lib/gcc/msp430/4.7.2/../../../../msp430/lib/mmpy-16/libc.a(sprintf.o)
                                0x18f (size before relaxing)
 .debug_str     0x00000168      0x218 /usr/local/bin/../lib/gcc/msp430/4.7.2/../../../../msp430/lib/mmpy-16/libc.a(vuprintf.o)
                                0x375 (size before relaxing)
 .debug_str     0x00000380       0x1d /usr/local/bin/../lib/gcc/msp430/4.7.2/../../../../msp430/lib/mmpy-16/libc.a(puts.o)
                                 0xef (size before relaxing)
 .debug_str     0x0000039d       0x2f /usr/local/bin/../lib/gcc/msp430/4.7.2/../../../../msp430/lib/mmpy-16/libc.a(rand.o)
                                0x106 (size before relaxing)
 .debug_str     0x000003cc       0x19 /usr/local/bin/../lib/gcc/msp430/4.7.2/../../../../msp430/lib/mmpy-16/libc.a(memcmp.o)
                                 0xf2 (size before relaxing)
 .debug_str     0x000003e5       0x3e /usr/local/bin/../lib/gcc/msp430/4.7.2/../../../../msp430/lib/mmpy-16/libc.a(memcpy.o)
                                0x120 (size before relaxing)
 .debug_str     0x00000423       0x26 /usr/local/bin/../lib/gcc/msp430/4.7.2/../../../../msp430/lib/mmpy-16/libc.a(memset.o)
                                0x11e (size before relaxing)

.debug_loc      0x00000000      0xdb5
 *(.debug_loc)
 .debug_loc     0x00000000       0x9a /usr/local/bin/../lib/gcc/msp430/4.7.2/../../../../msp430/lib/mmpy-16/libc.a(atoi.o)
 .debug_loc     0x0000009a       0x4c /usr/local/bin/../lib/gcc/msp430/4.7.2/../../../../msp430/lib/mmpy-16/libc.a(printf.o)
 .debug_loc     0x000000e6      0x13a /usr/local/bin/../lib/gcc/msp430/4.7.2/../../../../msp430/lib/mmpy-16/libc.a(sprintf.o)
 .debug_loc     0x00000220      0x80f /usr/local/bin/../lib/gcc/msp430/4.7.2/../../../../msp430/lib/mmpy-16/libc.a(vuprintf.o)
 .debug_loc     0x00000a2f       0x26 /usr/local/bin/../lib/gcc/msp430/4.7.2/../../../../msp430/lib/mmpy-16/libc.a(puts.o)
 .debug_loc     0x00000a55       0x4f /usr/local/bin/../lib/gcc/msp430/4.7.2/../../../../msp430/lib/mmpy-16/libc.a(rand.o)
 .debug_loc     0x00000aa4       0x4d /usr/local/bin/../lib/gcc/msp430/4.7.2/../../../../msp430/lib/mmpy-16/libc.a(memcmp.o)
 .debug_loc     0x00000af1      0x1e3 /usr/local/bin/../lib/gcc/msp430/4.7.2/../../../../msp430/lib/mmpy-16/libc.a(memcpy.o)
 .debug_loc     0x00000cd4       0xe1 /usr/local/bin/../lib/gcc/msp430/4.7.2/../../../../msp430/lib/mmpy-16/libc.a(memset.o)

.debug_macinfo
 *(.debug_macinfo)

.debug_pubtypes
 *(.debug_pubtypes)

.debug_ranges   0x00000000       0x84
 *(.debug_ranges)
 .debug_ranges  0x00000000        0x8 /usr/local/bin/../lib/gcc/msp430/4.7.2/../../../../msp430/lib/mmpy-16/libc.a(atoi.o)
 .debug_ranges  0x00000008        0xc /usr/local/bin/../lib/gcc/msp430/4.7.2/../../../../msp430/lib/mmpy-16/libc.a(printf.o)