Archive member included because of file (symbol)

contiki-sky.a(contiki-sky-pla)
                              obj_sky/contiki-sky-main.o (init_platform)
contiki-sky.a(button-sensor.o)
                              central_unit.co (button_sensor)
contiki-sky.a(ds2411.o)       obj_sky/contiki-sky-main.o (ds2411_init)
contiki-sky.a(xmem.o)         obj_sky/contiki-sky-main.o (xmem_init)
contiki-sky.a(node-id.o)      obj_sky/contiki-sky-main.o (node_id_restore)
contiki-sky.a(sensors.o)      central_unit.co (sensors_event)
contiki-sky.a(cc2420.o)       obj_sky/contiki-sky-main.o (cc2420_set_pan_addr)
contiki-sky.a(cc2420-arch.o)  contiki-sky.a(cc2420.o) (cc2420_arch_init)
contiki-sky.a(uart1.o)        obj_sky/contiki-sky-main.o (uart1_active)
contiki-sky.a(uart1-putchar.o)
                              central_unit.co (putchar)
contiki-sky.a(msp430.o)       contiki-sky.a(uart1.o) (msp430_add_lpm_req)
contiki-sky.a(clock.o)        obj_sky/contiki-sky-main.o (clock_init)
contiki-sky.a(leds.o)         obj_sky/contiki-sky-main.o (leds_init)
contiki-sky.a(leds-arch.o)    contiki-sky.a(leds.o) (leds_arch_init)
contiki-sky.a(watchdog.o)     obj_sky/contiki-sky-main.o (watchdog_start)
contiki-sky.a(rtimer-arch.o)  obj_sky/contiki-sky-main.o (rtimer_arch_now)
contiki-sky.a(autostart.o)    obj_sky/contiki-sky-main.o (autostart_start)
contiki-sky.a(ctimer.o)       obj_sky/contiki-sky-main.o (ctimer_init)
contiki-sky.a(energest.o)     obj_sky/contiki-sky-main.o (energest_init)
contiki-sky.a(etimer.o)       contiki-sky.a(clock.o) (etimer_request_poll)
contiki-sky.a(process.o)      contiki-sky.a(ctimer.o) (process_current)
contiki-sky.a(rtimer.o)       obj_sky/contiki-sky-main.o (rtimer_init)
contiki-sky.a(timer.o)        obj_sky/contiki-sky-main.o (timer_set)
contiki-sky.a(serial-line.o)  obj_sky/contiki-sky-main.o (serial_line_input_byte)
contiki-sky.a(ringbuf.o)      contiki-sky.a(serial-line.o) (ringbuf_init)
contiki-sky.a(list.o)         contiki-sky.a(ctimer.o) (list_init)
contiki-sky.a(random.o)       obj_sky/contiki-sky-main.o (random_init)
contiki-sky.a(rime.o)         obj_sky/contiki-sky-main.o (rime_driver)
contiki-sky.a(broadcast-annou)
                              contiki-sky.a(rime.o) (broadcast_announcement_init)
contiki-sky.a(announcement.o)
                              contiki-sky.a(rime.o) (announcement_init)
contiki-sky.a(runicast.o)     central_unit.co (runicast_open)
contiki-sky.a(stunicast.o)    contiki-sky.a(runicast.o) (stunicast_open)
contiki-sky.a(chameleon.o)    contiki-sky.a(rime.o) (chameleon_init)
contiki-sky.a(channel.o)      contiki-sky.a(chameleon.o) (channel_init)
contiki-sky.a(broadcast.o)    central_unit.co (broadcast_open)
contiki-sky.a(unicast.o)      contiki-sky.a(stunicast.o) (unicast_open)
contiki-sky.a(abc.o)          contiki-sky.a(broadcast.o) (abc_open)
contiki-sky.a(csma.o)         obj_sky/contiki-sky-main.o (csma_driver)
contiki-sky.a(mac.o)          contiki-sky.a(csma.o) (mac_call_sent_callback)
contiki-sky.a(queuebuf.o)     contiki-sky.a(rime.o) (queuebuf_init)
contiki-sky.a(packetbuf.o)    contiki-sky.a(cc2420.o) (packetbuf_set_datalen)
contiki-sky.a(linkaddr.o)     obj_sky/contiki-sky-main.o (linkaddr_copy)
contiki-sky.a(contikimac.o)   obj_sky/contiki-sky-main.o (contikimac_driver)
contiki-sky.a(contikimac-fram)
                              contiki-sky.a(contikimac.o) (contikimac_framer)
contiki-sky.a(nullsec.o)      obj_sky/contiki-sky-main.o (nullsec_driver)
contiki-sky.a(spi.o)          contiki-sky.a(xmem.o) (spi_init)
contiki-sky.a(compower.o)     contiki-sky.a(contikimac.o) (compower_idle_activity)
contiki-sky.a(memb.o)         contiki-sky.a(csma.o) (memb_init)
contiki-sky.a(chameleon-bitop)
                              contiki-sky.a(chameleon.o) (chameleon_bitopt)
contiki-sky.a(mac-sequence.o)
                              contiki-sky.a(contikimac.o) (mac_sequence_is_duplicate)
contiki-sky.a(framer-802154.o)
                              contiki-sky.a(contikimac-fram) (framer_802154)
contiki-sky.a(frame802154.o)  contiki-sky.a(framer-802154.o) (frame802154_get_pan_id)
/usr/local/bin/../lib/gcc/msp430/4.7.2/mmpy-16/libgcc.a(_mulsi3.o)
                              contiki-sky.a(csma.o) (__mulsi3)
/usr/local/bin/../lib/gcc/msp430/4.7.2/mmpy-16/libgcc.a(_udivmod32.o)
                              obj_sky/contiki-sky-main.o (__udivsi3)
/usr/local/bin/../lib/gcc/msp430/4.7.2/../../../../msp430/lib/mmpy-16/libc.a(atoi.o)
                              central_unit.co (atoi)
/usr/local/bin/../lib/gcc/msp430/4.7.2/../../../../msp430/lib/mmpy-16/libc.a(printf.o)
                              central_unit.co (printf)
/usr/local/bin/../lib/gcc/msp430/4.7.2/../../../../msp430/lib/mmpy-16/libc.a(sprintf.o)
                              central_unit.co (sprintf)
/usr/local/bin/../lib/gcc/msp430/4.7.2/../../../../msp430/lib/mmpy-16/libc.a(vuprintf.o)
                              /usr/local/bin/../lib/gcc/msp430/4.7.2/../../../../msp430/lib/mmpy-16/libc.a(printf.o) (vuprintf)
[...]
Memory Configuration

Name             Origin             Length             Attributes
sfr              0x00000000         0x00000010
peripheral_8bit  0x00000010         0x000000f0
peripheral_16bit 0x00000100         0x00000100
ram_mirror       0x00000200         0x00000800         xw
infomem          0x00001000         0x00000100
infob            0x00001000         0x00000080
infoa            0x00001080         0x00000080
ram              0x00001100         0x00002800         xw
rom              0x00004000         0x0000bfe0         xr
vectors          0x0000ffe0         0x00000020
bsl              0x00000000         0x00000000
infoc            0x00000000         0x00000000
infod            0x00000000         0x00000000
ram2             0x00000000         0x00000000         xw
usbram           0x00000000         0x00000000         xw
far_rom          0x00000000         0x00000000
*default*        0x00000000         0xffffffff

Linker script and memory map

LOAD /usr/local/bin/../lib/gcc/msp430/4.7.2/mmpy-16/crt0ivtbl16.o
LOAD central_unit.co
LOAD obj_sky/contiki-sky-main.o
LOAD contiki-sky.a
LOAD /usr/local/bin/../lib/gcc/msp430/4.7.2/mmpy-16/libgcc.a
LOAD /usr/local/bin/../lib/gcc/msp430/4.7.2/../../../../msp430/lib/mmpy-16/libc.a
LOAD /usr/local/bin/../lib/gcc/msp430/4.7.2/mmpy-16/libgcc.a
LOAD /usr/local/bin/../lib/gcc/msp430/4.7.2/mmpy-16/libcrt0.a
                0x00000080                PROVIDE (__info_segment_size, 0x80)
                0x00001000                PROVIDE (__infob, 0x1000)
                0x00001080                PROVIDE (__infoa, 0x1080)
                0x00000000                __IE1 = 0x0
                0x00000002                __IFG1 = 0x2
                0x00000004                __ME1 = 0x4
                0x00000001                __IE2 = 0x1
                0x00000003                __IFG2 = 0x3
                0x00000005                __ME2 = 0x5
                0x00000120                __WDTCTL = 0x120
                0x00000130                __MPY = 0x130
                0x00000132                __MPYS = 0x132
                0x00000134                __MAC = 0x134
                0x00000136                __MACS = 0x136
                0x00000138                __OP2 = 0x138
                0x0000013a                __RESLO = 0x13a
                0x0000013c                __RESHI = 0x13c
                0x0000013e                __SUMEXT = 0x13e
                0x00000020                __P1IN = 0x20
                0x00000021                __P1OUT = 0x21
                0x00000022                __P1DIR = 0x22
                0x00000023                __P1IFG = 0x23
                0x00000024                __P1IES = 0x24
                0x00000025                __P1IE = 0x25
                0x00000026                __P1SEL = 0x26
                0x00000028                __P2IN = 0x28
                0x00000029                __P2OUT = 0x29
                0x0000002a                __P2DIR = 0x2a
                0x0000002b                __P2IFG = 0x2b
                0x0000002c                __P2IES = 0x2c
                0x0000002d                __P2IE = 0x2d
                0x0000002e                __P2SEL = 0x2e
                0x00000018                __P3IN = 0x18
                0x00000019                __P3OUT = 0x19
                0x0000001a                __P3DIR = 0x1a
                0x0000001b                __P3SEL = 0x1b
                0x0000001c                __P4IN = 0x1c
                0x0000001d                __P4OUT = 0x1d
                0x0000001e                __P4DIR = 0x1e
                0x0000001f                __P4SEL = 0x1f
                0x00000030                __P5IN = 0x30
                0x00000031                __P5OUT = 0x31
                0x00000032                __P5DIR = 0x32
                0x00000033                __P5SEL = 0x33
                0x00000034                __P6IN = 0x34
                0x00000035                __P6OUT = 0x35
                0x00000036                __P6DIR = 0x36
                0x00000037                __P6SEL = 0x37
                0x00000070                __U0CTL = 0x70
                0x00000071                __U0TCTL = 0x71
                0x00000072                __U0RCTL = 0x72
                0x00000073                __U0MCTL = 0x73
                0x00000074                __U0BR0 = 0x74
                0x00000075                __U0BR1 = 0x75
                0x00000076                __U0RXBUF = 0x76
                0x00000077                __U0TXBUF = 0x77
                0x00000078                __U1CTL = 0x78
                0x00000079                __U1TCTL = 0x79
                0x0000007a                __U1RCTL = 0x7a
                0x0000007b                __U1MCTL = 0x7b
                0x0000007c                __U1BR0 = 0x7c
                0x0000007d                __U1BR1 = 0x7d
                0x0000007e                __U1RXBUF = 0x7e
                0x0000007f                __U1TXBUF = 0x7f
                0x00000050                __I2CIE = 0x50
                0x00000051                __I2CIFG = 0x51
                0x00000052                __I2CNDAT = 0x52
                0x00000071                __I2CTCTL = 0x71
                0x00000072                __I2CDCTL = 0x72
                0x00000073                __I2CPSC = 0x73
                0x00000074                __I2CSCLH = 0x74
                0x00000075                __I2CSCLL = 0x75
                0x00000076                __I2CDRB = 0x76
                0x00000076                __I2CDRW = 0x76
                0x00000118                __I2COA = 0x118
                0x0000011a                __I2CSA = 0x11a
                0x0000011c                __I2CIV = 0x11c
                0x0000012e                __TAIV = 0x12e
                0x00000160                __TACTL = 0x160
                0x00000162                __TACCTL0 = 0x162
                0x00000164                __TACCTL1 = 0x164
                0x00000166                __TACCTL2 = 0x166
                0x00000170                __TAR = 0x170
                0x00000172                __TACCR0 = 0x172
                0x00000174                __TACCR1 = 0x174
                0x00000176                __TACCR2 = 0x176
                0x0000011e                __TBIV = 0x11e
                0x00000180                __TBCTL = 0x180
                0x00000182                __TBCCTL0 = 0x182
                0x00000184                __TBCCTL1 = 0x184
                0x00000186                __TBCCTL2 = 0x186
                0x00000188                __TBCCTL3 = 0x188
                0x0000018a                __TBCCTL4 = 0x18a
                0x0000018c                __TBCCTL5 = 0x18c
                0x0000018e                __TBCCTL6 = 0x18e
                0x00000190                __TBR = 0x190
                0x00000192                __TBCCR0 = 0x192
                0x00000194                __TBCCR1 = 0x194
                0x00000196                __TBCCR2 = 0x196
                0x00000198                __TBCCR3 = 0x198
                0x0000019a                __TBCCR4 = 0x19a
                0x0000019c                __TBCCR5 = 0x19c
                0x0000019e                __TBCCR6 = 0x19e
                0x00000056                __DCOCTL = 0x56
                0x00000057                __BCSCTL1 = 0x57
                0x00000058                __BCSCTL2 = 0x58
                0x00000055                __SVSCTL = 0x55
                0x00000128                __FCTL1 = 0x128
                0x0000012a                __FCTL2 = 0x12a
                0x0000012c                __FCTL3 = 0x12c
                0x00000059                __CACTL1 = 0x59
                0x0000005a                __CACTL2 = 0x5a
                0x0000005b                __CAPD = 0x5b
                0x000001a0                __ADC12CTL0 = 0x1a0
                0x000001a2                __ADC12CTL1 = 0x1a2
                0x000001a4                __ADC12IFG = 0x1a4
                0x000001a6                __ADC12IE = 0x1a6
                0x000001a8                __ADC12IV = 0x1a8
                0x00000140                __ADC12MEM0 = 0x140
                0x00000142                __ADC12MEM1 = 0x142
                0x00000144                __ADC12MEM2 = 0x144
                0x00000146                __ADC12MEM3 = 0x146
                0x00000148                __ADC12MEM4 = 0x148
                0x0000014a                __ADC12MEM5 = 0x14a
                0x0000014c                __ADC12MEM6 = 0x14c
                0x0000014e                __ADC12MEM7 = 0x14e
                0x00000150                __ADC12MEM8 = 0x150
                0x00000152                __ADC12MEM9 = 0x152
                0x00000154                __ADC12MEM10 = 0x154
                0x00000156                __ADC12MEM11 = 0x156
                0x00000158                __ADC12MEM12 = 0x158
                0x0000015a                __ADC12MEM13 = 0x15a
                0x0000015c                __ADC12MEM14 = 0x15c
                0x0000015e                __ADC12MEM15 = 0x15e
                0x00000080                __ADC12MCTL0 = 0x80
                0x00000081                __ADC12MCTL1 = 0x81
                0x00000082                __ADC12MCTL2 = 0x82
                0x00000083                __ADC12MCTL3 = 0x83
                0x00000084                __ADC12MCTL4 = 0x84
                0x00000085                __ADC12MCTL5 = 0x85
                0x00000086                __ADC12MCTL6 = 0x86
                0x00000087                __ADC12MCTL7 = 0x87
                0x00000088                __ADC12MCTL8 = 0x88
                0x00000089                __ADC12MCTL9 = 0x89
                0x0000008a                __ADC12MCTL10 = 0x8a
                0x0000008b                __ADC12MCTL11 = 0x8b
                0x0000008c                __ADC12MCTL12 = 0x8c
                0x0000008d                __ADC12MCTL13 = 0x8d
                0x0000008e                __ADC12MCTL14 = 0x8e
                0x0000008f                __ADC12MCTL15 = 0x8f
                0x000001c0                __DAC12_0CTL = 0x1c0
                0x000001c2                __DAC12_1CTL = 0x1c2
                0x000001c8                __DAC12_0DAT = 0x1c8
                0x000001ca                __DAC12_1DAT = 0x1ca
                0x00000122                __DMACTL0 = 0x122
                0x00000124                __DMACTL1 = 0x124
                0x000001e0                __DMA0CTL = 0x1e0
                0x000001e8                __DMA1CTL = 0x1e8
                0x000001f0                __DMA2CTL = 0x1f0
                0x000001e2                __DMA0SA = 0x1e2
                0x000001e4                __DMA0DA = 0x1e4
                0x000001e6                __DMA0SZ = 0x1e6
                0x000001ea                __DMA1SA = 0x1ea
                0x000001ec                __DMA1DA = 0x1ec
                0x000001ee                __DMA1SZ = 0x1ee
                0x000001f2                __DMA2SA = 0x1f2
                0x000001f4                __DMA2DA = 0x1f4
                0x000001f6                __DMA2SZ = 0x1f6

.hash
 *(.hash)

.dynsym
 *(.dynsym)

.dynstr
 *(.dynstr)

.gnu.version
 *(.gnu.version)

.gnu.version_d
 *(.gnu.version_d)

.gnu.version_r
 *(.gnu.version_r)

.rel.init
 *(.rel.init)

.rela.init
 *(.rela.init)

.rel.fini
 *(.rel.fini)

.rela.fini
 *(.rela.fini)

.rel.text
 *(.rel.text .rel.text.* .rel.gnu.linkonce.t.*)

.rela.text
 *(.rela.text .rela.text.* .rela.gnu.linkonce.t.*)

.rel.rodata
 *(.rel.rodata .rel.rodata.* .rel.gnu.linkonce.r.*)

.rela.rodata
 *(.rela.rodata .rela.rodata.* .rela.gnu.linkonce.r.*)

.rel.data
 *(.rel.data .rel.data.* .rel.gnu.linkonce.d.*)

.rela.data
 *(.rela.data .rela.data.* .rela.gnu.linkonce.d.*)

.rel.bss
 *(.rel.bss .rel.bss.* .rel.gnu.linkonce.b.*)

.rela.bss
 *(.rela.bss .rela.bss.* .rela.gnu.linkonce.b.*)

.rel.ctors
 *(.rel.ctors)

.rela.ctors
 *(.rela.ctors)

.rel.dtors
 *(.rel.dtors)

.rela.dtors
 *(.rela.dtors)

.rel.got
 *(.rel.got)

.rela.got
 *(.rela.got)

.rel.plt
 *(.rel.plt)

.rela.plt
 *(.rela.plt)

.text           0x00004000     0x5a28
                0x00004000                . = ALIGN (0x2)
 *(.init .init.*)
 *(.init0)
 .init0         0x00004000        0x0 /usr/local/bin/../lib/gcc/msp430/4.7.2/mmpy-16/libcrt0.a(_reset_vector__.o)
                0x00004000                _reset_vector__
 *(.init1)
 .init1         0x00004000        0xc /usr/local/bin/../lib/gcc/msp430/4.7.2/mmpy-16/libcrt0.a(__watchdog_support.o)
                0x00004000                __watchdog_support
 *(.init2)
 .init2         0x0000400c        0x4 /usr/local/bin/../lib/gcc/msp430/4.7.2/mmpy-16/libcrt0.a(__init_stack.o)
                0x0000400c                __init_stack
 *(.init3)
 .init3         0x00004010        0x0 /usr/local/bin/../lib/gcc/msp430/4.7.2/mmpy-16/libcrt0.a(__low_level_init.o)
                0x00004010                __low_level_init
 *(.init4)
 .init4         0x00004010       0x18 /usr/local/bin/../lib/gcc/msp430/4.7.2/mmpy-16/libcrt0.a(_copy_data.o)
                0x00004010                __do_copy_data
 .init4         0x00004028       0x16 /usr/local/bin/../lib/gcc/msp430/4.7.2/mmpy-16/libcrt0.a(_clear_bss.o)
                0x00004028                __do_clear_bss
 *(.init5)
 *(.init6)
 *(.init7)
 *(.init8)
 *(.init9)
 .init9         0x0000403e      0x2d8 obj_sky/contiki-sky-main.o
                0x0000403e                main
 *(.fini9)
 .fini9         0x00004316        0x0 /usr/local/bin/../lib/gcc/msp430/4.7.2/mmpy-16/libcrt0.a(__stop_progExec__.o)
                0x00004316                __stop_progExec__
 *(.fini8)
 *(.fini7)
 *(.fini6)
 *(.fini5)
 *(.fini4)
 *(.fini3)
 *(.fini2)
 *(.fini1)
 *(.fini0)
 .fini0         0x00004316        0x6 /usr/local/bin/../lib/gcc/msp430/4.7.2/mmpy-16/libcrt0.a(_endless_loop__.o)
                0x00004316                _endless_loop__
 *(.fini .fini.*)
                0x0000431c                . = ALIGN (0x2)
                0x0000431c                __ctors_start = .
 *(.ctors)
                0x0000431c                __ctors_end = .
                0x0000431c                __dtors_start = .
 *(.dtors)
                0x0000431c                __dtors_end = .
                0x0000431c                . = ALIGN (0x2)
 *(.text .text.* .gnu.linkonce.t.*)
 .text          0x0000431c        0x4 /usr/local/bin/../lib/gcc/msp430/4.7.2/mmpy-16/crt0ivtbl16.o
                0x0000431c                __isr_14
                0x0000431c                __isr_11
                0x0000431c                __isr_2
                0x0000431c                __isr_7
                0x0000431c                __isr_0
                0x0000431c                __isr_8
                0x0000431c                __isr_3
                0x0000431c                __isr_12
                0x0000431c                __isr_13
                0x0000431c                __isr_9
 .text.broadcast_sent
                0x00004320        0x2 central_unit.co
 .text.sent_runicast
                0x00004322        0x2 central_unit.co
 .text.timedout_runicast
                0x00004324        0x2 central_unit.co
 .text.recv_runicast
                0x00004326       0x26 central_unit.co
 .text.broadcast_recv
                0x0000434c       0x20 central_unit.co
 .text.home_status_init
                0x0000436c       0x42 central_unit.co
                0x0000436c                home_status_init
 .text.r_send   0x000043ae       0x52 central_unit.co
                0x000043ae                r_send
 .text.store_status
                0x00004400       0x1e central_unit.co
                0x00004400                store_status
 .text.restore_status
                0x0000441e       0x20 central_unit.co
                0x0000441e                restore_status
 .text.show_available_commands
                0x0000443e       0xac central_unit.co
                0x0000443e                show_available_commands
 .text.process_thread_cu_main_process
                0x000044ea      0x310 central_unit.co
 .text.process_thread_cu_button_process
                0x000047fa      0x134 central_unit.co
 .text.init_platform
                0x0000492e        0xc contiki-sky.a(contiki-sky-pla)
                0x0000492e                init_platform
 .text.status   0x0000493a       0x18 contiki-sky.a(button-sensor.o)
 .text.value    0x00004952       0x20 contiki-sky.a(button-sensor.o)
 .text.configure
                0x00004972       0x4c contiki-sky.a(button-sensor.o)
 .text.irq_p2   0x000049be       0x88 contiki-sky.a(button-sensor.o)
                0x000049be                irq_p2
                0x000049be                __isr_1
 .text.owreadb  0x00004a46       0x50 contiki-sky.a(ds2411.o)
 .text.ds2411_init
                0x00004a96      0x120 contiki-sky.a(ds2411.o)
                0x00004a96                ds2411_init
 .text.wait_ready
                0x00004bb6       0x4a contiki-sky.a(xmem.o)
 .text.xmem_init
                0x00004c00       0x3c contiki-sky.a(xmem.o)
                0x00004c00                xmem_init
 .text.xmem_pread
                0x00004c3c       0xda contiki-sky.a(xmem.o)
                0x00004c3c                xmem_pread
 .text.node_id_restore
                0x00004d16       0x38 contiki-sky.a(node-id.o)
                0x00004d16                node_id_restore
 .text.process_thread_sensors_process
                0x00004d4e       0xc2 contiki-sky.a(sensors.o)
 .text.sensors_changed
                0x00004e10       0x2a contiki-sky.a(sensors.o)
                0x00004e10                sensors_changed
 .text.get_object
                0x00004e3a        0x4 contiki-sky.a(cc2420.o)
 .text.set_object
                0x00004e3e        0x4 contiki-sky.a(cc2420.o)
 .text.strobe   0x00004e42       0x1c contiki-sky.a(cc2420.o)
 .text.getreg   0x00004e5e       0x4c contiki-sky.a(cc2420.o)
 .text.setreg   0x00004eaa       0x4c contiki-sky.a(cc2420.o)
 .text.write_ram
                0x00004ef6       0x7c contiki-sky.a(cc2420.o)
 .text.write_fifo_buf
                0x00004f72       0x3c contiki-sky.a(cc2420.o)
 .text.get_status
                0x00004fae       0x20 contiki-sky.a(cc2420.o)
 .text.set_txpower
                0x00004fce       0x24 contiki-sky.a(cc2420.o)
 .text.cc2420_receiving_packet
                0x00004ff2        0xc contiki-sky.a(cc2420.o)
 .text.pending_packet
                0x00004ffe        0x8 contiki-sky.a(cc2420.o)
 .text.on       0x00005006       0x26 contiki-sky.a(cc2420.o)
 .text.wait_for_transmission
                0x0000502c       0x22 contiki-sky.a(cc2420.o)
 .text.wait_for_status
                0x0000504e       0x28 contiki-sky.a(cc2420.o)
 .text.getrxdata
                0x00005076       0x50 contiki-sky.a(cc2420.o)
 .text.flushrx  0x000050c6       0x1a contiki-sky.a(cc2420.o)
 .text.off      0x000050e0       0x5e contiki-sky.a(cc2420.o)
 .text.RELEASE_LOCK
                0x0000513e       0x28 contiki-sky.a(cc2420.o)
 .text.set_key  0x00005166       0x18 contiki-sky.a(cc2420.o)
 .text.set_frame_filtering
                0x0000517e       0x30 contiki-sky.a(cc2420.o)
 .text.set_auto_ack
                0x000051ae       0x30 contiki-sky.a(cc2420.o)
 .text.set_poll_mode
                0x000051de       0x2c contiki-sky.a(cc2420.o)
 .text.cc2420_prepare
                0x0000520a       0x3c contiki-sky.a(cc2420.o)
 .text.cc2420_on
                0x00005246       0x22 contiki-sky.a(cc2420.o)
                0x00005246                cc2420_on
 .text.cc2420_off
                0x00005268       0x30 contiki-sky.a(cc2420.o)
                0x00005268                cc2420_off
 .text.cc2420_cca
                0x00005298       0x68 contiki-sky.a(cc2420.o)
 .text.cc2420_read
                0x00005300       0xbc contiki-sky.a(cc2420.o)
 .text.process_thread_cc2420_process
                0x000053bc       0x5c contiki-sky.a(cc2420.o)
 .text.encrypt  0x00005418       0x88 contiki-sky.a(cc2420.o)
 .text.cc2420_set_channel
                0x000054a0       0x3c contiki-sky.a(cc2420.o)
                0x000054a0                cc2420_set_channel
 .text.cc2420_set_pan_addr
                0x000054dc       0x4c contiki-sky.a(cc2420.o)
                0x000054dc                cc2420_set_pan_addr
 .text.cc2420_interrupt
                0x00005528       0x16 contiki-sky.a(cc2420.o)
                0x00005528                cc2420_interrupt
 .text.cc2420_set_txpower
                0x0000553e        0xe contiki-sky.a(cc2420.o)
                0x0000553e                cc2420_set_txpower
 .text.cc2420_get_txpower
                0x0000554c       0x1e contiki-sky.a(cc2420.o)
                0x0000554c                cc2420_get_txpower
 .text.cc2420_transmit
                0x0000556a      0x136 contiki-sky.a(cc2420.o)
 .text.cc2420_send
                0x000056a0       0x12 contiki-sky.a(cc2420.o)
 .text.cc2420_rssi
                0x000056b2       0x4c contiki-sky.a(cc2420.o)
                0x000056b2                cc2420_rssi
 .text.get_value
                0x000056fe      0x104 contiki-sky.a(cc2420.o)
 .text.cc2420_set_cca_threshold
                0x00005802       0x16 contiki-sky.a(cc2420.o)
                0x00005802                cc2420_set_cca_threshold
 .text.set_value
                0x00005818       0xb8 contiki-sky.a(cc2420.o)
 .text.cc2420_init
                0x000058d0       0xea contiki-sky.a(cc2420.o)
                0x000058d0                cc2420_init
 .text.cc2420_port1_interrupt
                0x000059ba       0x62 contiki-sky.a(cc2420-arch.o)
                0x000059ba                __isr_4
                0x000059ba                cc2420_port1_interrupt
 .text.cc2420_arch_init
                0x00005a1c       0x1a contiki-sky.a(cc2420-arch.o)
                0x00005a1c                cc2420_arch_init
 .text.handle_rxdma_timer
                0x00005a36       0x3a contiki-sky.a(uart1.o)
 .text.uart1_active
                0x00005a70       0x18 contiki-sky.a(uart1.o)
                0x00005a70                uart1_active
 .text.uart1_set_input
                0x00005a88       0x20 contiki-sky.a(uart1.o)
                0x00005a88                uart1_set_input
 .text.uart1_writeb
                0x00005aa8       0x18 contiki-sky.a(uart1.o)
                0x00005aa8                uart1_writeb
 .text.uart1_init
                0x00005ac0       0xf4 contiki-sky.a(uart1.o)
                0x00005ac0                uart1_init
 .text.putchar  0x00005bb4       0x10 contiki-sky.a(uart1-putchar.o)
                0x00005bb4                putchar
 .text.msp430_init_dco
                0x00005bc4       0x82 contiki-sky.a(msp430.o)
                0x00005bc4                msp430_init_dco
 .text.msp430_add_lpm_req
                0x00005c46        0xc contiki-sky.a(msp430.o)
                0x00005c46                msp430_add_lpm_req
 .text.msp430_cpu_init
                0x00005c52       0x2a contiki-sky.a(msp430.o)
                0x00005c52                msp430_cpu_init
 .text.splhigh_
                0x00005c7c        0x8 contiki-sky.a(msp430.o)
                0x00005c7c                splhigh_
 .text.msp430_sync_dco
                0x00005c84       0x6c contiki-sky.a(msp430.o)
                0x00005c84                msp430_sync_dco
 .text.timera1  0x00005cf0      0x11e contiki-sky.a(clock.o)
                0x00005cf0                __isr_5
                0x00005cf0                timera1
 .text.clock_time
                0x00005e0e       0x1a contiki-sky.a(clock.o)
                0x00005e0e                clock_time
 .text.clock_init
                0x00005e28       0x28 contiki-sky.a(clock.o)
                0x00005e28                clock_init
 .text.clock_delay
                0x00005e50        0xc contiki-sky.a(clock.o)
                0x00005e50                clock_delay
 .text.show_leds
                0x00005e5c       0xf0 contiki-sky.a(leds.o)
 .text.leds_init
                0x00005f4c        0xa contiki-sky.a(leds.o)
                0x00005f4c                leds_init
 .text.leds_on  0x00005f56        0xa contiki-sky.a(leds.o)
                0x00005f56                leds_on
 .text.leds_off
                0x00005f60        0xe contiki-sky.a(leds.o)
                0x00005f60                leds_off
 .text.leds_arch_init
                0x00005f6e        0xe contiki-sky.a(leds-arch.o)
                0x00005f6e                leds_arch_init
 .text.leds_arch_set
                0x00005f7c       0x38 contiki-sky.a(leds-arch.o)
                0x00005f7c                leds_arch_set
 .text.watchdog_interrupt
                0x00005fb4        0x6 contiki-sky.a(watchdog.o)
                0x00005fb4                __isr_10
                0x00005fb4                watchdog_interrupt
 .text.watchdog_start
                0x00005fba       0x14 contiki-sky.a(watchdog.o)
                0x00005fba                watchdog_start
 .text.watchdog_periodic
                0x00005fce       0x12 contiki-sky.a(watchdog.o)
                0x00005fce                watchdog_periodic
 .text.watchdog_stop
                0x00005fe0       0x16 contiki-sky.a(watchdog.o)
                0x00005fe0                watchdog_stop
 .text.watchdog_init
                0x00005ff6       0x12 contiki-sky.a(watchdog.o)
                0x00005ff6                watchdog_init
 .text.rtimer_arch_init
                0x00006008        0xe contiki-sky.a(rtimer-arch.o)
                0x00006008                rtimer_arch_init
 .text.rtimer_arch_now
                0x00006016        0xe contiki-sky.a(rtimer-arch.o)
                0x00006016                rtimer_arch_now
 .text.timera0  0x00006024       0x70 contiki-sky.a(rtimer-arch.o)
                0x00006024                __isr_6
                0x00006024                timera0
 .text.rtimer_arch_schedule
                0x00006094        0x6 contiki-sky.a(rtimer-arch.o)
                0x00006094                rtimer_arch_schedule
 .text.autostart_start
                0x0000609a       0x16 contiki-sky.a(autostart.o)
                0x0000609a                autostart_start
 .text.process_thread_ctimer_process
                0x000060b0       0xa8 contiki-sky.a(ctimer.o)
 .text.ctimer_init
                0x00006158       0x18 contiki-sky.a(ctimer.o)
                0x00006158                ctimer_init
 .text.ctimer_set_with_process
                0x00006170       0x4e contiki-sky.a(ctimer.o)
                0x00006170                ctimer_set_with_process
 .text.ctimer_set
                0x000061be       0x10 contiki-sky.a(ctimer.o)
                0x000061be                ctimer_set
 .text.ctimer_reset
                0x000061ce       0x30 contiki-sky.a(ctimer.o)
                0x000061ce                ctimer_reset
 .text.ctimer_restart
                0x000061fe       0x30 contiki-sky.a(ctimer.o)
                0x000061fe                ctimer_restart
 .text.ctimer_stop
                0x0000622e       0x28 contiki-sky.a(ctimer.o)
                0x0000622e                ctimer_stop
 .text.energest_init
                0x00006256       0x26 contiki-sky.a(energest.o)
                0x00006256                energest_init
 .text.energest_type_time
                0x0000627c       0x48 contiki-sky.a(energest.o)
                0x0000627c                energest_type_time
 .text.energest_type_set
                0x000062c4        0xe contiki-sky.a(energest.o)
                0x000062c4                energest_type_set
 .text.energest_flush
                0x000062d2       0x48 contiki-sky.a(energest.o)
                0x000062d2                energest_flush
 .text.update_time
                0x0000631a       0x78 contiki-sky.a(etimer.o)
 .text.etimer_request_poll
                0x00006392        0xa contiki-sky.a(etimer.o)
                0x00006392                etimer_request_poll
 .text.process_thread_etimer_process
                0x0000639c       0xcc contiki-sky.a(etimer.o)
 .text.add_timer
                0x00006468       0x40 contiki-sky.a(etimer.o)
 .text.etimer_set
                0x000064a8       0x12 contiki-sky.a(etimer.o)
                0x000064a8                etimer_set
 .text.etimer_reset
                0x000064ba       0x12 contiki-sky.a(etimer.o)
                0x000064ba                etimer_reset
 .text.etimer_restart
                0x000064cc       0x12 contiki-sky.a(etimer.o)
                0x000064cc                etimer_restart
 .text.etimer_expired
                0x000064de        0xe contiki-sky.a(etimer.o)
                0x000064de                etimer_expired
 .text.etimer_pending
                0x000064ec        0xc contiki-sky.a(etimer.o)
                0x000064ec                etimer_pending
 .text.etimer_next_expiration_time
                0x000064f8       0x16 contiki-sky.a(etimer.o)
                0x000064f8                etimer_next_expiration_time
 .text.etimer_stop
                0x0000650e       0x3e contiki-sky.a(etimer.o)
                0x0000650e                etimer_stop
 .text.call_process
                0x0000654c       0x46 contiki-sky.a(process.o)
 .text.exit_process
                0x00006592       0x96 contiki-sky.a(process.o)
 .text.do_poll  0x00006628       0x30 contiki-sky.a(process.o)
 .text.process_alloc_event
                0x00006658        0xe contiki-sky.a(process.o)
                0x00006658                process_alloc_event
 .text.process_init
                0x00006666       0x1c contiki-sky.a(process.o)
                0x00006666                process_init
 .text.process_run
                0x00006682       0x92 contiki-sky.a(process.o)
                0x00006682                process_run
 .text.process_nevents
                0x00006714        0xe contiki-sky.a(process.o)
                0x00006714                process_nevents
 .text.process_post
                0x00006722       0x4e contiki-sky.a(process.o)
                0x00006722                process_post
 .text.process_post_synch
                0x00006770       0x12 contiki-sky.a(process.o)
                0x00006770                process_post_synch
 .text.process_start
                0x00006782       0x36 contiki-sky.a(process.o)
                0x00006782                process_start
 .text.process_poll
                0x000067b8       0x18 contiki-sky.a(process.o)
                0x000067b8                process_poll
 .text.rtimer_init
                0x000067d0        0x6 contiki-sky.a(rtimer.o)
                0x000067d0                rtimer_init
 .text.rtimer_set
                0x000067d6       0x24 contiki-sky.a(rtimer.o)
                0x000067d6                rtimer_set
 .text.rtimer_run_next
                0x000067fa       0x26 contiki-sky.a(rtimer.o)
                0x000067fa                rtimer_run_next
 .text.timer_set
                0x00006820       0x1c contiki-sky.a(timer.o)
                0x00006820                timer_set
 .text.timer_reset
                0x0000683c        0xe contiki-sky.a(timer.o)
                0x0000683c                timer_reset
 .text.timer_restart
                0x0000684a       0x14 contiki-sky.a(timer.o)
                0x0000684a                timer_restart
 .text.timer_expired
                0x0000685e       0x2a contiki-sky.a(timer.o)
                0x0000685e                timer_expired
 .text.process_thread_serial_line_process
                0x00006888       0x9e contiki-sky.a(serial-line.o)
 .text.serial_line_input_byte
                0x00006926       0x4a contiki-sky.a(serial-line.o)
                0x00006926                serial_line_input_byte
 .text.serial_line_init
                0x00006970       0x1c contiki-sky.a(serial-line.o)
                0x00006970                serial_line_init
 .text.ringbuf_init
                0x0000698c       0x14 contiki-sky.a(ringbuf.o)
                0x0000698c                ringbuf_init
 .text.ringbuf_put
                0x000069a0       0x38 contiki-sky.a(ringbuf.o)
                0x000069a0                ringbuf_put
 .text.ringbuf_get
                0x000069d8       0x32 contiki-sky.a(ringbuf.o)
                0x000069d8                ringbuf_get
 .text.list_init
                0x00006a0a        0x6 contiki-sky.a(list.o)
                0x00006a0a                list_init
 .text.list_head
                0x00006a10        0x4 contiki-sky.a(list.o)
                0x00006a10                list_head
 .text.list_tail
                0x00006a14       0x12 contiki-sky.a(list.o)
                0x00006a14                list_tail
 .text.list_remove
                0x00006a26       0x34 contiki-sky.a(list.o)
                0x00006a26                list_remove
 .text.list_push
                0x00006a5a       0x1a contiki-sky.a(list.o)
                0x00006a5a                list_push
 .text.list_add
                0x00006a74       0x2a contiki-sky.a(list.o)
                0x00006a74                list_add
 .text.list_length
                0x00006a9e       0x10 contiki-sky.a(list.o)
                0x00006a9e                list_length
 .text.list_item_next
                0x00006aae        0xc contiki-sky.a(list.o)
                0x00006aae                list_item_next
 .text.random_init
                0x00006aba        0x6 contiki-sky.a(random.o)
                0x00006aba                random_init
 .text.random_rand
                0x00006ac0        0x6 contiki-sky.a(random.o)
                0x00006ac0                random_rand
 .text.input    0x00006ac6       0x3a contiki-sky.a(rime.o)
 .text.init     0x00006b00       0x2e contiki-sky.a(rime.o)
 .text.packet_sent
                0x00006b2e       0x44 contiki-sky.a(rime.o)
 .text.rime_output
                0x00006b72       0x24 contiki-sky.a(rime.o)
                0x00006b72                rime_output
 .text.adv_packet_sent
                0x00006b96        0x2 contiki-sky.a(broadcast-annou)
 .text.adv_packet_received
                0x00006b98       0x64 contiki-sky.a(broadcast-annou)
 .text.set_timers
                0x00006bfc       0x4a contiki-sky.a(broadcast-annou)
 .text.send_timer
                0x00006c46       0x32 contiki-sky.a(broadcast-annou)
 .text.send_adv
                0x00006c78       0x66 contiki-sky.a(broadcast-annou)
 .text.new_announcement
                0x00006cde       0x18 contiki-sky.a(broadcast-annou)
 .text.broadcast_announcement_init
                0x00006cf6       0x48 contiki-sky.a(broadcast-annou)
                0x00006cf6                broadcast_announcement_init
 .text.announcement_init
                0x00006d3e        0xa contiki-sky.a(announcement.o)
                0x00006d3e                announcement_init
 .text.announcement_register_observer_callback
                0x00006d48        0x6 contiki-sky.a(announcement.o)
                0x00006d48                announcement_register_observer_callback
 .text.announcement_list
                0x00006d4e        0xa contiki-sky.a(announcement.o)
                0x00006d4e                announcement_list
 .text.announcement_heard
                0x00006d58       0x42 contiki-sky.a(announcement.o)
                0x00006d58                announcement_heard
 .text.sent_by_stunicast
                0x00006d9a       0x5e contiki-sky.a(runicast.o)
 .text.recv_from_stunicast
                0x00006df8       0x9e contiki-sky.a(runicast.o)
 .text.runicast_open
                0x00006e96       0x36 contiki-sky.a(runicast.o)
                0x00006e96                runicast_open
 .text.runicast_close
                0x00006ecc        0x6 contiki-sky.a(runicast.o)
                0x00006ecc                runicast_close
 .text.runicast_is_transmitting
                0x00006ed2        0x6 contiki-sky.a(runicast.o)
                0x00006ed2                runicast_is_transmitting
 .text.runicast_send
                0x00006ed8       0x48 contiki-sky.a(runicast.o)
                0x00006ed8                runicast_send
 .text.recv_from_uc
                0x00006f20        0xe contiki-sky.a(stunicast.o)
 .text.sent_by_uc
                0x00006f2e       0x10 contiki-sky.a(stunicast.o)
 .text.send     0x00006f3e       0x2a contiki-sky.a(stunicast.o)
 .text.stunicast_open
                0x00006f68       0x1a contiki-sky.a(stunicast.o)
                0x00006f68                stunicast_open
 .text.stunicast_receiver
                0x00006f82        0x6 contiki-sky.a(stunicast.o)
                0x00006f82                stunicast_receiver
 .text.stunicast_send_stubborn
                0x00006f88       0x68 contiki-sky.a(stunicast.o)
                0x00006f88                stunicast_send_stubborn
 .text.stunicast_send
                0x00006ff0        0x6 contiki-sky.a(stunicast.o)
                0x00006ff0                stunicast_send
 .text.stunicast_cancel
                0x00006ff6       0x20 contiki-sky.a(stunicast.o)
                0x00006ff6                stunicast_cancel
 .text.stunicast_close
                0x00007016       0x12 contiki-sky.a(stunicast.o)
                0x00007016                stunicast_close
 .text.chameleon_init
                0x00007028        0x6 contiki-sky.a(chameleon.o)
                0x00007028                chameleon_init
 .text.chameleon_parse
                0x0000702e       0x10 contiki-sky.a(chameleon.o)
                0x0000702e                chameleon_parse
 .text.chameleon_create
                0x0000703e       0x1c contiki-sky.a(chameleon.o)
                0x0000703e                chameleon_create
 .text.chameleon_hdrsize
                0x0000705a        0x6 contiki-sky.a(chameleon.o)
                0x0000705a                chameleon_hdrsize
 .text.channel_init
                0x00007060        0xa contiki-sky.a(channel.o)
                0x00007060                channel_init
 .text.channel_open
                0x0000706a       0x10 contiki-sky.a(channel.o)
                0x0000706a                channel_open
 .text.channel_close
                0x0000707a        0xc contiki-sky.a(channel.o)
                0x0000707a                channel_close
 .text.channel_lookup
                0x00007086       0x20 contiki-sky.a(channel.o)
                0x00007086                channel_lookup
 .text.channel_set_attributes
                0x000070a6       0x24 contiki-sky.a(channel.o)
                0x000070a6                channel_set_attributes
 .text.sent_by_abc
                0x000070ca       0x10 contiki-sky.a(broadcast.o)
 .text.recv_from_abc
                0x000070da       0x26 contiki-sky.a(broadcast.o)
 .text.broadcast_open
                0x00007100       0x2a contiki-sky.a(broadcast.o)
                0x00007100                broadcast_open
 .text.broadcast_close
                0x0000712a        0x6 contiki-sky.a(broadcast.o)
                0x0000712a                broadcast_close
 .text.broadcast_send
                0x00007130       0x1a contiki-sky.a(broadcast.o)
                0x00007130                broadcast_send
 .text.sent_by_broadcast
                0x0000714a       0x10 contiki-sky.a(unicast.o)
 .text.recv_from_broadcast
                0x0000715a       0x2e contiki-sky.a(unicast.o)
 .text.unicast_open
                0x00007188       0x2a contiki-sky.a(unicast.o)
                0x00007188                unicast_open
 .text.unicast_close
                0x000071b2        0x6 contiki-sky.a(unicast.o)
                0x000071b2                unicast_close
 .text.unicast_send
                0x000071b8       0x16 contiki-sky.a(unicast.o)
                0x000071b8                unicast_send
 .text.abc_open
                0x000071ce       0x26 contiki-sky.a(abc.o)
                0x000071ce                abc_open
 .text.abc_close
                0x000071f4        0x6 contiki-sky.a(abc.o)
                0x000071f4                abc_close
 .text.abc_send
                0x000071fa        0x6 contiki-sky.a(abc.o)
                0x000071fa                abc_send
 .text.abc_input
                0x00007200        0xe contiki-sky.a(abc.o)
                0x00007200                abc_input
 .text.abc_sent
                0x0000720e       0x10 contiki-sky.a(abc.o)
                0x0000720e                abc_sent
 .text.input_packet
                0x0000721e        0x6 contiki-sky.a(csma.o)
 .text.on       0x00007224        0x6 contiki-sky.a(csma.o)
 .text.off      0x0000722a        0x6 contiki-sky.a(csma.o)
 .text.channel_check_interval
                0x00007230       0x10 contiki-sky.a(csma.o)
 .text.transmit_packet_list
                0x00007240       0x24 contiki-sky.a(csma.o)
 .text.schedule_transmission
                0x00007264       0x94 contiki-sky.a(csma.o)
 .text.init     0x000072f8       0x1a contiki-sky.a(csma.o)
 .text.tx_done  0x00007312       0x92 contiki-sky.a(csma.o)
 .text.send_packet
                0x000073a4      0x170 contiki-sky.a(csma.o)
 .text.packet_sent
                0x00007514       0xd6 contiki-sky.a(csma.o)
 .text.mac_call_sent_callback
                0x000075ea       0x14 contiki-sky.a(mac.o)
                0x000075ea                mac_call_sent_callback
 .text.queuebuf_init
                0x000075fe       0x12 contiki-sky.a(queuebuf.o)
                0x000075fe                queuebuf_init
 .text.queuebuf_new_from_packetbuf
                0x00007610       0x52 contiki-sky.a(queuebuf.o)
                0x00007610                queuebuf_new_from_packetbuf
 .text.queuebuf_update_attr_from_packetbuf
                0x00007662       0x12 contiki-sky.a(queuebuf.o)
                0x00007662                queuebuf_update_attr_from_packetbuf
 .text.queuebuf_update_from_packetbuf
                0x00007674       0x22 contiki-sky.a(queuebuf.o)
                0x00007674                queuebuf_update_from_packetbuf
 .text.queuebuf_free
                0x00007696       0x2a contiki-sky.a(queuebuf.o)
                0x00007696                queuebuf_free
 .text.queuebuf_to_packetbuf
                0x000076c0       0x32 contiki-sky.a(queuebuf.o)
                0x000076c0                queuebuf_to_packetbuf
 .text.queuebuf_attr
                0x000076f2        0xe contiki-sky.a(queuebuf.o)
                0x000076f2                queuebuf_attr
 .text.packetbuf_hdrreduce
                0x00007700       0x1a contiki-sky.a(packetbuf.o)
                0x00007700                packetbuf_hdrreduce
 .text.packetbuf_set_datalen
                0x0000771a        0x6 contiki-sky.a(packetbuf.o)
                0x0000771a                packetbuf_set_datalen
 .text.packetbuf_hdrptr
                0x00007720        0x6 contiki-sky.a(packetbuf.o)
                0x00007720                packetbuf_hdrptr
 .text.packetbuf_datalen
                0x00007726        0x6 contiki-sky.a(packetbuf.o)
                0x00007726                packetbuf_datalen
 .text.packetbuf_hdrlen
                0x0000772c        0xa contiki-sky.a(packetbuf.o)
                0x0000772c                packetbuf_hdrlen
 .text.packetbuf_dataptr
                0x00007736        0xc contiki-sky.a(packetbuf.o)
                0x00007736                packetbuf_dataptr
 .text.packetbuf_copyto
                0x00007742       0x46 contiki-sky.a(packetbuf.o)
                0x00007742                packetbuf_copyto
 .text.packetbuf_compact
                0x00007788       0x44 contiki-sky.a(packetbuf.o)
                0x00007788                packetbuf_compact
 .text.packetbuf_totlen
                0x000077cc        0xc contiki-sky.a(packetbuf.o)
                0x000077cc                packetbuf_totlen
 .text.packetbuf_hdralloc
                0x000077d8       0x3c contiki-sky.a(packetbuf.o)
                0x000077d8                packetbuf_hdralloc
 .text.packetbuf_attr_clear
                0x00007814       0x2c contiki-sky.a(packetbuf.o)
                0x00007814                packetbuf_attr_clear
 .text.packetbuf_clear
                0x00007840       0x12 contiki-sky.a(packetbuf.o)
                0x00007840                packetbuf_clear
 .text.packetbuf_copyfrom
                0x00007852       0x2e contiki-sky.a(packetbuf.o)
                0x00007852                packetbuf_copyfrom
 .text.packetbuf_attr_copyto
                0x00007880       0x20 contiki-sky.a(packetbuf.o)
                0x00007880                packetbuf_attr_copyto
 .text.packetbuf_attr_copyfrom
                0x000078a0       0x22 contiki-sky.a(packetbuf.o)
                0x000078a0                packetbuf_attr_copyfrom
 .text.packetbuf_holds_broadcast
                0x000078c2        0xe contiki-sky.a(packetbuf.o)
                0x000078c2                packetbuf_holds_broadcast
 .text.linkaddr_copy
                0x000078d0        0xc contiki-sky.a(linkaddr.o)
                0x000078d0                linkaddr_copy
 .text.linkaddr_cmp
                0x000078dc       0x12 contiki-sky.a(linkaddr.o)
                0x000078dc                linkaddr_cmp
 .text.linkaddr_set_node_addr
                0x000078ee        0xc contiki-sky.a(linkaddr.o)
                0x000078ee                linkaddr_set_node_addr
 .text.duty_cycle
                0x000078fa        0x6 contiki-sky.a(contikimac.o)
 .text.init     0x00007900       0x2a contiki-sky.a(contikimac.o)
 .text.on       0x0000792a       0x1a contiki-sky.a(contikimac.o)
 .text.off      0x00007944       0x22 contiki-sky.a(contikimac.o)
 .text.recv_burst_off
                0x00007966        0xa contiki-sky.a(contikimac.o)
 .text.turn_off
                0x00007970       0x20 contiki-sky.a(contikimac.o)
 .text.turn_on  0x00007990       0x30 contiki-sky.a(contikimac.o)
 .text.schedule_powercycle_fixed.part.4
                0x000079c0       0x32 contiki-sky.a(contikimac.o)
 .text.powercycle_turn_radio_off
                0x000079f2       0x30 contiki-sky.a(contikimac.o)
 .text.input_packet
                0x00007a22       0xb6 contiki-sky.a(contikimac.o)
 .text.send_packet.isra.8
                0x00007ad8      0x20c contiki-sky.a(contikimac.o)
 .text.qsend_list
                0x00007ce4       0xc6 contiki-sky.a(contikimac.o)
 .text.qsend_packet
                0x00007daa       0x28 contiki-sky.a(contikimac.o)
 .text.powercycle_wrapper
                0x00007dd2      0x1ca contiki-sky.a(contikimac.o)
 .text.hdr_length
                0x00007f9c        0x8 contiki-sky.a(contikimac-fram)
 .text.parse    0x00007fa4       0x3a contiki-sky.a(contikimac-fram)
 .text.create   0x00007fde       0x74 contiki-sky.a(contikimac-fram)
 .text.init     0x00008052        0x2 contiki-sky.a(nullsec.o)
 .text.send     0x00008054        0xa contiki-sky.a(nullsec.o)
 .text.input    0x0000805e        0x6 contiki-sky.a(nullsec.o)
 .text.spi_init
                0x00008064       0x30 contiki-sky.a(spi.o)
                0x00008064                spi_init
 .text.compower_accumulate
                0x00008094       0x72 contiki-sky.a(compower.o)
                0x00008094                compower_accumulate
 .text.compower_clear
                0x00008106       0x12 contiki-sky.a(compower.o)
                0x00008106                compower_clear
 .text.compower_attrconv
                0x00008118       0x10 contiki-sky.a(compower.o)
                0x00008118                compower_attrconv
 .text.memb_init
                0x00008128       0x36 contiki-sky.a(memb.o)
                0x00008128                memb_init
 .text.memb_alloc
                0x0000815e       0x3e contiki-sky.a(memb.o)
                0x0000815e                memb_alloc
 .text.memb_free
                0x0000819c       0x3a contiki-sky.a(memb.o)
                0x0000819c                memb_free
 .text.memb_inmemb
                0x000081d6       0x2a contiki-sky.a(memb.o)
                0x000081d6                memb_inmemb
 .text.get_bits_in_byte
                0x00008200       0x3a contiki-sky.a(chameleon-bitop)
 .text.header_size
                0x0000823a       0x16 contiki-sky.a(chameleon-bitop)
 .text.get_bits
                0x00008250       0xa2 contiki-sky.a(chameleon-bitop)
                0x00008250                get_bits
 .text.unpack_header
                0x000082f2       0xd8 contiki-sky.a(chameleon-bitop)
 .text.set_bits
                0x000083ca      0x124 contiki-sky.a(chameleon-bitop)
                0x000083ca                set_bits
 .text.pack_header
                0x000084ee       0xc6 contiki-sky.a(chameleon-bitop)
 .text.mac_sequence_is_duplicate
                0x000085b4       0x6e contiki-sky.a(mac-sequence.o)
                0x000085b4                mac_sequence_is_duplicate
 .text.mac_sequence_register_seqno
                0x00008622       0x78 contiki-sky.a(mac-sequence.o)
                0x00008622                mac_sequence_register_seqno
 .text.create_frame.isra.0
                0x0000869a      0x114 contiki-sky.a(framer-802154.o)
 .text.create   0x000087ae        0x8 contiki-sky.a(framer-802154.o)
 .text.hdr_length
                0x000087b6        0x8 contiki-sky.a(framer-802154.o)
 .text.parse    0x000087be       0xa8 contiki-sky.a(framer-802154.o)
 .text.frame802154_get_pan_id
                0x00008866        0x6 contiki-sky.a(frame802154.o)
                0x00008866                frame802154_get_pan_id
 .text.frame802154_has_panid
                0x0000886c       0x78 contiki-sky.a(frame802154.o)
                0x0000886c                frame802154_has_panid
 .text.field_len
                0x000088e4       0xac contiki-sky.a(frame802154.o)
 .text.frame802154_is_broadcast_addr
                0x00008990       0x28 contiki-sky.a(frame802154.o)
                0x00008990                frame802154_is_broadcast_addr
 .text.frame802154_hdrlen
                0x000089b8       0x32 contiki-sky.a(frame802154.o)
                0x000089b8                frame802154_hdrlen
 .text.frame802154_create
                0x000089ea      0x16a contiki-sky.a(frame802154.o)
                0x000089ea                frame802154_create
 .text.frame802154_parse
                0x00008b54      0x200 contiki-sky.a(frame802154.o)
                0x00008b54                frame802154_parse
 .text.libgcc   0x00008d54       0x2c /usr/local/bin/../lib/gcc/msp430/4.7.2/mmpy-16/libgcc.a(_mulsi3.o)
                0x00008d54                __mulsi3
 .text.libgcc   0x00008d80       0x40 /usr/local/bin/../lib/gcc/msp430/4.7.2/mmpy-16/libgcc.a(_udivmod32.o)
                0x00008d80                __udivsi3
                0x00008d80                __ext_udivmod32
                0x00008db6                __umodsi3
 .text.atoi     0x00008dc0       0x8a /usr/local/bin/../lib/gcc/msp430/4.7.2/../../../../msp430/lib/mmpy-16/libc.a(atoi.o)
                0x00008dc0                atoi
 .text.printf   0x00008e4a       0x10 /usr/local/bin/../lib/gcc/msp430/4.7.2/../../../../msp430/lib/mmpy-16/libc.a(printf.o)
                0x00008e4a                printf
 .text.append   0x00008e5a       0x22 /usr/local/bin/../lib/gcc/msp430/4.7.2/../../../../msp430/lib/mmpy-16/libc.a(sprintf.o)
 .text.call_vuprintf
                0x00008e7c       0x3a /usr/local/bin/../lib/gcc/msp430/4.7.2/../../../../msp430/lib/mmpy-16/libc.a(sprintf.o)
 .text.sprintf  0x00008eb6       0x1c /usr/local/bin/../lib/gcc/msp430/4.7.2/../../../../msp430/lib/mmpy-16/libc.a(sprintf.o)
                0x00008eb6                sprintf
 .text.print_field
                0x00008ed2      0x194 /usr/local/bin/../lib/gcc/msp430/4.7.2/../../../../msp430/lib/mmpy-16/libc.a(vuprintf.o)
 .text.vuprintf
                0x00009066      0x63e /usr/local/bin/../lib/gcc/msp430/4.7.2/../../../../msp430/lib/mmpy-16/libc.a(vuprintf.o)
                0x00009066                vuprintf
 .text.puts     0x000096a4       0x2c /usr/local/bin/../lib/gcc/msp430/4.7.2/../../../../msp430/lib/mmpy-16/libc.a(puts.o)
                0x000096a4                puts
 .text.rand     0x000096d0       0x26 /usr/local/bin/../lib/gcc/msp430/4.7.2/../../../../msp430/lib/mmpy-16/libc.a(rand.o)
                0x000096d0                rand
 .text.srand    0x000096f6        0xa /usr/local/bin/../lib/gcc/msp430/4.7.2/../../../../msp430/lib/mmpy-16/libc.a(rand.o)
                0x000096f6                srand
 .text.memcmp   0x00009700       0x30 /usr/local/bin/../lib/gcc/msp430/4.7.2/../../../../msp430/lib/mmpy-16/libc.a(memcmp.o)
                0x00009700                memcmp
 .text.strcpy   0x00009730       0x14 /usr/local/bin/../lib/gcc/msp430/4.7.2/../../../../msp430/lib/mmpy-16/libc.a(strcpy.o)
                0x00009730                strcpy
 .text.memcpy   0x00009744       0xfa /usr/local/bin/../lib/gcc/msp430/4.7.2/../../../../msp430/lib/mmpy-16/libc.a(memcpy.o)
                0x00009744                memcpy
 .text.memset   0x0000983e       0x6a /usr/local/bin/../lib/gcc/msp430/4.7.2/../../../../msp430/lib/mmpy-16/libc.a(memset.o)
                0x0000983e                memset
 .text.strtok_r
                0x000098a8       0x62 /usr/local/bin/../lib/gcc/msp430/4.7.2/../../../../msp430/lib/mmpy-16/libc.a(strtok.o)
                0x000098a8                strtok_r
 .text.strtok   0x0000990a        0xa /usr/local/bin/../lib/gcc/msp430/4.7.2/../../../../msp430/lib/mmpy-16/libc.a(strtok.o)
                0x0000990a                strtok
 .text.libgcc   0x00009914       0x22 /usr/local/bin/../lib/gcc/msp430/4.7.2/mmpy-16/libgcc.a(_udivmod16.o)
                0x00009914                __udivhi3
                0x00009914                __ext_udivmod16
                0x0000992e                __umodhi3
 .text.libgcc   0x00009936       0xf0 /usr/local/bin/../lib/gcc/msp430/4.7.2/mmpy-16/libgcc.a(_udivmod64.o)
                0x00009936                __xabi_udivmod64
                0x00009994                __udivdi3
                0x000099ba                __umoddi3
                0x000099e8                __udivmoddi4
 .text.crt0     0x00009a26        0x2 /usr/local/bin/../lib/gcc/msp430/4.7.2/mmpy-16/libcrt0.a(_unexpected_.o)
                0x00009a26                _unexpected_
 *(.near.text .near.text.*)

.rodata         0x00009a28      0x6e5
                0x00009a28                . = ALIGN (0x2)
 *(.rodata .rodata.* .gnu.linkonce.r.*)
 .rodata        0x00009a28      0x4a0 central_unit.co
                0x00009e82                autostart_processes
 .rodata.process_thread_cu_main_process
                0x00009ec8        0xc central_unit.co
 .rodata        0x00009ed4       0xe5 obj_sky/contiki-sky-main.o
 *fill*         0x00009fb9        0x1 00
 .rodata        0x00009fba       0x10 contiki-sky.a(button-sensor.o)
                0x00009fc2                button_sensor
 .rodata        0x00009fca        0x8 contiki-sky.a(sensors.o)
 *fill*         0x00009fd2        0x2 00
 .rodata.get_value
                0x00009fd4       0x24 contiki-sky.a(cc2420.o)
 .rodata.set_value
                0x00009ff8       0x10 contiki-sky.a(cc2420.o)
 .rodata        0x0000a008       0x3e contiki-sky.a(cc2420.o)
                0x0000a008                cc2420_aes_128_driver
                0x0000a00c                cc2420_driver
 .rodata        0x0000a046        0xf contiki-sky.a(ctimer.o)
 .rodata        0x0000a055        0xc contiki-sky.a(etimer.o)
 .rodata        0x0000a061        0xe contiki-sky.a(serial-line.o)
 *fill*         0x0000a06f        0x1 00
 .rodata        0x0000a070        0xc contiki-sky.a(rime.o)
                0x0000a076                rime_driver
 .rodata        0x0000a07c        0x4 contiki-sky.a(broadcast-annou)
 .rodata        0x0000a080        0xe contiki-sky.a(runicast.o)
 .rodata        0x0000a08e        0x4 contiki-sky.a(stunicast.o)
 .rodata        0x0000a092        0x8 contiki-sky.a(broadcast.o)
 .rodata        0x0000a09a        0xa contiki-sky.a(unicast.o)
 .rodata        0x0000a0a4        0x2 contiki-sky.a(abc.o)
 .rodata        0x0000a0a6       0x14 contiki-sky.a(csma.o)
                0x0000a0ac                csma_driver
 .rodata        0x0000a0ba        0x2 contiki-sky.a(linkaddr.o)
                0x0000a0ba                linkaddr_null
 .rodata        0x0000a0bc       0x1c contiki-sky.a(contikimac.o)
                0x0000a0c8                contikimac_driver
 .rodata        0x0000a0d8        0x6 contiki-sky.a(contikimac-fram)
                0x0000a0d8                contikimac_framer
 .rodata        0x0000a0de       0x10 contiki-sky.a(nullsec.o)
                0x0000a0e6                nullsec_driver
 .rodata        0x0000a0ee       0x10 contiki-sky.a(chameleon-bitop)
                0x0000a0ee                chameleon_bitopt
 .rodata        0x0000a0fe        0x6 contiki-sky.a(framer-802154.o)
                0x0000a0fe                framer_802154
 .rodata        0x0000a104        0x2 contiki-sky.a(frame802154.o)
 .rodata.vuprintf
                0x0000a106        0x7 /usr/local/bin/../lib/gcc/msp430/4.7.2/../../../../msp430/lib/mmpy-16/libc.a(vuprintf.o)
 *(.near.rodata .near.rodata.*)
                0x0000a10e                . = ALIGN (0x2)
                0x0000a10e                _etext = .

.data           0x00001100       0x7c load address 0x0000a10e
                0x00001100                . = ALIGN (0x2)
                0x00001100                __data_start = .
 *(.data .data.* .gnu.linkonce.d.*)
 .data          0x00001100       0x14 central_unit.co
                0x00001100                cu_main_process
                0x0000110a                cu_button_process
 .data          0x00001114        0x4 contiki-sky.a(contiki-sky-pla)
                0x00001114                sensors
 .data          0x00001118        0xa contiki-sky.a(sensors.o)
                0x00001118                sensors_process
 .data          0x00001122        0xc contiki-sky.a(cc2420.o)
                0x00001122                cc2420_process
 .data          0x0000112e        0x2 contiki-sky.a(msp430.o)
 .data          0x00001130        0xa contiki-sky.a(ctimer.o)
                0x00001130                ctimer_process
 .data          0x0000113a        0xa contiki-sky.a(etimer.o)
                0x0000113a                etimer_process
 .data          0x00001144        0xa contiki-sky.a(serial-line.o)
                0x00001144                serial_line_process
 .data          0x0000114e       0x18 contiki-sky.a(csma.o)
 .data          0x00001166       0x10 contiki-sky.a(queuebuf.o)
 .data          0x00001176        0x2 contiki-sky.a(frame802154.o)
 .data.next     0x00001178        0x4 /usr/local/bin/../lib/gcc/msp430/4.7.2/../../../../msp430/lib/mmpy-16/libc.a(rand.o)
 *(.near.data .near.data.*)
                0x0000117c                . = ALIGN (0x2)
                0x0000117c                _edata = .
                0x0000a10e                __data_load_start = LOADADDR (.data)
                0x0000007c                __data_size = SIZEOF (.data)

.bss            0x0000117c     0x1240 load address 0x0000a18a
                0x0000117c                __bss_start = .
 *(.bss .bss.*)
 .bss           0x0000117c       0x8c central_unit.co
 .bss           0x00001208        0xc obj_sky/contiki-sky-main.o
 .bss           0x00001214        0x8 contiki-sky.a(button-sensor.o)
 .bss           0x0000121c        0x2 contiki-sky.a(node-id.o)
                0x0000121c                node_id
 .bss           0x0000121e        0x6 contiki-sky.a(sensors.o)
 .bss           0x00001224        0xa contiki-sky.a(cc2420.o)
 .bss           0x0000122e       0x9a contiki-sky.a(uart1.o)
 .bss           0x000012c8        0xa contiki-sky.a(clock.o)
 .bss           0x000012d2        0x1 contiki-sky.a(leds.o)
 *fill*         0x000012d3        0x1 00
 .bss           0x000012d4        0x2 contiki-sky.a(watchdog.o)
 .bss           0x000012d6        0x4 contiki-sky.a(ctimer.o)
 .bss           0x000012da        0x6 contiki-sky.a(etimer.o)
 .bss           0x000012e0       0x38 contiki-sky.a(process.o)
                0x000012e0                process_current
                0x000012e2                process_list
 .bss           0x00001318        0x2 contiki-sky.a(rtimer.o)
 .bss           0x0000131a      0x10a contiki-sky.a(serial-line.o)
 .bss           0x00001424        0x2 contiki-sky.a(rime.o)
 .bss           0x00001426       0x46 contiki-sky.a(broadcast-annou)
 .bss           0x0000146c        0x6 contiki-sky.a(announcement.o)
 .bss           0x00001472        0x2 contiki-sky.a(channel.o)
 .bss           0x00001474      0x124 contiki-sky.a(csma.o)
 .bss           0x00001598      0xc20 contiki-sky.a(queuebuf.o)
 .bss           0x000021b8       0x86 contiki-sky.a(packetbuf.o)
 .bss           0x0000223e       0x32 contiki-sky.a(contikimac.o)
 .bss           0x00002270        0x8 contiki-sky.a(compower.o)
 .bss           0x00002278       0x80 contiki-sky.a(mac-sequence.o)
 .bss           0x000022f8        0x2 contiki-sky.a(framer-802154.o)
 .bss.destination_
                0x000022fa        0x2 /usr/local/bin/../lib/gcc/msp430/4.7.2/../../../../msp430/lib/mmpy-16/libc.a(sprintf.o)
 .bss.available_
                0x000022fc        0x2 /usr/local/bin/../lib/gcc/msp430/4.7.2/../../../../msp430/lib/mmpy-16/libc.a(sprintf.o)
 .bss.last.1566
                0x000022fe        0x2 /usr/local/bin/../lib/gcc/msp430/4.7.2/../../../../msp430/lib/mmpy-16/libc.a(strtok.o)
 *(.near.bss .near.bss.*)
 *(COMMON)
 COMMON         0x00002300        0x2 contiki-sky.a(contiki-sky-pla)
                0x00002300                sensors_flags
 COMMON         0x00002302        0x8 contiki-sky.a(ds2411.o)
                0x00002302                ds2411_id
 COMMON         0x0000230a        0x1 contiki-sky.a(sensors.o)
                0x0000230a                sensors_event
 *fill*         0x0000230b        0x1 00
 COMMON         0x0000230c       0x10 contiki-sky.a(cc2420.o)
                0x0000230c                cc2420_last_rssi
                0x0000230e                cc2420_sfd_start_time
                0x00002310                cc2420_time_of_departure
                0x00002312                cc2420_time_of_arrival
                0x00002314                cc2420_last_correlation
                0x00002316                cc2420_authority_level_of_sender
                0x00002318                cc2420_sfd_counter
                0x0000231a                cc2420_sfd_end_time
 COMMON         0x0000231c        0x2 contiki-sky.a(msp430.o)
                0x0000231c                msp430_dco_required
 COMMON         0x0000231e       0x56 contiki-sky.a(energest.o)
                0x0000231e                energest_total_time
                0x0000234e                energest_total_count
                0x00002350                energest_current_mode
                0x0000235c                energest_current_time
 COMMON         0x00002374        0x1 contiki-sky.a(process.o)
                0x00002374                process_maxevents
 COMMON         0x00002375        0x1 contiki-sky.a(serial-line.o)
                0x00002375                serial_line_event_message
 COMMON         0x00002376       0x3c contiki-sky.a(packetbuf.o)
                0x00002376                packetbuf_addrs
                0x0000237e                packetbuf_attrs
 COMMON         0x000023b2        0x2 contiki-sky.a(linkaddr.o)
                0x000023b2                linkaddr_node_addr
 COMMON         0x000023b4        0x8 contiki-sky.a(compower.o)
                0x000023b4                compower_idle_activity
                0x000023bc                . = ALIGN (0x2)
                0x000023bc                __bss_end = .
                0x00001240                __bss_size = SIZEOF (.bss)

.noinit         0x000023bc        0x2 load address 0x0000a18a
                0x000023bc                . = ALIGN (0x2)
                0x000023bc                __noinit_start = .
 *(.noinit .noinit.*)
 .noinit.crt0   0x000023bc        0x2 /usr/local/bin/../lib/gcc/msp430/4.7.2/mmpy-16/libcrt0.a(__watchdog_support.o)
                0x000023bc                __wdt_clear_value
                0x000023be                . = ALIGN (0x2)
                0x000023be                __noinit_end = .
                0x000023be                . = ALIGN (0x2)
                0x000023be                _end = .

.infomem        0x00001000        0x0
                0x00001000                . = ALIGN (0x2)
 *(.infomem .infomem.*)

.infomemnobits  0x00001000        0x0
                0x00001000                . = ALIGN (0x2)
 *(.infomemnobits .infomemnobits.*)

.infoa          0x00001080        0x0
                0x00001080                . = ALIGN (0x2)
 *(.infoa .infoa.*)

.infob          0x00001000        0x0
                0x00001000                . = ALIGN (0x2)
 *(.infob .infob.*)

.infoc          0x00000000        0x0
                0x00000000                . = ALIGN (0x2)
 *(.infoc .infoc.*)

.infod          0x00000000        0x0
                0x00000000                . = ALIGN (0x2)
 *(.infod .infod.*)
                0x0000ffff                PROVIDE (__vte_0, 0xffff)
                0x0000ffff                PROVIDE (__vte_1, 0xffff)
                0x0000ffff                PROVIDE (__vte_2, 0xffff)
                0x0000ffff                PROVIDE (__vte_3, 0xffff)
                0x0000ffff                PROVIDE (__vte_4, 0xffff)
                0x0000ffff                PROVIDE (__vte_5, 0xffff)
                0x0000ffff                PROVIDE (__vte_6, 0xffff)
                0x0000ffff                PROVIDE (__vte_7, 0xffff)
                0x0000ffff                PROVIDE (__vte_8, 0xffff)
                0x0000ffff                PROVIDE (__vte_9, 0xffff)
                0x0000ffff                PROVIDE (__vte_10, 0xffff)
                0x0000ffff                PROVIDE (__vte_11, 0xffff)
                0x0000ffff                PROVIDE (__vte_12, 0xffff)
                0x0000ffff                PROVIDE (__vte_13, 0xffff)
                0x0000ffff                PROVIDE (__vte_14, 0xffff)
                0x0000ffff                PROVIDE (__vte_15, 0xffff)
                0x0000ffff                PROVIDE (__vte_16, 0xffff)
                0x0000ffff                PROVIDE (__vte_17, 0xffff)
                0x0000ffff                PROVIDE (__vte_18, 0xffff)
                0x0000ffff                PROVIDE (__vte_19, 0xffff)
                0x0000ffff                PROVIDE (__vte_20, 0xffff)
                0x0000ffff                PROVIDE (__vte_21, 0xffff)
                0x0000ffff                PROVIDE (__vte_22, 0xffff)
                0x0000ffff                PROVIDE (__vte_23, 0xffff)
                0x0000ffff                PROVIDE (__vte_24, 0xffff)
                0x0000ffff                PROVIDE (__vte_25, 0xffff)
                0x0000ffff                PROVIDE (__vte_26, 0xffff)
                0x0000ffff                PROVIDE (__vte_27, 0xffff)
                0x0000ffff                PROVIDE (__vte_28, 0xffff)
                0x0000ffff                PROVIDE (__vte_29, 0xffff)
                0x0000ffff                PROVIDE (__vte_30, 0xffff)
                0x0000ffff                PROVIDE (__vte_31, 0xffff)

.vectors        0x0000ffe0       0x20
                0x0000ffe0                __vectors_start = .
 *(.vectors*)
 .vectors       0x0000ffe0       0x20 /usr/local/bin/../lib/gcc/msp430/4.7.2/mmpy-16/crt0ivtbl16.o
                0x0000ffe0                __ivtbl_16
                0x00010000                _vectors_end = .

.fartext        0x00000000        0x0
                0x00000000                . = ALIGN (0x2)
 *(.fartext .fartext.*)

.far.text       0x00000000        0x0
                0x00000000                . = ALIGN (0x2)
 *(.far.text .far.text.*)

.far.rodata     0x00000000        0x0
                0x00000000                . = ALIGN (0x2)
 *(.far.rodata .far.rodata.*)
                0x00000000                . = ALIGN (0x2)
                0x00000000                _efartext = .

.far.data       0x00000000        0x0
                0x00000000                . = ALIGN (0x2)
                0x00000000                __far_data_start = .
 *(.far.data .far.data.*)
                0x00000000                . = ALIGN (0x2)
                0x00000000                _efardata = .
                0x00000000                __far_data_load_start = LOADADDR (.far.data)
                0x00000000                __far_data_size = SIZEOF (.far.data)

.far.bss        0x00000000        0x0
                0x00000000                . = ALIGN (0x2)
                0x00000000                __far_bss_start = .
 *(.far.bss .far.bss.*)
                0x00000000                . = ALIGN (0x2)
                0x00000000                __far_bss_end = .
                0x00000000                __far_bss_size = SIZEOF (.far.bss)
                0x00000000                . = ALIGN (0x2)
                0x00000000                _far_end = .

.profiler
 *(.profiler)

.stab           0x00000000    0x1bc60
 *(.stab)
 .stab          0x00000000     0x2298 central_unit.co
 .stab          0x00002298     0x1074 obj_sky/contiki-sky-main.o
                               0x17a0 (size before relaxing)
 .stab          0x0000330c      0x24c contiki-sky.a(contiki-sky-pla)
                                0x5ac (size before relaxing)
 .stab          0x00003558      0x468 contiki-sky.a(button-sensor.o)
                                0x7d4 (size before relaxing)
 .stab          0x000039c0      0x624 contiki-sky.a(ds2411.o)
                                0xb34 (size before relaxing)
 .stab          0x00003fe4      0x9d8 contiki-sky.a(xmem.o)
                                0xf00 (size before relaxing)
 .stab          0x000049bc      0x2b8 contiki-sky.a(node-id.o)
                                0x4e0 (size before relaxing)
 .stab          0x00004c74      0x684 contiki-sky.a(sensors.o)
                                0xbb8 (size before relaxing)
 .stab          0x000052f8     0x2898 contiki-sky.a(cc2420.o)
                               0x2fc4 (size before relaxing)
 .stab          0x00007b90      0xa5c contiki-sky.a(cc2420-arch.o)
                               0x13ec (size before relaxing)
 .stab          0x000085ec      0x600 contiki-sky.a(uart1.o)
                                0x954 (size before relaxing)
 .stab          0x00008bec      0x234 contiki-sky.a(uart1-putchar.o)
                                0x588 (size before relaxing)
 .stab          0x00008e20      0x72c contiki-sky.a(msp430.o)
                                0xa80 (size before relaxing)
 .stab          0x0000954c      0x930 contiki-sky.a(clock.o)
                                0xc84 (size before relaxing)
 .stab          0x00009e7c      0x5a0 contiki-sky.a(leds.o)
                                0x7ec (size before relaxing)
 .stab          0x0000a41c      0x378 contiki-sky.a(leds-arch.o)
                                0x6cc (size before relaxing)
 .stab          0x0000a794      0x3cc contiki-sky.a(watchdog.o)
                                0x720 (size before relaxing)
 .stab          0x0000ab60      0x3b4 contiki-sky.a(rtimer-arch.o)
                                0x708 (size before relaxing)
 .stab          0x0000af14      0x294 contiki-sky.a(autostart.o)
                                0x534 (size before relaxing)
 .stab          0x0000b1a8      0x834 contiki-sky.a(ctimer.o)
                                0xba0 (size before relaxing)
 .stab          0x0000b9dc      0x474 contiki-sky.a(energest.o)
                                0x6fc (size before relaxing)
 .stab          0x0000be50      0xa80 contiki-sky.a(etimer.o)
                                0xd50 (size before relaxing)
 .stab          0x0000c8d0      0xb94 contiki-sky.a(process.o)
                               0x102c (size before relaxing)
 .stab          0x0000d464      0x3cc contiki-sky.a(rtimer.o)
                                0x6b4 (size before relaxing)
 .stab          0x0000d830      0x348 contiki-sky.a(timer.o)
                                0x588 (size before relaxing)
 .stab          0x0000db78      0x51c contiki-sky.a(serial-line.o)
                                0xa38 (size before relaxing)
 .stab          0x0000e094      0x3f0 contiki-sky.a(ringbuf.o)
                                0x630 (size before relaxing)
 .stab          0x0000e484      0x7bc contiki-sky.a(list.o)
                                0x7c8 (size before relaxing)
 .stab          0x0000ec40      0x21c contiki-sky.a(random.o)
                                0x618 (size before relaxing)
 .stab          0x0000ee5c      0xba0 contiki-sky.a(rime.o)
                               0x13ec (size before relaxing)
 .stab          0x0000f9fc      0x978 contiki-sky.a(broadcast-annou)
                               0x15c0 (size before relaxing)
 .stab          0x00010374      0x6b4 contiki-sky.a(announcement.o)
                                0x954 (size before relaxing)
 .stab          0x00010a28      0x8e8 contiki-sky.a(runicast.o)
                               0x156c (size before relaxing)
 .stab          0x00011310      0x87c contiki-sky.a(stunicast.o)
                               0x1500 (size before relaxing)
 .stab          0x00011b8c      0x5dc contiki-sky.a(chameleon.o)
                               0x1230 (size before relaxing)
 .stab          0x00012168      0x600 contiki-sky.a(channel.o)
                               0x1278 (size before relaxing)
 .stab          0x00012768      0x6cc contiki-sky.a(broadcast.o)
                               0x14f4 (size before relaxing)
 .stab          0x00012e34      0x618 contiki-sky.a(unicast.o)
                               0x1290 (size before relaxing)
 .stab          0x0001344c      0x660 contiki-sky.a(abc.o)
                               0x1488 (size before relaxing)
 .stab          0x00013aac      0xcd8 contiki-sky.a(csma.o)
                               0x1668 (size before relaxing)
 .stab          0x00014784      0x1f8 contiki-sky.a(mac.o)
                                0x4ec (size before relaxing)
 .stab          0x0001497c      0xa38 contiki-sky.a(queuebuf.o)
                               0x1860 (size before relaxing)
 .stab          0x000153b4      0xc48 contiki-sky.a(packetbuf.o)
                               0x1a88 (size before relaxing)
 .stab          0x00015ffc      0x2ac contiki-sky.a(linkaddr.o)
                                0x6a8 (size before relaxing)
 .stab          0x000162a8     0x1770 contiki-sky.a(contikimac.o)
                               0x2334 (size before relaxing)
 .stab          0x00017a18      0x810 contiki-sky.a(contikimac-fram)
                                0xe4c (size before relaxing)
 .stab          0x00018228      0x39c contiki-sky.a(nullsec.o)
                                0xccc (size before relaxing)
 .stab          0x000185c4      0x1f8 contiki-sky.a(spi.o)
                                0x420 (size before relaxing)
 .stab          0x000187bc      0x4ec contiki-sky.a(compower.o)
                                0xcf0 (size before relaxing)
 .stab          0x00018ca8      0x5c4 contiki-sky.a(memb.o)
                                0xaf8 (size before relaxing)
 .stab          0x0001926c      0xd44 contiki-sky.a(chameleon-bitop)
                               0x19bc (size before relaxing)
 .stab          0x00019fb0      0x63c contiki-sky.a(mac-sequence.o)
                               0x147c (size before relaxing)
 .stab          0x0001a5ec      0x6d8 contiki-sky.a(framer-802154.o)
                                0xf18 (size before relaxing)
 .stab          0x0001acc4      0xf9c contiki-sky.a(frame802154.o)
                               0x1788 (size before relaxing)

.stabstr        0x00000000    0x16682
 *(.stabstr)
 .stabstr       0x00000000    0x16682 central_unit.co

.stab.excl
 *(.stab.excl)

.stab.exclstr
 *(.stab.exclstr)

.stab.index
 *(.stab.index)

.stab.indexstr
 *(.stab.indexstr)

.comment        0x00000000       0x30
 *(.comment)
 .comment       0x00000000       0x30 central_unit.co
                                 0x31 (size before relaxing)
 .comment       0x00000000       0x31 obj_sky/contiki-sky-main.o
 .comment       0x00000000       0x31 contiki-sky.a(contiki-sky-pla)
 .comment       0x00000000       0x31 contiki-sky.a(button-sensor.o)
 .comment       0x00000000       0x31 contiki-sky.a(ds2411.o)
 .comment       0x00000000       0x31 contiki-sky.a(xmem.o)
 .comment       0x00000000       0x31 contiki-sky.a(node-id.o)
 .comment       0x00000000       0x31 contiki-sky.a(sensors.o)
 .comment       0x00000000       0x31 contiki-sky.a(cc2420.o)
 .comment       0x00000000       0x31 contiki-sky.a(cc2420-arch.o)
 .comment       0x00000000       0x31 contiki-sky.a(uart1.o)
 .comment       0x00000000       0x31 contiki-sky.a(uart1-putchar.o)
 .comment       0x00000000       0x31 contiki-sky.a(msp430.o)
 .comment       0x00000000       0x31 contiki-sky.a(clock.o)
 .comment       0x00000000       0x31 contiki-sky.a(leds.o)
 .comment       0x00000000       0x31 contiki-sky.a(leds-arch.o)
 .comment       0x00000000       0x31 contiki-sky.a(watchdog.o)
 .comment       0x00000000       0x31 contiki-sky.a(rtimer-arch.o)
 .comment       0x00000000       0x31 contiki-sky.a(autostart.o)
 .comment       0x00000000       0x31 contiki-sky.a(ctimer.o)
 .comment       0x00000000       0x31 contiki-sky.a(energest.o)
 .comment       0x00000000       0x31 contiki-sky.a(etimer.o)
 .comment       0x00000000       0x31 contiki-sky.a(process.o)
 .comment       0x00000000       0x31 contiki-sky.a(rtimer.o)
 .comment       0x00000000       0x31 contiki-sky.a(timer.o)
 .comment       0x00000000       0x31 contiki-sky.a(serial-line.o)
 .comment       0x00000000       0x31 contiki-sky.a(ringbuf.o)
 .comment       0x00000000       0x31 contiki-sky.a(list.o)
 .comment       0x00000000       0x31 contiki-sky.a(random.o)
 .comment       0x00000000       0x31 contiki-sky.a(rime.o)
 .comment       0x00000000       0x31 contiki-sky.a(broadcast-annou)
 .comment       0x00000000       0x31 contiki-sky.a(announcement.o)
 .comment       0x00000000       0x31 contiki-sky.a(runicast.o)
 .comment       0x00000000       0x31 contiki-sky.a(stunicast.o)
 .comment       0x00000000       0x31 contiki-sky.a(chameleon.o)
 .comment       0x00000000       0x31 contiki-sky.a(channel.o)
 .comment       0x00000000       0x31 contiki-sky.a(broadcast.o)
 .comment       0x00000000       0x31 contiki-sky.a(unicast.o)
 .comment       0x00000000       0x31 contiki-sky.a(abc.o)
 .comment       0x00000000       0x31 contiki-sky.a(csma.o)
 .comment       0x00000000       0x31 contiki-sky.a(mac.o)
 .comment       0x00000000       0x31 contiki-sky.a(queuebuf.o)
 .comment       0x00000000       0x31 contiki-sky.a(packetbuf.o)
 .comment       0x00000000       0x31 contiki-sky.a(linkaddr.o)
 .comment       0x00000000       0x31 contiki-sky.a(contikimac.o)
 .comment       0x00000000       0x31 contiki-sky.a(contikimac-fram)
 .comment       0x00000000       0x31 contiki-sky.a(nullsec.o)
 .comment       0x00000000       0x31 contiki-sky.a(spi.o)
 .comment       0x00000000       0x31 contiki-sky.a(compower.o)
 .comment       0x00000000       0x31 contiki-sky.a(memb.o)
 .comment       0x00000000       0x31 contiki-sky.a(chameleon-bitop)
 .comment       0x00000000       0x31 contiki-sky.a(mac-sequence.o)
 .comment       0x00000000       0x31 contiki-sky.a(framer-802154.o)
 .comment       0x00000000       0x31 contiki-sky.a(frame802154.o)
 .comment       0x00000000       0x31 /usr/local/bin/../lib/gcc/msp430/4.7.2/../../../../msp430/lib/mmpy-16/libc.a(atoi.o)
 .comment       0x00000000       0x31 /usr/local/bin/../lib/gcc/msp430/4.7.2/../../../../msp430/lib/mmpy-16/libc.a(printf.o)
 .comment       0x00000000       0x31 /usr/local/bin/../lib/gcc/msp430/4.7.2/../../../../msp430/lib/mmpy-16/libc.a(sprintf.o)
 .comment       0x00000000       0x31 /usr/local/bin/../lib/gcc/msp430/4.7.2/../../../../msp430/lib/mmpy-16/libc.a(vuprintf.o)
 .comment       0x00000000       0x31 /usr/local/bin/../lib/gcc/msp430/4.7.2/../../../../msp430/lib/mmpy-16/libc.a(puts.o)
 .comment       0x00000000       0x31 /usr/local/bin/../lib/gcc/msp430/4.7.2/../../../../msp430/lib/mmpy-16/libc.a(rand.o)
 .comment       0x00000000       0x31 /usr/local/bin/../lib/gcc/msp430/4.7.2/../../../../msp430/lib/mmpy-16/libc.a(memcmp.o)
 .comment       0x00000000       0x31 /usr/local/bin/../lib/gcc/msp430/4.7.2/../../../../msp430/lib/mmpy-16/libc.a(strcpy.o)
 .comment       0x00000000       0x31 /usr/local/bin/../lib/gcc/msp430/4.7.2/../../../../msp430/lib/mmpy-16/libc.a(memcpy.o)
 .comment       0x00000000       0x31 /usr/local/bin/../lib/gcc/msp430/4.7.2/../../../../msp430/lib/mmpy-16/libc.a(memset.o)
 .comment       0x00000000       0x31 /usr/local/bin/../lib/gcc/msp430/4.7.2/../../../../msp430/lib/mmpy-16/libc.a(strtok.o)

.debug
 *(.debug)

.line
 *(.line)

.debug_srcinfo
 *(.debug_srcinfo)

.debug_sfnames
 *(.debug_sfnames)

.debug_aranges  0x00000000      0x1e0
 *(.debug_aranges)
 .debug_aranges
                0x00000000       0x14 /usr/local/bin/../lib/gcc/msp430/4.7.2/mmpy-16/crt0ivtbl16.o
 .debug_aranges
                0x00000014       0x14 /usr/local/bin/../lib/gcc/msp430/4.7.2/mmpy-16/libgcc.a(_mulsi3.o)
 .debug_aranges
                0x00000028       0x14 /usr/local/bin/../lib/gcc/msp430/4.7.2/mmpy-16/libgcc.a(_udivmod32.o)
 .debug_aranges
                0x0000003c       0x14 /usr/local/bin/../lib/gcc/msp430/4.7.2/../../../../msp430/lib/mmpy-16/libc.a(atoi.o)
 .debug_aranges
                0x00000050       0x18 /usr/local/bin/../lib/gcc/msp430/4.7.2/../../../../msp430/lib/mmpy-16/libc.a(printf.o)
 .debug_aranges
                0x00000068       0x28 /usr/local/bin/../lib/gcc/msp430/4.7.2/../../../../msp430/lib/mmpy-16/libc.a(sprintf.o)
 .debug_aranges
                0x00000090       0x18 /usr/local/bin/../lib/gcc/msp430/4.7.2/../../../../msp430/lib/mmpy-16/libc.a(vuprintf.o)
 .debug_aranges
                0x000000a8       0x14 /usr/local/bin/../lib/gcc/msp430/4.7.2/../../../../msp430/lib/mmpy-16/libc.a(puts.o)
 .debug_aranges
                0x000000bc       0x1c /usr/local/bin/../lib/gcc/msp430/4.7.2/../../../../msp430/lib/mmpy-16/libc.a(rand.o)
 .debug_aranges
                0x000000d8       0x14 /usr/local/bin/../lib/gcc/msp430/4.7.2/../../../../msp430/lib/mmpy-16/libc.a(memcmp.o)
 .debug_aranges
                0x000000ec       0x14 /usr/local/bin/../lib/gcc/msp430/4.7.2/../../../../msp430/lib/mmpy-16/libc.a(strcpy.o)
 .debug_aranges
                0x00000100       0x14 /usr/local/bin/../lib/gcc/msp430/4.7.2/../../../../msp430/lib/mmpy-16/libc.a(memcpy.o)
 .debug_aranges
                0x00000114       0x14 /usr/local/bin/../lib/gcc/msp430/4.7.2/../../../../msp430/lib/mmpy-16/libc.a(memset.o)
 .debug_aranges
                0x00000128       0x18 /usr/local/bin/../lib/gcc/msp430/4.7.2/../../../../msp430/lib/mmpy-16/libc.a(strtok.o)
 .debug_aranges
                0x00000140       0x14 /usr/local/bin/../lib/gcc/msp430/4.7.2/mmpy-16/libgcc.a(_udivmod16.o)
 .debug_aranges
                0x00000154       0x14 /usr/local/bin/../lib/gcc/msp430/4.7.2/mmpy-16/libgcc.a(_udivmod64.o)
 .debug_aranges
                0x00000168       0x14 /usr/local/bin/../lib/gcc/msp430/4.7.2/mmpy-16/libcrt0.a(__watchdog_support.o)
 .debug_aranges
                0x0000017c       0x14 /usr/local/bin/../lib/gcc/msp430/4.7.2/mmpy-16/libcrt0.a(__init_stack.o)
 .debug_aranges
                0x00000190       0x14 /usr/local/bin/../lib/gcc/msp430/4.7.2/mmpy-16/libcrt0.a(_copy_data.o)
 .debug_aranges
                0x000001a4       0x14 /usr/local/bin/../lib/gcc/msp430/4.7.2/mmpy-16/libcrt0.a(_clear_bss.o)
 .debug_aranges
                0x000001b8       0x14 /usr/local/bin/../lib/gcc/msp430/4.7.2/mmpy-16/libcrt0.a(_endless_loop__.o)
 .debug_aranges
                0x000001cc       0x14 /usr/local/bin/../lib/gcc/msp430/4.7.2/mmpy-16/libcrt0.a(_unexpected_.o)

.debug_pubnames
 *(.debug_pubnames)

.debug_info     0x00000000     0x187d
 *(.debug_info)
 .debug_info    0x00000000       0x8f /usr/local/bin/../lib/gcc/msp430/4.7.2/mmpy-16/crt0ivtbl16.o
 .debug_info    0x0000008f       0x8c /usr/local/bin/../lib/gcc/msp430/4.7.2/mmpy-16/libgcc.a(_mulsi3.o)
 .debug_info    0x0000011b       0x8c /usr/local/bin/../lib/gcc/msp430/4.7.2/mmpy-16/libgcc.a(_udivmod32.o)
 .debug_info    0x000001a7       0xb9 /usr/local/bin/../lib/gcc/msp430/4.7.2/../../../../msp430/lib/mmpy-16/libc.a(atoi.o)
 .debug_info    0x00000260      0x16e /usr/local/bin/../lib/gcc/msp430/4.7.2/../../../../msp430/lib/mmpy-16/libc.a(printf.o)
 .debug_info    0x000003ce      0x321 /usr/local/bin/../lib/gcc/msp430/4.7.2/../../../../msp430/lib/mmpy-16/libc.a(sprintf.o)
 .debug_info    0x000006ef      0x5d4 /usr/local/bin/../lib/gcc/msp430/4.7.2/../../../../msp430/lib/mmpy-16/libc.a(vuprintf.o)
 .debug_info    0x00000cc3       0xc7 /usr/local/bin/../lib/gcc/msp430/4.7.2/../../../../msp430/lib/mmpy-16/libc.a(puts.o)
 .debug_info    0x00000d8a      0x146 /usr/local/bin/../lib/gcc/msp430/4.7.2/../../../../msp430/lib/mmpy-16/libc.a(rand.o)
 .debug_info    0x00000ed0       0xe5 /usr/local/bin/../lib/gcc/msp430/4.7.2/../../../../msp430/lib/mmpy-16/libc.a(memcmp.o)
 .debug_info    0x00000fb5       0xbd /usr/local/bin/../lib/gcc/msp430/4.7.2/../../../../msp430/lib/mmpy-16/libc.a(strcpy.o)
 .debug_info    0x00001072      0x12c /usr/local/bin/../lib/gcc/msp430/4.7.2/../../../../msp430/lib/mmpy-16/libc.a(memcpy.o)
 .debug_info    0x0000119e      0x117 /usr/local/bin/../lib/gcc/msp430/4.7.2/../../../../msp430/lib/mmpy-16/libc.a(memset.o)
 .debug_info    0x000012b5      0x174 /usr/local/bin/../lib/gcc/msp430/4.7.2/../../../../msp430/lib/mmpy-16/libc.a(strtok.o)
 .debug_info    0x00001429       0x8c /usr/local/bin/../lib/gcc/msp430/4.7.2/mmpy-16/libgcc.a(_udivmod16.o)
 .debug_info    0x000014b5       0x8c /usr/local/bin/../lib/gcc/msp430/4.7.2/mmpy-16/libgcc.a(_udivmod64.o)
 .debug_info    0x00001541       0x8a /usr/local/bin/../lib/gcc/msp430/4.7.2/mmpy-16/libcrt0.a(__watchdog_support.o)
 .debug_info    0x000015cb       0x8a /usr/local/bin/../lib/gcc/msp430/4.7.2/mmpy-16/libcrt0.a(__init_stack.o)
 .debug_info    0x00001655       0x8a /usr/local/bin/../lib/gcc/msp430/4.7.2/mmpy-16/libcrt0.a(_copy_data.o)
 .debug_info    0x000016df       0x8a /usr/local/bin/../lib/gcc/msp430/4.7.2/mmpy-16/libcrt0.a(_clear_bss.o)
 .debug_info    0x00001769       0x8a /usr/local/bin/../lib/gcc/msp430/4.7.2/mmpy-16/libcrt0.a(_endless_loop__.o)
 .debug_info    0x000017f3       0x8a /usr/local/bin/../lib/gcc/msp430/4.7.2/mmpy-16/libcrt0.a(_unexpected_.o)
 *(.gnu.linkonce.wi.*)

.debug_abbrev   0x00000000      0xaf4
 *(.debug_abbrev)
 .debug_abbrev  0x00000000       0x14 /usr/local/bin/../lib/gcc/msp430/4.7.2/mmpy-16/crt0ivtbl16.o
 .debug_abbrev  0x00000014       0x14 /usr/local/bin/../lib/gcc/msp430/4.7.2/mmpy-16/libgcc.a(_mulsi3.o)
 .debug_abbrev  0x00000028       0x14 /usr/local/bin/../lib/gcc/msp430/4.7.2/mmpy-16/libgcc.a(_udivmod32.o)
 .debug_abbrev  0x0000003c       0x83 /usr/local/bin/../lib/gcc/msp430/4.7.2/../../../../msp430/lib/mmpy-16/libc.a(atoi.o)
 .debug_abbrev  0x000000bf       0xfa /usr/local/bin/../lib/gcc/msp430/4.7.2/../../../../msp430/lib/mmpy-16/libc.a(printf.o)
 .debug_abbrev  0x000001b9      0x14c /usr/local/bin/../lib/gcc/msp430/4.7.2/../../../../msp430/lib/mmpy-16/libc.a(sprintf.o)
 .debug_abbrev  0x00000305      0x23e /usr/local/bin/../lib/gcc/msp430/4.7.2/../../../../msp430/lib/mmpy-16/libc.a(vuprintf.o)
 .debug_abbrev  0x00000543       0xa3 /usr/local/bin/../lib/gcc/msp430/4.7.2/../../../../msp430/lib/mmpy-16/libc.a(puts.o)
 .debug_abbrev  0x000005e6       0xfb /usr/local/bin/../lib/gcc/msp430/4.7.2/../../../../msp430/lib/mmpy-16/libc.a(rand.o)
 .debug_abbrev  0x000006e1       0x9e /usr/local/bin/../lib/gcc/msp430/4.7.2/../../../../msp430/lib/mmpy-16/libc.a(memcmp.o)
 .debug_abbrev  0x0000077f       0x83 /usr/local/bin/../lib/gcc/msp430/4.7.2/../../../../msp430/lib/mmpy-16/libc.a(strcpy.o)
 .debug_abbrev  0x00000802       0xab /usr/local/bin/../lib/gcc/msp430/4.7.2/../../../../msp430/lib/mmpy-16/libc.a(memcpy.o)
 .debug_abbrev  0x000008ad       0xa1 /usr/local/bin/../lib/gcc/msp430/4.7.2/../../../../msp430/lib/mmpy-16/libc.a(memset.o)
 .debug_abbrev  0x0000094e      0x106 /usr/local/bin/../lib/gcc/msp430/4.7.2/../../../../msp430/lib/mmpy-16/libc.a(strtok.o)
 .debug_abbrev  0x00000a54       0x14 /usr/local/bin/../lib/gcc/msp430/4.7.2/mmpy-16/libgcc.a(_udivmod16.o)
 .debug_abbrev  0x00000a68       0x14 /usr/local/bin/../lib/gcc/msp430/4.7.2/mmpy-16/libgcc.a(_udivmod64.o)
 .debug_abbrev  0x00000a7c       0x14 /usr/local/bin/../lib/gcc/msp430/4.7.2/mmpy-16/libcrt0.a(__watchdog_support.o)
 .debug_abbrev  0x00000a90       0x14 /usr/local/bin/../lib/gcc/msp430/4.7.2/mmpy-16/libcrt0.a(__init_stack.o)
 .debug_abbrev  0x00000aa4       0x14 /usr/local/bin/../lib/gcc/msp430/4.7.2/mmpy-16/libcrt0.a(_copy_data.o)
 .debug_abbrev  0x00000ab8       0x14 /usr/local/bin/../lib/gcc/msp430/4.7.2/mmpy-16/libcrt0.a(_clear_bss.o)
 .debug_abbrev  0x00000acc       0x14 /usr/local/bin/../lib/gcc/msp430/4.7.2/mmpy-16/libcrt0.a(_endless_loop__.o)
 .debug_abbrev  0x00000ae0       0x14 /usr/local/bin/../lib/gcc/msp430/4.7.2/mmpy-16/libcrt0.a(_unexpected_.o)

.debug_line     0x00000000      0xe34
 *(.debug_line)
 .debug_line    0x00000000       0x64 /usr/local/bin/../lib/gcc/msp430/4.7.2/mmpy-16/crt0ivtbl16.o
 .debug_line    0x00000064       0x77 /usr/local/bin/../lib/gcc/msp430/4.7.2/mmpy-16/libgcc.a(_mulsi3.o)
 .debug_line    0x000000db       0x7f /usr/local/bin/../lib/gcc/msp430/4.7.2/mmpy-16/libgcc.a(_udivmod32.o)
 .debug_line    0x0000015a       0x6e /usr/local/bin/../lib/gcc/msp430/4.7.2/../../../../msp430/lib/mmpy-16/libc.a(atoi.o)
 .debug_line    0x000001c8       0xa9 /usr/local/bin/../lib/gcc/msp430/4.7.2/../../../../msp430/lib/mmpy-16/libc.a(printf.o)
 .debug_line    0x00000271      0x107 /usr/local/bin/../lib/gcc/msp430/4.7.2/../../../../msp430/lib/mmpy-16/libc.a(sprintf.o)
 .debug_line    0x00000378      0x30a /usr/local/bin/../lib/gcc/msp430/4.7.2/../../../../msp430/lib/mmpy-16/libc.a(vuprintf.o)
 .debug_line    0x00000682       0x65 /usr/local/bin/../lib/gcc/msp430/4.7.2/../../../../msp430/lib/mmpy-16/libc.a(puts.o)
 .debug_line    0x000006e7       0x68 /usr/local/bin/../lib/gcc/msp430/4.7.2/../../../../msp430/lib/mmpy-16/libc.a(rand.o)
 .debug_line    0x0000074f       0x8f /usr/local/bin/../lib/gcc/msp430/4.7.2/../../../../msp430/lib/mmpy-16/libc.a(memcmp.o)
 .debug_line    0x000007de       0x4d /usr/local/bin/../lib/gcc/msp430/4.7.2/../../../../msp430/lib/mmpy-16/libc.a(strcpy.o)
 .debug_line    0x0000082b      0x118 /usr/local/bin/../lib/gcc/msp430/4.7.2/../../../../msp430/lib/mmpy-16/libc.a(memcpy.o)
 .debug_line    0x00000943       0xf2 /usr/local/bin/../lib/gcc/msp430/4.7.2/../../../../msp430/lib/mmpy-16/libc.a(memset.o)
 .debug_line    0x00000a35       0x77 /usr/local/bin/../lib/gcc/msp430/4.7.2/../../../../msp430/lib/mmpy-16/libc.a(strtok.o)
 .debug_line    0x00000aac       0x70 /usr/local/bin/../lib/gcc/msp430/4.7.2/mmpy-16/libgcc.a(_udivmod16.o)
 .debug_line    0x00000b1c       0xc9 /usr/local/bin/../lib/gcc/msp430/4.7.2/mmpy-16/libgcc.a(_udivmod64.o)
 .debug_line    0x00000be5       0x62 /usr/local/bin/../lib/gcc/msp430/4.7.2/mmpy-16/libcrt0.a(__watchdog_support.o)
 .debug_line    0x00000c47       0x60 /usr/local/bin/../lib/gcc/msp430/4.7.2/mmpy-16/libcrt0.a(__init_stack.o)
 .debug_line    0x00000ca7       0x66 /usr/local/bin/../lib/gcc/msp430/4.7.2/mmpy-16/libcrt0.a(_copy_data.o)
 .debug_line    0x00000d0d       0x66 /usr/local/bin/../lib/gcc/msp430/4.7.2/mmpy-16/libcrt0.a(_clear_bss.o)
 .debug_line    0x00000d73       0x61 /usr/local/bin/../lib/gcc/msp430/4.7.2/mmpy-16/libcrt0.a(_endless_loop__.o)
 .debug_line    0x00000dd4       0x60 /usr/local/bin/../lib/gcc/msp430/4.7.2/mmpy-16/libcrt0.a(_unexpected_.o)

.debug_frame    0x00000000      0x29a
 *(.debug_frame)
 .debug_frame   0x00000000       0x24 /usr/local/bin/../lib/gcc/msp430/4.7.2/../../../../msp430/lib/mmpy-16/libc.a(atoi.o)
 .debug_frame   0x00000024       0x2a /usr/local/bin/../lib/gcc/msp430/4.7.2/../../../../msp430/lib/mmpy-16/libc.a(printf.o)
 .debug_frame   0x0000004e       0x68 /usr/local/bin/../lib/gcc/msp430/4.7.2/../../../../msp430/lib/mmpy-16/libc.a(sprintf.o)
 .debug_frame   0x000000b6       0xa0 /usr/local/bin/../lib/gcc/msp430/4.7.2/../../../../msp430/lib/mmpy-16/libc.a(vuprintf.o)
 .debug_frame   0x00000156       0x24 /usr/local/bin/../lib/gcc/msp430/4.7.2/../../../../msp430/lib/mmpy-16/libc.a(puts.o)
 .debug_frame   0x0000017a       0x3c /usr/local/bin/../lib/gcc/msp430/4.7.2/../../../../msp430/lib/mmpy-16/libc.a(rand.o)
 .debug_frame   0x000001b6       0x28 /usr/local/bin/../lib/gcc/msp430/4.7.2/../../../../msp430/lib/mmpy-16/libc.a(memcmp.o)
 .debug_frame   0x000001de       0x1e /usr/local/bin/../lib/gcc/msp430/4.7.2/../../../../msp430/lib/mmpy-16/libc.a(strcpy.o)
 .debug_frame   0x000001fc       0x32 /usr/local/bin/../lib/gcc/msp430/4.7.2/../../../../msp430/lib/mmpy-16/libc.a(memcpy.o)
 .debug_frame   0x0000022e       0x32 /usr/local/bin/../lib/gcc/msp430/4.7.2/../../../../msp430/lib/mmpy-16/libc.a(memset.o)
 .debug_frame   0x00000260       0x3a /usr/local/bin/../lib/gcc/msp430/4.7.2/../../../../msp430/lib/mmpy-16/libc.a(strtok.o)

.debug_str      0x00000000      0x4a4
 *(.debug_str)
 .debug_str     0x00000000       0xb3 /usr/local/bin/../lib/gcc/msp430/4.7.2/../../../../msp430/lib/mmpy-16/libc.a(atoi.o)
                                 0xec (size before relaxing)
 .debug_str     0x000000b3       0x40 /usr/local/bin/../lib/gcc/msp430/4.7.2/../../../../msp430/lib/mmpy-16/libc.a(printf.o)
                                0x12a (size before relaxing)
 .debug_str     0x000000f3       0x75 /usr/local/bin/../lib/gcc/msp430/4.7.2/../../../../msp430/lib/mmpy-16/libc.a(sprintf.o)
                                0x18f (size before relaxing)
 .debug_str     0x00000168      0x218 /usr/local/bin/../lib/gcc/msp430/4.7.2/../../../../msp430/lib/mmpy-16/libc.a(vuprintf.o)
                                0x375 (size before relaxing)
 .debug_str     0x00000380       0x1d /usr/local/bin/../lib/gcc/msp430/4.7.2/../../../../msp430/lib/mmpy-16/libc.a(puts.o)
                                 0xef (size before relaxing)
 .debug_str     0x0000039d       0x2f /usr/local/bin/../lib/gcc/msp430/4.7.2/../../../../msp430/lib/mmpy-16/libc.a(rand.o)
                                0x106 (size before relaxing)
 .debug_str     0x000003cc       0x19 /usr/local/bin/../lib/gcc/msp430/4.7.2/../../../../msp430/lib/mmpy-16/libc.a(memcmp.o)
                                 0xf2 (size before relaxing)
 .debug_str     0x000003e5       0x23 /usr/local/bin/../lib/gcc/msp430/4.7.2/../../../../msp430/lib/mmpy-16/libc.a(strcpy.o)
                                 0xf5 (size before relaxing)